Archive member included to satisfy reference by file (symbol)

D:/Application/Work/MSYS2/ucrt64/bin/../lib/gcc/arm-none-eabi/13.3.0/../../../../arm-none-eabi/lib/thumb/v7-m/nofp\libc_nano.a(libc_a-atexit.o)
                              D:/Application/Work/MSYS2/ucrt64/bin/../lib/gcc/arm-none-eabi/13.3.0/../../../../arm-none-eabi/lib/thumb/v7-m/nofp/crt0.o (atexit)
D:/Application/Work/MSYS2/ucrt64/bin/../lib/gcc/arm-none-eabi/13.3.0/../../../../arm-none-eabi/lib/thumb/v7-m/nofp\libc_nano.a(libc_a-exit.o)
                              D:/Application/Work/MSYS2/ucrt64/bin/../lib/gcc/arm-none-eabi/13.3.0/../../../../arm-none-eabi/lib/thumb/v7-m/nofp/crt0.o (exit)
D:/Application/Work/MSYS2/ucrt64/bin/../lib/gcc/arm-none-eabi/13.3.0/../../../../arm-none-eabi/lib/thumb/v7-m/nofp\libc_nano.a(libc_a-nano-vfprintf_float.o)
                              (_printf_float)
D:/Application/Work/MSYS2/ucrt64/bin/../lib/gcc/arm-none-eabi/13.3.0/../../../../arm-none-eabi/lib/thumb/v7-m/nofp\libc_nano.a(libc_a-nano-vfprintf_i.o)
                              D:/Application/Work/MSYS2/ucrt64/bin/../lib/gcc/arm-none-eabi/13.3.0/../../../../arm-none-eabi/lib/thumb/v7-m/nofp\libc_nano.a(libc_a-nano-vfprintf_float.o) (_printf_common)
D:/Application/Work/MSYS2/ucrt64/bin/../lib/gcc/arm-none-eabi/13.3.0/../../../../arm-none-eabi/lib/thumb/v7-m/nofp\libc_nano.a(libc_a-findfp.o)
                              D:/Application/Work/MSYS2/ucrt64/bin/../lib/gcc/arm-none-eabi/13.3.0/../../../../arm-none-eabi/lib/thumb/v7-m/nofp\libc_nano.a(libc_a-exit.o) (__stdio_exit_handler)
D:/Application/Work/MSYS2/ucrt64/bin/../lib/gcc/arm-none-eabi/13.3.0/../../../../arm-none-eabi/lib/thumb/v7-m/nofp\libc_nano.a(libc_a-fwalk.o)
                              D:/Application/Work/MSYS2/ucrt64/bin/../lib/gcc/arm-none-eabi/13.3.0/../../../../arm-none-eabi/lib/thumb/v7-m/nofp\libc_nano.a(libc_a-findfp.o) (_fwalk_sglue)
D:/Application/Work/MSYS2/ucrt64/bin/../lib/gcc/arm-none-eabi/13.3.0/../../../../arm-none-eabi/lib/thumb/v7-m/nofp\libc_nano.a(libc_a-stdio.o)
                              D:/Application/Work/MSYS2/ucrt64/bin/../lib/gcc/arm-none-eabi/13.3.0/../../../../arm-none-eabi/lib/thumb/v7-m/nofp\libc_nano.a(libc_a-findfp.o) (__sread)
D:/Application/Work/MSYS2/ucrt64/bin/../lib/gcc/arm-none-eabi/13.3.0/../../../../arm-none-eabi/lib/thumb/v7-m/nofp\libc_nano.a(libc_a-memset.o)
                              D:/Application/Work/MSYS2/ucrt64/bin/../lib/gcc/arm-none-eabi/13.3.0/../../../../arm-none-eabi/lib/thumb/v7-m/nofp/crt0.o (memset)
D:/Application/Work/MSYS2/ucrt64/bin/../lib/gcc/arm-none-eabi/13.3.0/../../../../arm-none-eabi/lib/thumb/v7-m/nofp\libc_nano.a(libc_a-localeconv.o)
                              D:/Application/Work/MSYS2/ucrt64/bin/../lib/gcc/arm-none-eabi/13.3.0/../../../../arm-none-eabi/lib/thumb/v7-m/nofp\libc_nano.a(libc_a-nano-vfprintf_float.o) (_localeconv_r)
D:/Application/Work/MSYS2/ucrt64/bin/../lib/gcc/arm-none-eabi/13.3.0/../../../../arm-none-eabi/lib/thumb/v7-m/nofp\libc_nano.a(libc_a-closer.o)
                              D:/Application/Work/MSYS2/ucrt64/bin/../lib/gcc/arm-none-eabi/13.3.0/../../../../arm-none-eabi/lib/thumb/v7-m/nofp\libc_nano.a(libc_a-stdio.o) (_close_r)
D:/Application/Work/MSYS2/ucrt64/bin/../lib/gcc/arm-none-eabi/13.3.0/../../../../arm-none-eabi/lib/thumb/v7-m/nofp\libc_nano.a(libc_a-reent.o)
                              D:/Application/Work/MSYS2/ucrt64/bin/../lib/gcc/arm-none-eabi/13.3.0/../../../../arm-none-eabi/lib/thumb/v7-m/nofp\libc_nano.a(libc_a-closer.o) (errno)
D:/Application/Work/MSYS2/ucrt64/bin/../lib/gcc/arm-none-eabi/13.3.0/../../../../arm-none-eabi/lib/thumb/v7-m/nofp\libc_nano.a(libc_a-impure.o)
                              D:/Application/Work/MSYS2/ucrt64/bin/../lib/gcc/arm-none-eabi/13.3.0/../../../../arm-none-eabi/lib/thumb/v7-m/nofp\libc_nano.a(libc_a-reent.o) (_impure_ptr)
D:/Application/Work/MSYS2/ucrt64/bin/../lib/gcc/arm-none-eabi/13.3.0/../../../../arm-none-eabi/lib/thumb/v7-m/nofp\libc_nano.a(libc_a-lseekr.o)
                              D:/Application/Work/MSYS2/ucrt64/bin/../lib/gcc/arm-none-eabi/13.3.0/../../../../arm-none-eabi/lib/thumb/v7-m/nofp\libc_nano.a(libc_a-stdio.o) (_lseek_r)
D:/Application/Work/MSYS2/ucrt64/bin/../lib/gcc/arm-none-eabi/13.3.0/../../../../arm-none-eabi/lib/thumb/v7-m/nofp\libc_nano.a(libc_a-readr.o)
                              D:/Application/Work/MSYS2/ucrt64/bin/../lib/gcc/arm-none-eabi/13.3.0/../../../../arm-none-eabi/lib/thumb/v7-m/nofp\libc_nano.a(libc_a-stdio.o) (_read_r)
D:/Application/Work/MSYS2/ucrt64/bin/../lib/gcc/arm-none-eabi/13.3.0/../../../../arm-none-eabi/lib/thumb/v7-m/nofp\libc_nano.a(libc_a-writer.o)
                              D:/Application/Work/MSYS2/ucrt64/bin/../lib/gcc/arm-none-eabi/13.3.0/../../../../arm-none-eabi/lib/thumb/v7-m/nofp\libc_nano.a(libc_a-stdio.o) (_write_r)
[...]
Memory Configuration

Name             Origin             Length             Attributes
RAM              0x20000000         0x00005000         xrw
FLASH            0x08000000         0x00010000         xr
*default*        0x00000000         0xffffffff

Linker script and memory map

LOAD D:/Application/Work/MSYS2/ucrt64/bin/../lib/gcc/arm-none-eabi/13.3.0/thumb/v7-m/nofp/crti.o
LOAD D:/Application/Work/MSYS2/ucrt64/bin/../lib/gcc/arm-none-eabi/13.3.0/thumb/v7-m/nofp/crtbegin.o
LOAD D:/Application/Work/MSYS2/ucrt64/bin/../lib/gcc/arm-none-eabi/13.3.0/../../../../arm-none-eabi/lib/thumb/v7-m/nofp/crt0.o
LOAD D:/Application/Work/MSYS2/ucrt64/bin/../lib/gcc/arm-none-eabi/13.3.0/../../../../arm-none-eabi/lib/thumb/v7-m/nofp\libc_nano.a
LOAD CMakeFiles/plane_remote_control.dir/Core/Src/main.c.obj
LOAD CMakeFiles/plane_remote_control.dir/Core/Src/gpio.c.obj
LOAD CMakeFiles/plane_remote_control.dir/Core/Src/spi.c.obj
LOAD CMakeFiles/plane_remote_control.dir/Core/Src/stm32f1xx_it.c.obj
LOAD CMakeFiles/plane_remote_control.dir/Core/Src/stm32f1xx_hal_msp.c.obj
LOAD CMakeFiles/plane_remote_control.dir/Core/Src/sysmem.c.obj
LOAD CMakeFiles/plane_remote_control.dir/Core/Src/syscalls.c.obj
LOAD CMakeFiles/plane_remote_control.dir/startup_stm32f103xb.s.obj
LOAD CMakeFiles/plane_remote_control.dir/App/utils/utils.c.obj
LOAD CMakeFiles/plane_remote_control.dir/App/remote/remote.c.obj
LOAD CMakeFiles/plane_remote_control.dir/Bsp/delay/bsp_delay.c.obj
LOAD CMakeFiles/plane_remote_control.dir/Bsp/gpio/bsp_gpio.c.obj
LOAD CMakeFiles/plane_remote_control.dir/Bsp/iic/bsp_iic.c.obj
LOAD CMakeFiles/plane_remote_control.dir/Modules/led/led.c.obj
LOAD CMakeFiles/plane_remote_control.dir/Modules/beep/beep.c.obj
LOAD CMakeFiles/plane_remote_control.dir/Modules/key/key.c.obj
LOAD CMakeFiles/plane_remote_control.dir/Modules/nrf24l01/nrf24l01.c.obj
LOAD cmake/stm32cubemx/CMakeFiles/STM32_Drivers.dir/__/__/Core/Src/system_stm32f1xx.c.obj
LOAD cmake/stm32cubemx/CMakeFiles/STM32_Drivers.dir/__/__/Drivers/STM32F1xx_HAL_Driver/Src/stm32f1xx_hal_gpio_ex.c.obj
LOAD cmake/stm32cubemx/CMakeFiles/STM32_Drivers.dir/__/__/Drivers/STM32F1xx_HAL_Driver/Src/stm32f1xx_hal_spi.c.obj
LOAD cmake/stm32cubemx/CMakeFiles/STM32_Drivers.dir/__/__/Drivers/STM32F1xx_HAL_Driver/Src/stm32f1xx_hal.c.obj
LOAD cmake/stm32cubemx/CMakeFiles/STM32_Drivers.dir/__/__/Drivers/STM32F1xx_HAL_Driver/Src/stm32f1xx_hal_rcc.c.obj
LOAD cmake/stm32cubemx/CMakeFiles/STM32_Drivers.dir/__/__/Drivers/STM32F1xx_HAL_Driver/Src/stm32f1xx_hal_rcc_ex.c.obj
LOAD cmake/stm32cubemx/CMakeFiles/STM32_Drivers.dir/__/__/Drivers/STM32F1xx_HAL_Driver/Src/stm32f1xx_hal_gpio.c.obj
LOAD cmake/stm32cubemx/CMakeFiles/STM32_Drivers.dir/__/__/Drivers/STM32F1xx_HAL_Driver/Src/stm32f1xx_hal_dma.c.obj
LOAD cmake/stm32cubemx/CMakeFiles/STM32_Drivers.dir/__/__/Drivers/STM32F1xx_HAL_Driver/Src/stm32f1xx_hal_cortex.c.obj
LOAD cmake/stm32cubemx/CMakeFiles/STM32_Drivers.dir/__/__/Drivers/STM32F1xx_HAL_Driver/Src/stm32f1xx_hal_pwr.c.obj
LOAD cmake/stm32cubemx/CMakeFiles/STM32_Drivers.dir/__/__/Drivers/STM32F1xx_HAL_Driver/Src/stm32f1xx_hal_flash.c.obj
LOAD cmake/stm32cubemx/CMakeFiles/STM32_Drivers.dir/__/__/Drivers/STM32F1xx_HAL_Driver/Src/stm32f1xx_hal_flash_ex.c.obj
LOAD cmake/stm32cubemx/CMakeFiles/STM32_Drivers.dir/__/__/Drivers/STM32F1xx_HAL_Driver/Src/stm32f1xx_hal_exti.c.obj
LOAD D:/Application/Work/MSYS2/ucrt64/bin/../lib/gcc/arm-none-eabi/13.3.0/../../../../arm-none-eabi/lib/thumb/v7-m/nofp\libm.a
LOAD D:/Application/Work/MSYS2/ucrt64/bin/../lib/gcc/arm-none-eabi/13.3.0/../../../../arm-none-eabi/lib/thumb/v7-m/nofp\libm.a
START GROUP
LOAD D:/Application/Work/MSYS2/ucrt64/bin/../lib/gcc/arm-none-eabi/13.3.0/thumb/v7-m/nofp\libgcc.a
LOAD D:/Application/Work/MSYS2/ucrt64/bin/../lib/gcc/arm-none-eabi/13.3.0/../../../../arm-none-eabi/lib/thumb/v7-m/nofp\libg_nano.a
LOAD D:/Application/Work/MSYS2/ucrt64/bin/../lib/gcc/arm-none-eabi/13.3.0/../../../../arm-none-eabi/lib/thumb/v7-m/nofp\libc_nano.a
END GROUP
START GROUP
LOAD D:/Application/Work/MSYS2/ucrt64/bin/../lib/gcc/arm-none-eabi/13.3.0/thumb/v7-m/nofp\libgcc.a
LOAD D:/Application/Work/MSYS2/ucrt64/bin/../lib/gcc/arm-none-eabi/13.3.0/../../../../arm-none-eabi/lib/thumb/v7-m/nofp\libc_nano.a
END GROUP
LOAD D:/Application/Work/MSYS2/ucrt64/bin/../lib/gcc/arm-none-eabi/13.3.0/thumb/v7-m/nofp/crtend.o
LOAD D:/Application/Work/MSYS2/ucrt64/bin/../lib/gcc/arm-none-eabi/13.3.0/thumb/v7-m/nofp/crtn.o
                0x20005000                        _estack = (ORIGIN (RAM) + LENGTH (RAM))
                0x00000200                        _Min_Heap_Size = 0x200
                0x00000400                        _Min_Stack_Size = 0x400

.isr_vector     0x08000000      0x10c
                0x08000000                        . = ALIGN (0x4)
 *(.isr_vector)
 .isr_vector    0x08000000      0x10c CMakeFiles/plane_remote_control.dir/startup_stm32f103xb.s.obj
                0x08000000                g_pfnVectors
                0x0800010c                        . = ALIGN (0x4)

.text           0x08000110     0x6d94
                0x08000110                        . = ALIGN (0x4)
 *(.text)
 .text          0x08000110      0x6f4 D:/Application/Work/MSYS2/ucrt64/bin/../lib/gcc/arm-none-eabi/13.3.0/../../../../arm-none-eabi/lib/thumb/v7-m/nofp\libc_nano.a(libc_a-nano-vfprintf_float.o)
                0x08000110                __cvt
                0x08000238                __exponent
                0x080002c0                _printf_float
 .text          0x08000804      0x3a8 D:/Application/Work/MSYS2/ucrt64/bin/../lib/gcc/arm-none-eabi/13.3.0/../../../../arm-none-eabi/lib/thumb/v7-m/nofp\libc_nano.a(libc_a-nano-vfprintf_i.o)
                0x08000804                _printf_common
                0x08000928                _printf_i
 .text          0x08000bac      0x2dc D:/Application/Work/MSYS2/ucrt64/bin/../lib/gcc/arm-none-eabi/13.3.0/../../../../arm-none-eabi/lib/thumb/v7-m/nofp\libc_nano.a(libc_a-findfp.o)
                0x08000d28                __sfp
                0x08000de8                __sinit
                0x08000e28                __sfp_lock_acquire
                0x08000e34                __sfp_lock_release
                0x08000e40                __fp_lock_all
                0x08000e64                __fp_unlock_all
 .text          0x08000e88       0x44 D:/Application/Work/MSYS2/ucrt64/bin/../lib/gcc/arm-none-eabi/13.3.0/../../../../arm-none-eabi/lib/thumb/v7-m/nofp\libc_nano.a(libc_a-fwalk.o)
                0x08000e88                _fwalk_sglue
 .text          0x08000ecc       0x94 D:/Application/Work/MSYS2/ucrt64/bin/../lib/gcc/arm-none-eabi/13.3.0/../../../../arm-none-eabi/lib/thumb/v7-m/nofp\libc_nano.a(libc_a-stdio.o)
                0x08000ecc                __sread
                0x08000ef0                __seofread
                0x08000ef4                __swrite
                0x08000f34                __sseek
                0x08000f58                __sclose
 .text          0x08000f60       0xa0 D:/Application/Work/MSYS2/ucrt64/bin/../lib/gcc/arm-none-eabi/13.3.0/../../../../arm-none-eabi/lib/thumb/v7-m/nofp\libc_nano.a(libc_a-memset.o)
                0x08000f60                memset
 .text          0x08001000       0x14 D:/Application/Work/MSYS2/ucrt64/bin/../lib/gcc/arm-none-eabi/13.3.0/../../../../arm-none-eabi/lib/thumb/v7-m/nofp\libc_nano.a(libc_a-localeconv.o)
                0x08001000                __localeconv_l
                0x08001004                _localeconv_r
                0x0800100c                localeconv
 .text          0x08001014       0x24 D:/Application/Work/MSYS2/ucrt64/bin/../lib/gcc/arm-none-eabi/13.3.0/../../../../arm-none-eabi/lib/thumb/v7-m/nofp\libc_nano.a(libc_a-closer.o)
                0x08001014                _close_r
 .text          0x08001038       0x2c D:/Application/Work/MSYS2/ucrt64/bin/../lib/gcc/arm-none-eabi/13.3.0/../../../../arm-none-eabi/lib/thumb/v7-m/nofp\libc_nano.a(libc_a-lseekr.o)
                0x08001038                _lseek_r
 .text          0x08001064       0x2c D:/Application/Work/MSYS2/ucrt64/bin/../lib/gcc/arm-none-eabi/13.3.0/../../../../arm-none-eabi/lib/thumb/v7-m/nofp\libc_nano.a(libc_a-readr.o)
                0x08001064                _read_r
 .text          0x08001090       0x2c D:/Application/Work/MSYS2/ucrt64/bin/../lib/gcc/arm-none-eabi/13.3.0/../../../../arm-none-eabi/lib/thumb/v7-m/nofp\libc_nano.a(libc_a-writer.o)
                0x08001090                _write_r
 .text          0x080010bc       0x50 D:/Application/Work/MSYS2/ucrt64/bin/../lib/gcc/arm-none-eabi/13.3.0/../../../../arm-none-eabi/lib/thumb/v7-m/nofp\libc_nano.a(libc_a-init.o)
                0x080010bc                __libc_init_array
 .text          0x0800110c       0x28 D:/Application/Work/MSYS2/ucrt64/bin/../lib/gcc/arm-none-eabi/13.3.0/../../../../arm-none-eabi/lib/thumb/v7-m/nofp\libc_nano.a(libc_a-lock.o)
                0x0800110c                __retarget_lock_init
                0x08001110                __retarget_lock_init_recursive
                0x08001114                __retarget_lock_close
                0x08001118                __retarget_lock_close_recursive
                0x0800111c                __retarget_lock_acquire
                0x08001120                __retarget_lock_acquire_recursive
                0x08001124                __retarget_lock_try_acquire
                0x08001128                __retarget_lock_try_acquire_recursive
                0x0800112c                __retarget_lock_release
                0x08001130                __retarget_lock_release_recursive
 .text          0x08001134       0x98 D:/Application/Work/MSYS2/ucrt64/bin/../lib/gcc/arm-none-eabi/13.3.0/../../../../arm-none-eabi/lib/thumb/v7-m/nofp\libc_nano.a(libc_a-memchr-stub.o)
                0x08001134                memchr
 .text          0x080011cc       0x5c D:/Application/Work/MSYS2/ucrt64/bin/../lib/gcc/arm-none-eabi/13.3.0/../../../../arm-none-eabi/lib/thumb/v7-m/nofp\libc_nano.a(libc_a-strlen-stub.o)
                0x080011cc                strlen
 .text          0x08001228      0xff0 D:/Application/Work/MSYS2/ucrt64/bin/../lib/gcc/arm-none-eabi/13.3.0/../../../../arm-none-eabi/lib/thumb/v7-m/nofp\libc_nano.a(libc_a-dtoa.o)
                0x08001364                _dtoa_r
 .text          0x08002218       0xbc D:/Application/Work/MSYS2/ucrt64/bin/../lib/gcc/arm-none-eabi/13.3.0/../../../../arm-none-eabi/lib/thumb/v7-m/nofp\libc_nano.a(libc_a-freer.o)
                0x08002218                _free_r
 .text          0x080022d4       0x20 D:/Application/Work/MSYS2/ucrt64/bin/../lib/gcc/arm-none-eabi/13.3.0/../../../../arm-none-eabi/lib/thumb/v7-m/nofp\libc_nano.a(libc_a-malloc.o)
                0x080022d4                malloc
                0x080022e4                free
 .text          0x080022f4      0x14c D:/Application/Work/MSYS2/ucrt64/bin/../lib/gcc/arm-none-eabi/13.3.0/../../../../arm-none-eabi/lib/thumb/v7-m/nofp\libc_nano.a(libc_a-mallocr.o)
                0x08002340                _malloc_r
 .text          0x08002440       0x18 D:/Application/Work/MSYS2/ucrt64/bin/../lib/gcc/arm-none-eabi/13.3.0/../../../../arm-none-eabi/lib/thumb/v7-m/nofp\libc_nano.a(libc_a-mlock.o)
                0x08002440                __malloc_lock
                0x0800244c                __malloc_unlock
 .text          0x08002458      0xad0 D:/Application/Work/MSYS2/ucrt64/bin/../lib/gcc/arm-none-eabi/13.3.0/../../../../arm-none-eabi/lib/thumb/v7-m/nofp\libc_nano.a(libc_a-mprec.o)
                0x08002458                _Balloc
                0x080024d8                _Bfree
                0x08002520                __multadd
                0x080025bc                __s2b
                0x0800266c                __hi0bits
                0x080026b0                __lo0bits
                0x0800270c                __i2b
                0x08002738                __multiply
                0x0800289c                __pow5mult
                0x0800297c                __lshift
                0x08002a64                __mcmp
                0x08002aa4                __mdiff
                0x08002c1c                __ulp
                0x08002c6c                __b2d
                0x08002d20                __d2b
                0x08002ddc                __ratio
                0x08002e38                _mprec_log10
                0x08002e70                __copybits
                0x08002ed0                __any_on
 .text          0x08002f28      0x194 D:/Application/Work/MSYS2/ucrt64/bin/../lib/gcc/arm-none-eabi/13.3.0/../../../../arm-none-eabi/lib/thumb/v7-m/nofp\libc_nano.a(libc_a-fflush.o)
                0x08002f28                __sflush_r
                0x0800303c                _fflush_r
                0x08003094                fflush
 .text          0x080030bc       0x24 D:/Application/Work/MSYS2/ucrt64/bin/../lib/gcc/arm-none-eabi/13.3.0/../../../../arm-none-eabi/lib/thumb/v7-m/nofp\libc_nano.a(libc_a-sbrkr.o)
                0x080030bc                _sbrk_r
 .text          0x080030e0       0xec D:/Application/Work/MSYS2/ucrt64/bin/../lib/gcc/arm-none-eabi/13.3.0/../../../../arm-none-eabi/lib/thumb/v7-m/nofp\libc_nano.a(libc_a-memcpy.o)
                0x080030e0                memcpy
 .text          0x080031cc       0x4c D:/Application/Work/MSYS2/ucrt64/bin/../lib/gcc/arm-none-eabi/13.3.0/../../../../arm-none-eabi/lib/thumb/v7-m/nofp\libc_nano.a(libc_a-assert.o)
                0x080031cc                __assert_func
                0x0800320c                __assert
 .text          0x08003218       0x28 D:/Application/Work/MSYS2/ucrt64/bin/../lib/gcc/arm-none-eabi/13.3.0/../../../../arm-none-eabi/lib/thumb/v7-m/nofp\libc_nano.a(libc_a-callocr.o)
                0x08003218                _calloc_r
 .text          0x08003240       0x40 D:/Application/Work/MSYS2/ucrt64/bin/../lib/gcc/arm-none-eabi/13.3.0/../../../../arm-none-eabi/lib/thumb/v7-m/nofp\libc_nano.a(libc_a-mbtowc_r.o)
                0x08003240                _mbtowc_r
                0x08003254                __ascii_mbtowc
 .text          0x08003280       0x30 D:/Application/Work/MSYS2/ucrt64/bin/../lib/gcc/arm-none-eabi/13.3.0/../../../../arm-none-eabi/lib/thumb/v7-m/nofp\libc_nano.a(libc_a-wctomb_r.o)
                0x08003280                _wctomb_r
                0x08003294                __ascii_wctomb
 .text          0x080032b0       0x44 D:/Application/Work/MSYS2/ucrt64/bin/../lib/gcc/arm-none-eabi/13.3.0/../../../../arm-none-eabi/lib/thumb/v7-m/nofp\libc_nano.a(libc_a-fprintf.o)
                0x080032b0                _fprintf_r
                0x080032b0                _fiprintf_r
                0x080032cc                fiprintf
                0x080032cc                fprintf
 .text          0x080032f4       0x10 D:/Application/Work/MSYS2/ucrt64/bin/../lib/gcc/arm-none-eabi/13.3.0/../../../../arm-none-eabi/lib/thumb/v7-m/nofp\libc_nano.a(libc_a-abort.o)
                0x080032f4                abort
 .text          0x08003304      0x348 D:/Application/Work/MSYS2/ucrt64/bin/../lib/gcc/arm-none-eabi/13.3.0/../../../../arm-none-eabi/lib/thumb/v7-m/nofp\libc_nano.a(libc_a-nano-vfprintf.o)
                0x0800332c                __sfputs_r
                0x0800335c                __sprint_r
                0x0800337c                _vfiprintf_r
                0x0800337c                _vfprintf_r
                0x08003630                vfprintf
                0x08003630                vfiprintf
 .text          0x0800364c      0x2ec D:/Application/Work/MSYS2/ucrt64/bin/../lib/gcc/arm-none-eabi/13.3.0/../../../../arm-none-eabi/lib/thumb/v7-m/nofp\libc_nano.a(libc_a-fvwrite.o)
                0x0800364c                __sfvwrite_r
 .text          0x08003938       0x9c D:/Application/Work/MSYS2/ucrt64/bin/../lib/gcc/arm-none-eabi/13.3.0/../../../../arm-none-eabi/lib/thumb/v7-m/nofp\libc_nano.a(libc_a-wbuf.o)
                0x08003938                __swbuf_r
                0x080039c0                __swbuf
 .text          0x080039d4       0xc4 D:/Application/Work/MSYS2/ucrt64/bin/../lib/gcc/arm-none-eabi/13.3.0/../../../../arm-none-eabi/lib/thumb/v7-m/nofp\libc_nano.a(libc_a-wsetup.o)
                0x080039d4                __swsetup_r
 .text          0x08003a98       0xfc D:/Application/Work/MSYS2/ucrt64/bin/../lib/gcc/arm-none-eabi/13.3.0/../../../../arm-none-eabi/lib/thumb/v7-m/nofp\libc_nano.a(libc_a-memmove.o)
                0x08003a98                memmove
 .text          0x08003b94      0x264 D:/Application/Work/MSYS2/ucrt64/bin/../lib/gcc/arm-none-eabi/13.3.0/../../../../arm-none-eabi/lib/thumb/v7-m/nofp\libc_nano.a(libc_a-signal.o)
                0x08003b94                _init_signal_r
                0x08003bc0                _signal_r
                0x08003c0c                _raise_r
                0x08003c5c                __sigtramp_r
                0x08003cc0                raise
                0x08003d14                signal
                0x08003d60                _init_signal
                0x08003d94                __sigtramp
 .text          0x08003df8       0x2c D:/Application/Work/MSYS2/ucrt64/bin/../lib/gcc/arm-none-eabi/13.3.0/../../../../arm-none-eabi/lib/thumb/v7-m/nofp\libc_nano.a(libc_a-signalr.o)
                0x08003df8                _kill_r
                0x08003e20                _getpid_r
 .text          0x08003e24       0x64 D:/Application/Work/MSYS2/ucrt64/bin/../lib/gcc/arm-none-eabi/13.3.0/../../../../arm-none-eabi/lib/thumb/v7-m/nofp\libc_nano.a(libc_a-reallocr.o)
                0x08003e24                _realloc_r
 .text          0x08003e88      0x110 D:/Application/Work/MSYS2/ucrt64/bin/../lib/gcc/arm-none-eabi/13.3.0/../../../../arm-none-eabi/lib/thumb/v7-m/nofp\libc_nano.a(libc_a-makebuf.o)
                0x08003e88                __smakebuf_r
                0x08003f4c                __swhatbuf_r
 .text          0x08003f98       0x28 D:/Application/Work/MSYS2/ucrt64/bin/../lib/gcc/arm-none-eabi/13.3.0/../../../../arm-none-eabi/lib/thumb/v7-m/nofp\libc_nano.a(libc_a-fstatr.o)
                0x08003f98                _fstat_r
 .text          0x08003fc0       0x24 D:/Application/Work/MSYS2/ucrt64/bin/../lib/gcc/arm-none-eabi/13.3.0/../../../../arm-none-eabi/lib/thumb/v7-m/nofp\libc_nano.a(libc_a-isattyr.o)
                0x08003fc0                _isatty_r
 .text          0x08003fe4       0x10 D:/Application/Work/MSYS2/ucrt64/bin/../lib/gcc/arm-none-eabi/13.3.0/../../../../arm-none-eabi/lib/thumb/v7-m/nofp\libc_nano.a(libc_a-msizer.o)
                0x08003fe4                _malloc_usable_size_r
 .text          0x08003ff4      0x378 D:/Application/Work/MSYS2/ucrt64/bin/../lib/gcc/arm-none-eabi/13.3.0/thumb/v7-m/nofp\libgcc.a(_arm_addsubdf3.o)
                0x08003ff4                __aeabi_drsub
                0x08003ffc                __aeabi_dsub
                0x08003ffc                __subdf3
                0x08004000                __aeabi_dadd
                0x08004000                __adddf3
                0x08004278                __floatunsidf
                0x08004278                __aeabi_ui2d
                0x08004298                __floatsidf
                0x08004298                __aeabi_i2d
                0x080042bc                __aeabi_f2d
                0x080042bc                __extendsfdf2
                0x08004300                __floatundidf
                0x08004300                __aeabi_ul2d
                0x08004310                __floatdidf
                0x08004310                __aeabi_l2d
 .text          0x0800436c      0x424 D:/Application/Work/MSYS2/ucrt64/bin/../lib/gcc/arm-none-eabi/13.3.0/thumb/v7-m/nofp\libgcc.a(_arm_muldivdf3.o)
                0x0800436c                __aeabi_dmul
                0x0800436c                __muldf3
                0x080045c0                __divdf3
                0x080045c0                __aeabi_ddiv
 .text          0x08004790      0x110 D:/Application/Work/MSYS2/ucrt64/bin/../lib/gcc/arm-none-eabi/13.3.0/thumb/v7-m/nofp\libgcc.a(_arm_cmpdf2.o)
                0x08004790                __gtdf2
                0x08004790                __gedf2
                0x08004798                __ltdf2
                0x08004798                __ledf2
                0x080047a0                __nedf2
                0x080047a0                __eqdf2
                0x080047a0                __cmpdf2
                0x0800481c                __aeabi_cdrcmple
                0x0800482c                __aeabi_cdcmpeq
                0x0800482c                __aeabi_cdcmple
                0x0800483c                __aeabi_dcmpeq
                0x08004850                __aeabi_dcmplt
                0x08004864                __aeabi_dcmple
                0x08004878                __aeabi_dcmpge
                0x0800488c                __aeabi_dcmpgt
 .text          0x080048a0       0x2c D:/Application/Work/MSYS2/ucrt64/bin/../lib/gcc/arm-none-eabi/13.3.0/thumb/v7-m/nofp\libgcc.a(_arm_unorddf2.o)
                0x080048a0                __unorddf2
                0x080048a0                __aeabi_dcmpun
 .text          0x080048cc       0x50 D:/Application/Work/MSYS2/ucrt64/bin/../lib/gcc/arm-none-eabi/13.3.0/thumb/v7-m/nofp\libgcc.a(_arm_fixdfsi.o)
                0x080048cc                __aeabi_d2iz
                0x080048cc                __fixdfsi
 .text          0x0800491c        0xc D:/Application/Work/MSYS2/ucrt64/bin/../lib/gcc/arm-none-eabi/13.3.0/../../../../arm-none-eabi/lib/thumb/v7-m/nofp\libg_nano.a(libc_a-errno.o)
                0x0800491c                __errno
 *(.text*)
 .text.__do_global_dtors_aux
                0x08004928       0x24 D:/Application/Work/MSYS2/ucrt64/bin/../lib/gcc/arm-none-eabi/13.3.0/thumb/v7-m/nofp/crtbegin.o
 .text.frame_dummy
                0x0800494c       0x1c D:/Application/Work/MSYS2/ucrt64/bin/../lib/gcc/arm-none-eabi/13.3.0/thumb/v7-m/nofp/crtbegin.o
 .text.main     0x08004968       0x2a CMakeFiles/plane_remote_control.dir/Core/Src/main.c.obj
                0x08004968                main
 .text.SystemClock_Config
                0x08004992       0x8a CMakeFiles/plane_remote_control.dir/Core/Src/main.c.obj
                0x08004992                SystemClock_Config
 .text.Error_Handler
                0x08004a1c        0xc CMakeFiles/plane_remote_control.dir/Core/Src/main.c.obj
                0x08004a1c                Error_Handler
 .text.MX_GPIO_Init
                0x08004a28      0x114 CMakeFiles/plane_remote_control.dir/Core/Src/gpio.c.obj
                0x08004a28                MX_GPIO_Init
 .text.MX_SPI1_Init
                0x08004b3c       0x6c CMakeFiles/plane_remote_control.dir/Core/Src/spi.c.obj
                0x08004b3c                MX_SPI1_Init
 .text.HAL_SPI_MspInit
                0x08004ba8       0x94 CMakeFiles/plane_remote_control.dir/Core/Src/spi.c.obj
                0x08004ba8                HAL_SPI_MspInit
 .text.NMI_Handler
                0x08004c3c        0x8 CMakeFiles/plane_remote_control.dir/Core/Src/stm32f1xx_it.c.obj
                0x08004c3c                NMI_Handler
 .text.HardFault_Handler
                0x08004c44        0x8 CMakeFiles/plane_remote_control.dir/Core/Src/stm32f1xx_it.c.obj
                0x08004c44                HardFault_Handler
 .text.MemManage_Handler
                0x08004c4c        0x8 CMakeFiles/plane_remote_control.dir/Core/Src/stm32f1xx_it.c.obj
                0x08004c4c                MemManage_Handler
 .text.BusFault_Handler
                0x08004c54        0x8 CMakeFiles/plane_remote_control.dir/Core/Src/stm32f1xx_it.c.obj
                0x08004c54                BusFault_Handler
 .text.UsageFault_Handler
                0x08004c5c        0x8 CMakeFiles/plane_remote_control.dir/Core/Src/stm32f1xx_it.c.obj
                0x08004c5c                UsageFault_Handler
 .text.SVC_Handler
                0x08004c64        0xc CMakeFiles/plane_remote_control.dir/Core/Src/stm32f1xx_it.c.obj
                0x08004c64                SVC_Handler
 .text.DebugMon_Handler
                0x08004c70        0xc CMakeFiles/plane_remote_control.dir/Core/Src/stm32f1xx_it.c.obj
                0x08004c70                DebugMon_Handler
 .text.PendSV_Handler
                0x08004c7c        0xc CMakeFiles/plane_remote_control.dir/Core/Src/stm32f1xx_it.c.obj
                0x08004c7c                PendSV_Handler
 .text.SysTick_Handler
                0x08004c88        0xc CMakeFiles/plane_remote_control.dir/Core/Src/stm32f1xx_it.c.obj
                0x08004c88                SysTick_Handler
 .text.HAL_MspInit
                0x08004c94       0x64 CMakeFiles/plane_remote_control.dir/Core/Src/stm32f1xx_hal_msp.c.obj
                0x08004c94                HAL_MspInit
 .text._sbrk    0x08004cf8       0x6c CMakeFiles/plane_remote_control.dir/Core/Src/sysmem.c.obj
                0x08004cf8                _sbrk
 .text._getpid  0x08004d64        0xe CMakeFiles/plane_remote_control.dir/Core/Src/syscalls.c.obj
                0x08004d64                _getpid
 .text._kill    0x08004d72       0x20 CMakeFiles/plane_remote_control.dir/Core/Src/syscalls.c.obj
                0x08004d72                _kill
 .text._exit    0x08004d92       0x16 CMakeFiles/plane_remote_control.dir/Core/Src/syscalls.c.obj
                0x08004d92                _exit
 .text._read    0x08004da8       0x3a CMakeFiles/plane_remote_control.dir/Core/Src/syscalls.c.obj
                0x08004da8                _read
 .text._write   0x08004de2       0x38 CMakeFiles/plane_remote_control.dir/Core/Src/syscalls.c.obj
                0x08004de2                _write
 .text._close   0x08004e1a       0x16 CMakeFiles/plane_remote_control.dir/Core/Src/syscalls.c.obj
                0x08004e1a                _close
 .text._fstat   0x08004e30       0x1e CMakeFiles/plane_remote_control.dir/Core/Src/syscalls.c.obj
                0x08004e30                _fstat
 .text._isatty  0x08004e4e       0x14 CMakeFiles/plane_remote_control.dir/Core/Src/syscalls.c.obj
                0x08004e4e                _isatty
 .text._lseek   0x08004e62       0x18 CMakeFiles/plane_remote_control.dir/Core/Src/syscalls.c.obj
                0x08004e62                _lseek
 *fill*         0x08004e7a        0x2 
 .text.Reset_Handler
                0x08004e7c       0x48 CMakeFiles/plane_remote_control.dir/startup_stm32f103xb.s.obj
                0x08004e7c                Reset_Handler
 .text.Default_Handler
                0x08004ec4        0x2 CMakeFiles/plane_remote_control.dir/startup_stm32f103xb.s.obj
                0x08004ec4                RTC_Alarm_IRQHandler
                0x08004ec4                EXTI2_IRQHandler
                0x08004ec4                TIM1_CC_IRQHandler
                0x08004ec4                PVD_IRQHandler
                0x08004ec4                EXTI3_IRQHandler
                0x08004ec4                EXTI0_IRQHandler
                0x08004ec4                I2C2_EV_IRQHandler
                0x08004ec4                ADC1_2_IRQHandler
                0x08004ec4                SPI1_IRQHandler
                0x08004ec4                TAMPER_IRQHandler
                0x08004ec4                DMA1_Channel4_IRQHandler
                0x08004ec4                USART3_IRQHandler
                0x08004ec4                RTC_IRQHandler
                0x08004ec4                DMA1_Channel7_IRQHandler
                0x08004ec4                CAN1_RX1_IRQHandler
                0x08004ec4                TIM4_IRQHandler
                0x08004ec4                I2C1_EV_IRQHandler
                0x08004ec4                DMA1_Channel6_IRQHandler
                0x08004ec4                TIM3_IRQHandler
                0x08004ec4                RCC_IRQHandler
                0x08004ec4                TIM1_TRG_COM_IRQHandler
                0x08004ec4                DMA1_Channel1_IRQHandler
                0x08004ec4                Default_Handler
                0x08004ec4                EXTI15_10_IRQHandler
                0x08004ec4                EXTI9_5_IRQHandler
                0x08004ec4                SPI2_IRQHandler
                0x08004ec4                DMA1_Channel5_IRQHandler
                0x08004ec4                EXTI4_IRQHandler
                0x08004ec4                USB_LP_CAN1_RX0_IRQHandler
                0x08004ec4                USB_HP_CAN1_TX_IRQHandler
                0x08004ec4                DMA1_Channel3_IRQHandler
                0x08004ec4                TIM1_UP_IRQHandler
                0x08004ec4                WWDG_IRQHandler
                0x08004ec4                TIM2_IRQHandler
                0x08004ec4                TIM1_BRK_IRQHandler
                0x08004ec4                EXTI1_IRQHandler
                0x08004ec4                USART2_IRQHandler
                0x08004ec4                I2C2_ER_IRQHandler
                0x08004ec4                DMA1_Channel2_IRQHandler
                0x08004ec4                CAN1_SCE_IRQHandler
                0x08004ec4                FLASH_IRQHandler
                0x08004ec4                USART1_IRQHandler
                0x08004ec4                I2C1_ER_IRQHandler
                0x08004ec4                USBWakeUp_IRQHandler
 .text.System_Init
                0x08004ec6       0x1e CMakeFiles/plane_remote_control.dir/App/utils/utils.c.obj
                0x08004ec6                System_Init
 .text.Key_Test_Function
                0x08004ee4       0x5c CMakeFiles/plane_remote_control.dir/App/utils/utils.c.obj
                0x08004ee4                Key_Test_Function
 .text.Calculate_Checksum
                0x08004f40       0x3c CMakeFiles/plane_remote_control.dir/App/remote/remote.c.obj
 .text.Pack_Remote_Data
                0x08004f7c       0x74 CMakeFiles/plane_remote_control.dir/App/remote/remote.c.obj
 .text.Remote_Send_Task
                0x08004ff0       0xa8 CMakeFiles/plane_remote_control.dir/App/remote/remote.c.obj
                0x08004ff0                Remote_Send_Task
 .text.GPIO_SetClock
                0x08005098       0xe0 CMakeFiles/plane_remote_control.dir/Bsp/gpio/bsp_gpio.c.obj
                0x08005098                GPIO_SetClock
 .text.GPIO_Output
                0x08005178       0x4a CMakeFiles/plane_remote_control.dir/Bsp/gpio/bsp_gpio.c.obj
                0x08005178                GPIO_Output
 .text.GPIO_Input
                0x080051c2       0x4a CMakeFiles/plane_remote_control.dir/Bsp/gpio/bsp_gpio.c.obj
                0x080051c2                GPIO_Input
 .text.UpdatePinLevel
                0x0800520c       0x4c CMakeFiles/plane_remote_control.dir/Modules/led/led.c.obj
 .text.SetLedMode
                0x08005258       0xa4 CMakeFiles/plane_remote_control.dir/Modules/led/led.c.obj
                0x08005258                SetLedMode
 .text.Led_Init
                0x080052fc       0x54 CMakeFiles/plane_remote_control.dir/Modules/led/led.c.obj
 .text.LedDevice_Init
                0x08005350       0x40 CMakeFiles/plane_remote_control.dir/Modules/led/led.c.obj
                0x08005350                LedDevice_Init
 .text.UpdateBeepPinLevel
                0x08005390       0x60 CMakeFiles/plane_remote_control.dir/Modules/beep/beep.c.obj
 .text.SetBeepMode
                0x080053f0       0xa4 CMakeFiles/plane_remote_control.dir/Modules/beep/beep.c.obj
                0x080053f0                SetBeepMode
 .text.Beep_Init
                0x08005494       0x54 CMakeFiles/plane_remote_control.dir/Modules/beep/beep.c.obj
 .text.BeepDeviceInit
                0x080054e8       0x2c CMakeFiles/plane_remote_control.dir/Modules/beep/beep.c.obj
                0x080054e8                BeepDeviceInit
 .text.GetKeyState
                0x08005514       0x44 CMakeFiles/plane_remote_control.dir/Modules/key/key.c.obj
 .text.Key_Init
                0x08005558       0x60 CMakeFiles/plane_remote_control.dir/Modules/key/key.c.obj
 .text.Key_GetNum
                0x080055b8       0x64 CMakeFiles/plane_remote_control.dir/Modules/key/key.c.obj
                0x080055b8                Key_GetNum
 .text.KeyDeviceInit
                0x0800561c      0x160 CMakeFiles/plane_remote_control.dir/Modules/key/key.c.obj
                0x0800561c                KeyDeviceInit
 .text.SPI_Transmit_One_Byte
                0x0800577c       0x38 CMakeFiles/plane_remote_control.dir/Modules/nrf24l01/nrf24l01.c.obj
 .text.NRF24L01_Write_Reg
                0x080057b4       0x48 CMakeFiles/plane_remote_control.dir/Modules/nrf24l01/nrf24l01.c.obj
                0x080057b4                NRF24L01_Write_Reg
 .text.NRF24L01_Read_Reg
                0x080057fc       0x40 CMakeFiles/plane_remote_control.dir/Modules/nrf24l01/nrf24l01.c.obj
                0x080057fc                NRF24L01_Read_Reg
 .text.NRF24L01_Read_Buf
                0x0800583c       0x64 CMakeFiles/plane_remote_control.dir/Modules/nrf24l01/nrf24l01.c.obj
                0x0800583c                NRF24L01_Read_Buf
 .text.NRF24L01_Write_Buf
                0x080058a0       0x60 CMakeFiles/plane_remote_control.dir/Modules/nrf24l01/nrf24l01.c.obj
                0x080058a0                NRF24L01_Write_Buf
 .text.NRF24L01_TxPacket
                0x08005900       0x78 CMakeFiles/plane_remote_control.dir/Modules/nrf24l01/nrf24l01.c.obj
                0x08005900                NRF24L01_TxPacket
 .text.NRF24L01_TX_Mode
                0x08005978       0x70 CMakeFiles/plane_remote_control.dir/Modules/nrf24l01/nrf24l01.c.obj
                0x08005978                NRF24L01_TX_Mode
 .text.NRF24L01_Check
                0x080059e8       0x64 CMakeFiles/plane_remote_control.dir/Modules/nrf24l01/nrf24l01.c.obj
                0x080059e8                NRF24L01_Check
 .text.NRF24L01_Init
                0x08005a4c       0x3e CMakeFiles/plane_remote_control.dir/Modules/nrf24l01/nrf24l01.c.obj
                0x08005a4c                NRF24L01_Init
 .text.SystemInit
                0x08005a8a        0xc cmake/stm32cubemx/CMakeFiles/STM32_Drivers.dir/__/__/Core/Src/system_stm32f1xx.c.obj
                0x08005a8a                SystemInit
 .text.HAL_SPI_Init
                0x08005a96      0x108 cmake/stm32cubemx/CMakeFiles/STM32_Drivers.dir/__/__/Drivers/STM32F1xx_HAL_Driver/Src/stm32f1xx_hal_spi.c.obj
                0x08005a96                HAL_SPI_Init
 .text.HAL_SPI_TransmitReceive
                0x08005b9e      0x352 cmake/stm32cubemx/CMakeFiles/STM32_Drivers.dir/__/__/Drivers/STM32F1xx_HAL_Driver/Src/stm32f1xx_hal_spi.c.obj
                0x08005b9e                HAL_SPI_TransmitReceive
 .text.SPI_WaitFlagStateUntilTimeout
                0x08005ef0      0x110 cmake/stm32cubemx/CMakeFiles/STM32_Drivers.dir/__/__/Drivers/STM32F1xx_HAL_Driver/Src/stm32f1xx_hal_spi.c.obj
 .text.SPI_EndRxTxTransaction
                0x08006000       0x62 cmake/stm32cubemx/CMakeFiles/STM32_Drivers.dir/__/__/Drivers/STM32F1xx_HAL_Driver/Src/stm32f1xx_hal_spi.c.obj
 *fill*         0x08006062        0x2 
 .text.HAL_Init
                0x08006064       0x2c cmake/stm32cubemx/CMakeFiles/STM32_Drivers.dir/__/__/Drivers/STM32F1xx_HAL_Driver/Src/stm32f1xx_hal.c.obj
                0x08006064                HAL_Init
 .text.HAL_InitTick
                0x08006090       0x60 cmake/stm32cubemx/CMakeFiles/STM32_Drivers.dir/__/__/Drivers/STM32F1xx_HAL_Driver/Src/stm32f1xx_hal.c.obj
                0x08006090                HAL_InitTick
 .text.HAL_IncTick
                0x080060f0       0x24 cmake/stm32cubemx/CMakeFiles/STM32_Drivers.dir/__/__/Drivers/STM32F1xx_HAL_Driver/Src/stm32f1xx_hal.c.obj
                0x080060f0                HAL_IncTick
 .text.HAL_GetTick
                0x08006114       0x14 cmake/stm32cubemx/CMakeFiles/STM32_Drivers.dir/__/__/Drivers/STM32F1xx_HAL_Driver/Src/stm32f1xx_hal.c.obj
                0x08006114                HAL_GetTick
 .text.HAL_Delay
                0x08006128       0x48 cmake/stm32cubemx/CMakeFiles/STM32_Drivers.dir/__/__/Drivers/STM32F1xx_HAL_Driver/Src/stm32f1xx_hal.c.obj
                0x08006128                HAL_Delay
 .text.HAL_RCC_OscConfig
                0x08006170      0x504 cmake/stm32cubemx/CMakeFiles/STM32_Drivers.dir/__/__/Drivers/STM32F1xx_HAL_Driver/Src/stm32f1xx_hal_rcc.c.obj
                0x08006170                HAL_RCC_OscConfig
 .text.HAL_RCC_ClockConfig
                0x08006674      0x1d4 cmake/stm32cubemx/CMakeFiles/STM32_Drivers.dir/__/__/Drivers/STM32F1xx_HAL_Driver/Src/stm32f1xx_hal_rcc.c.obj
                0x08006674                HAL_RCC_ClockConfig
 .text.HAL_RCC_GetSysClockFreq
                0x08006848       0xa8 cmake/stm32cubemx/CMakeFiles/STM32_Drivers.dir/__/__/Drivers/STM32F1xx_HAL_Driver/Src/stm32f1xx_hal_rcc.c.obj
                0x08006848                HAL_RCC_GetSysClockFreq
 .text.RCC_Delay
                0x080068f0       0x3c cmake/stm32cubemx/CMakeFiles/STM32_Drivers.dir/__/__/Drivers/STM32F1xx_HAL_Driver/Src/stm32f1xx_hal_rcc.c.obj
 .text.HAL_GPIO_Init
                0x0800692c      0x308 cmake/stm32cubemx/CMakeFiles/STM32_Drivers.dir/__/__/Drivers/STM32F1xx_HAL_Driver/Src/stm32f1xx_hal_gpio.c.obj
                0x0800692c                HAL_GPIO_Init
 .text.HAL_GPIO_ReadPin
                0x08006c34       0x2e cmake/stm32cubemx/CMakeFiles/STM32_Drivers.dir/__/__/Drivers/STM32F1xx_HAL_Driver/Src/stm32f1xx_hal_gpio.c.obj
                0x08006c34                HAL_GPIO_ReadPin
 .text.HAL_GPIO_WritePin
                0x08006c62       0x30 cmake/stm32cubemx/CMakeFiles/STM32_Drivers.dir/__/__/Drivers/STM32F1xx_HAL_Driver/Src/stm32f1xx_hal_gpio.c.obj
                0x08006c62                HAL_GPIO_WritePin
 .text.HAL_GPIO_TogglePin
                0x08006c92       0x32 cmake/stm32cubemx/CMakeFiles/STM32_Drivers.dir/__/__/Drivers/STM32F1xx_HAL_Driver/Src/stm32f1xx_hal_gpio.c.obj
                0x08006c92                HAL_GPIO_TogglePin
 .text.__NVIC_SetPriorityGrouping
                0x08006cc4       0x48 cmake/stm32cubemx/CMakeFiles/STM32_Drivers.dir/__/__/Drivers/STM32F1xx_HAL_Driver/Src/stm32f1xx_hal_cortex.c.obj
 .text.__NVIC_GetPriorityGrouping
                0x08006d0c       0x1c cmake/stm32cubemx/CMakeFiles/STM32_Drivers.dir/__/__/Drivers/STM32F1xx_HAL_Driver/Src/stm32f1xx_hal_cortex.c.obj
 .text.__NVIC_SetPriority
                0x08006d28       0x54 cmake/stm32cubemx/CMakeFiles/STM32_Drivers.dir/__/__/Drivers/STM32F1xx_HAL_Driver/Src/stm32f1xx_hal_cortex.c.obj
 .text.NVIC_EncodePriority
                0x08006d7c       0x64 cmake/stm32cubemx/CMakeFiles/STM32_Drivers.dir/__/__/Drivers/STM32F1xx_HAL_Driver/Src/stm32f1xx_hal_cortex.c.obj
 .text.SysTick_Config
                0x08006de0       0x44 cmake/stm32cubemx/CMakeFiles/STM32_Drivers.dir/__/__/Drivers/STM32F1xx_HAL_Driver/Src/stm32f1xx_hal_cortex.c.obj
 .text.HAL_NVIC_SetPriorityGrouping
                0x08006e24       0x16 cmake/stm32cubemx/CMakeFiles/STM32_Drivers.dir/__/__/Drivers/STM32F1xx_HAL_Driver/Src/stm32f1xx_hal_cortex.c.obj
                0x08006e24                HAL_NVIC_SetPriorityGrouping
 .text.HAL_NVIC_SetPriority
                0x08006e3a       0x38 cmake/stm32cubemx/CMakeFiles/STM32_Drivers.dir/__/__/Drivers/STM32F1xx_HAL_Driver/Src/stm32f1xx_hal_cortex.c.obj
                0x08006e3a                HAL_NVIC_SetPriority
 .text.HAL_SYSTICK_Config
                0x08006e72       0x18 cmake/stm32cubemx/CMakeFiles/STM32_Drivers.dir/__/__/Drivers/STM32F1xx_HAL_Driver/Src/stm32f1xx_hal_cortex.c.obj
                0x08006e72                HAL_SYSTICK_Config
 *(.glue_7)
 .glue_7        0x08006e8a        0x0 linker stubs
 *(.glue_7t)
 .glue_7t       0x08006e8a        0x0 linker stubs
 *(.eh_frame)
 *fill*         0x08006e8a        0x2 
 .eh_frame      0x08006e8c        0x0 D:/Application/Work/MSYS2/ucrt64/bin/../lib/gcc/arm-none-eabi/13.3.0/thumb/v7-m/nofp/crtbegin.o
 *(.init)
 .init          0x08006e8c        0x4 D:/Application/Work/MSYS2/ucrt64/bin/../lib/gcc/arm-none-eabi/13.3.0/thumb/v7-m/nofp/crti.o
                0x08006e8c                _init
 .init          0x08006e90        0x8 D:/Application/Work/MSYS2/ucrt64/bin/../lib/gcc/arm-none-eabi/13.3.0/thumb/v7-m/nofp/crtn.o
 *(.fini)
 .fini          0x08006e98        0x4 D:/Application/Work/MSYS2/ucrt64/bin/../lib/gcc/arm-none-eabi/13.3.0/thumb/v7-m/nofp/crti.o
                0x08006e98                _fini
 .fini          0x08006e9c        0x8 D:/Application/Work/MSYS2/ucrt64/bin/../lib/gcc/arm-none-eabi/13.3.0/thumb/v7-m/nofp/crtn.o
                0x08006ea4                        . = ALIGN (0x4)
                0x08006ea4                        _etext = .

.vfp11_veneer   0x08006ea4        0x0
 .vfp11_veneer  0x08006ea4        0x0 linker stubs

.v4_bx          0x08006ea4        0x0
 .v4_bx         0x08006ea4        0x0 linker stubs

.iplt           0x08006ea4        0x0
 .iplt          0x08006ea4        0x0 D:/Application/Work/MSYS2/ucrt64/bin/../lib/gcc/arm-none-eabi/13.3.0/thumb/v7-m/nofp/crtbegin.o

.rodata         0x08006ea8      0x3bc
                0x08006ea8                        . = ALIGN (0x4)
 *(.rodata)
 .rodata        0x08006ea8      0x128 D:/Application/Work/MSYS2/ucrt64/bin/../lib/gcc/arm-none-eabi/13.3.0/../../../../arm-none-eabi/lib/thumb/v7-m/nofp\libc_nano.a(libc_a-mprec.o)
                0x08006eb8                __mprec_tens
                0x08006f80                __mprec_tinytens
                0x08006fa8                __mprec_bigtens
 .rodata        0x08006fd0      0x101 D:/Application/Work/MSYS2/ucrt64/bin/../lib/gcc/arm-none-eabi/13.3.0/../../../../arm-none-eabi/lib/thumb/v7-m/nofp\libc_nano.a(libc_a-ctype_.o)
                0x08006fd0                _ctype_
 *fill*         0x080070d1        0x3 
 .rodata        0x080070d4        0x5 CMakeFiles/plane_remote_control.dir/Modules/nrf24l01/nrf24l01.c.obj
 *(.rodata*)
 *fill*         0x080070d9        0x3 
 .rodata.str1.4
                0x080070dc      0x153 D:/Application/Work/MSYS2/ucrt64/bin/../lib/gcc/arm-none-eabi/13.3.0/../../../../arm-none-eabi/lib/thumb/v7-m/nofp\libc_nano.a(libc_a-nano-vfprintf_float.o)
                                 0x12 (size before relaxing)
 .rodata.str1.4
                0x0800722f        0x0 D:/Application/Work/MSYS2/ucrt64/bin/../lib/gcc/arm-none-eabi/13.3.0/../../../../arm-none-eabi/lib/thumb/v7-m/nofp\libc_nano.a(libc_a-nano-vfprintf_i.o)
                                 0x25 (size before relaxing)
 .rodata.str1.4
                0x0800722f        0x0 D:/Application/Work/MSYS2/ucrt64/bin/../lib/gcc/arm-none-eabi/13.3.0/../../../../arm-none-eabi/lib/thumb/v7-m/nofp\libc_nano.a(libc_a-dtoa.o)
                                 0x79 (size before relaxing)
 .rodata.str1.4
                0x0800722f        0x0 D:/Application/Work/MSYS2/ucrt64/bin/../lib/gcc/arm-none-eabi/13.3.0/../../../../arm-none-eabi/lib/thumb/v7-m/nofp\libc_nano.a(libc_a-mprec.o)
                                 0x65 (size before relaxing)
 .rodata.str1.4
                0x0800722f        0x0 D:/Application/Work/MSYS2/ucrt64/bin/../lib/gcc/arm-none-eabi/13.3.0/../../../../arm-none-eabi/lib/thumb/v7-m/nofp\libc_nano.a(libc_a-locale.o)
                                 0x12 (size before relaxing)
 .rodata.str1.4
                0x0800722f        0x0 D:/Application/Work/MSYS2/ucrt64/bin/../lib/gcc/arm-none-eabi/13.3.0/../../../../arm-none-eabi/lib/thumb/v7-m/nofp\libc_nano.a(libc_a-assert.o)
                                 0x43 (size before relaxing)
 .rodata.str1.4
                0x0800722f        0x0 D:/Application/Work/MSYS2/ucrt64/bin/../lib/gcc/arm-none-eabi/13.3.0/../../../../arm-none-eabi/lib/thumb/v7-m/nofp\libc_nano.a(libc_a-nano-vfprintf.o)
                                 0x13 (size before relaxing)
 *fill*         0x0800722f        0x1 
 .rodata.TX_ADDRESS
                0x08007230        0x5 CMakeFiles/plane_remote_control.dir/Modules/nrf24l01/nrf24l01.c.obj
                0x08007230                TX_ADDRESS
 *fill*         0x08007235        0x3 
 .rodata.RX_ADDRESS
                0x08007238        0x5 CMakeFiles/plane_remote_control.dir/Modules/nrf24l01/nrf24l01.c.obj
                0x08007238                RX_ADDRESS
 *fill*         0x0800723d        0x3 
 .rodata.AHBPrescTable
                0x08007240       0x10 cmake/stm32cubemx/CMakeFiles/STM32_Drivers.dir/__/__/Core/Src/system_stm32f1xx.c.obj
                0x08007240                AHBPrescTable
 .rodata.aPLLMULFactorTable.1
                0x08007250       0x10 cmake/stm32cubemx/CMakeFiles/STM32_Drivers.dir/__/__/Drivers/STM32F1xx_HAL_Driver/Src/stm32f1xx_hal_rcc.c.obj
 .rodata.aPredivFactorTable.0
                0x08007260        0x2 cmake/stm32cubemx/CMakeFiles/STM32_Drivers.dir/__/__/Drivers/STM32F1xx_HAL_Driver/Src/stm32f1xx_hal_rcc.c.obj
                0x08007264                        . = ALIGN (0x4)
 *fill*         0x08007262        0x2 

.ARM.extab      0x08007264        0x0
                0x08007264                        . = ALIGN (0x4)
 *(.ARM.extab* .gnu.linkonce.armextab.*)
                0x08007264                        . = ALIGN (0x4)

.ARM            0x08007264        0x8
                0x08007264                        . = ALIGN (0x4)
                0x08007264                        __exidx_start = .
 *(.ARM.exidx*)
 .ARM.exidx     0x08007264        0x8 D:/Application/Work/MSYS2/ucrt64/bin/../lib/gcc/arm-none-eabi/13.3.0/../../../../arm-none-eabi/lib/thumb/v7-m/nofp\libc_nano.a(libc_a-memcpy.o)
                0x0800726c                        __exidx_end = .
                0x0800726c                        . = ALIGN (0x4)

.rel.dyn        0x0800726c        0x0
 .rel.iplt      0x0800726c        0x0 D:/Application/Work/MSYS2/ucrt64/bin/../lib/gcc/arm-none-eabi/13.3.0/thumb/v7-m/nofp/crtbegin.o

.preinit_array  0x0800726c        0x0
                0x0800726c                        . = ALIGN (0x4)
                0x0800726c                        PROVIDE (__preinit_array_start = .)
 *(.preinit_array*)
                0x0800726c                        PROVIDE (__preinit_array_end = .)
                0x0800726c                        . = ALIGN (0x4)

.init_array     0x0800726c        0x4
                0x0800726c                        . = ALIGN (0x4)
                0x0800726c                        PROVIDE (__init_array_start = .)
 *(SORT_BY_NAME(.init_array.*))
 *(.init_array*)
 .init_array    0x0800726c        0x4 D:/Application/Work/MSYS2/ucrt64/bin/../lib/gcc/arm-none-eabi/13.3.0/thumb/v7-m/nofp/crtbegin.o
                0x08007270                        PROVIDE (__init_array_end = .)
                0x08007270                        . = ALIGN (0x4)

.fini_array     0x08007270        0x4
                0x08007270                        . = ALIGN (0x4)
                0x08007270                        PROVIDE (__fini_array_start = .)
 *(SORT_BY_NAME(.fini_array.*))
 *(.fini_array*)
 .fini_array    0x08007270        0x4 D:/Application/Work/MSYS2/ucrt64/bin/../lib/gcc/arm-none-eabi/13.3.0/thumb/v7-m/nofp/crtbegin.o
                0x08007274                        PROVIDE (__fini_array_end = .)
                0x08007274                        . = ALIGN (0x4)
                0x08007274                        _sidata = LOADADDR (.data)

.data           0x20000000      0x1d4 load address 0x08007274
                0x20000000                        . = ALIGN (0x4)
                0x20000000                        _sdata = .
 *(.data)
 .data          0x20000000        0xc D:/Application/Work/MSYS2/ucrt64/bin/../lib/gcc/arm-none-eabi/13.3.0/../../../../arm-none-eabi/lib/thumb/v7-m/nofp\libc_nano.a(libc_a-findfp.o)
                0x20000000                __sglue
 .data          0x2000000c       0x50 D:/Application/Work/MSYS2/ucrt64/bin/../lib/gcc/arm-none-eabi/13.3.0/../../../../arm-none-eabi/lib/thumb/v7-m/nofp\libc_nano.a(libc_a-impure.o)
                0x2000000c                _impure_ptr
                0x20000010                _impure_data
 .data          0x2000005c      0x16c D:/Application/Work/MSYS2/ucrt64/bin/../lib/gcc/arm-none-eabi/13.3.0/../../../../arm-none-eabi/lib/thumb/v7-m/nofp\libc_nano.a(libc_a-locale.o)
                0x2000005c                __global_locale
 *(.data*)
 .data.SystemCoreClock
                0x200001c8        0x4 cmake/stm32cubemx/CMakeFiles/STM32_Drivers.dir/__/__/Core/Src/system_stm32f1xx.c.obj
                0x200001c8                SystemCoreClock
 .data.uwTickPrio
                0x200001cc        0x4 cmake/stm32cubemx/CMakeFiles/STM32_Drivers.dir/__/__/Drivers/STM32F1xx_HAL_Driver/Src/stm32f1xx_hal.c.obj
                0x200001cc                uwTickPrio
 .data.uwTickFreq
                0x200001d0        0x1 cmake/stm32cubemx/CMakeFiles/STM32_Drivers.dir/__/__/Drivers/STM32F1xx_HAL_Driver/Src/stm32f1xx_hal.c.obj
                0x200001d0                uwTickFreq
 *(.RamFunc)
 *(.RamFunc*)
                0x200001d4                        . = ALIGN (0x4)
 *fill*         0x200001d1        0x3 

.igot.plt       0x200001d4        0x0 load address 0x08007448
 .igot.plt      0x200001d4        0x0 D:/Application/Work/MSYS2/ucrt64/bin/../lib/gcc/arm-none-eabi/13.3.0/thumb/v7-m/nofp/crtbegin.o

.tdata          0x200001d4        0x0 load address 0x08007448
 *(.tdata .tdata.* .gnu.linkonce.td.*)
                0x200001d4                        . = ALIGN (0x4)
                0x200001d4                        _edata = .
                [!provide]                        PROVIDE (__data_end = .)
                [!provide]                        PROVIDE (__tdata_end = .)
                [!provide]                        PROVIDE (__tdata_start = ADDR (.tdata))
                [!provide]                        PROVIDE (__tdata_size = (__tdata_end - __tdata_start))
                [!provide]                        PROVIDE (__data_start = ADDR (.data))
                [!provide]                        PROVIDE (__data_size = (__data_end - __data_start))
                [!provide]                        PROVIDE (__tdata_source = LOADADDR (.tdata))
                [!provide]                        PROVIDE (__tdata_source_end = (LOADADDR (.tdata) + SIZEOF (.tdata)))
                [!provide]                        PROVIDE (__tdata_source_size = (__tdata_source_end - __tdata_source))
                [!provide]                        PROVIDE (__data_source = LOADADDR (.data))
                [!provide]                        PROVIDE (__data_source_end = __tdata_source_end)
                [!provide]                        PROVIDE (__data_source_size = (__data_source_end - __data_source))

.tbss           0x200001d4        0x0 load address 0x08007448
                0x200001d4                        _sbss = .
                0x200001d4                        __bss_start__ = _sbss
 *(.tbss .tbss.*)
                0x200001d4                        . = ALIGN (0x4)
                [!provide]                        PROVIDE (__tbss_end = .)
                [!provide]                        PROVIDE (__tbss_start = ADDR (.tbss))
                [!provide]                        PROVIDE (__tbss_size = (__tbss_end - __tbss_start))
                [!provide]                        PROVIDE (__tbss_offset = (ADDR (.tbss) - ADDR (.tdata)))
                [!provide]                        PROVIDE (__tls_base = __tdata_start)
                [!provide]                        PROVIDE (__tls_end = __tbss_end)
                [!provide]                        PROVIDE (__tls_size = (__tls_end - __tls_base))
                [!provide]                        PROVIDE (__tls_align = MAX (ALIGNOF (.tdata), ALIGNOF (.tbss)))
                [!provide]                        PROVIDE (__tls_size_align = (((__tls_size + __tls_align) - 0x1) & ~ ((__tls_align - 0x1))))
                [!provide]                        PROVIDE (__arm32_tls_tcb_offset = MAX (0x8, __tls_align))
                [!provide]                        PROVIDE (__arm64_tls_tcb_offset = MAX (0x10, __tls_align))

.bss            0x200001d4      0x2e4 load address 0x08007448
 *(.bss)
 .bss           0x200001d4      0x13c D:/Application/Work/MSYS2/ucrt64/bin/../lib/gcc/arm-none-eabi/13.3.0/../../../../arm-none-eabi/lib/thumb/v7-m/nofp\libc_nano.a(libc_a-findfp.o)
                0x200001d4                __sf
                0x2000030c                __stdio_exit_handler
 .bss           0x20000310        0x4 D:/Application/Work/MSYS2/ucrt64/bin/../lib/gcc/arm-none-eabi/13.3.0/../../../../arm-none-eabi/lib/thumb/v7-m/nofp\libc_nano.a(libc_a-reent.o)
                0x20000310                errno
 .bss           0x20000314       0x1d D:/Application/Work/MSYS2/ucrt64/bin/../lib/gcc/arm-none-eabi/13.3.0/../../../../arm-none-eabi/lib/thumb/v7-m/nofp\libc_nano.a(libc_a-lock.o)
                0x20000314                __lock___arc4random_mutex
                0x20000318                __lock___dd_hash_mutex
                0x2000031c                __lock___tz_mutex
                0x20000320                __lock___env_recursive_mutex
                0x20000324                __lock___malloc_recursive_mutex
                0x20000328                __lock___at_quick_exit_mutex
                0x2000032c                __lock___atexit_recursive_mutex
                0x20000330                __lock___sfp_recursive_mutex
 *fill*         0x20000331        0x3 
 .bss           0x20000334        0x8 D:/Application/Work/MSYS2/ucrt64/bin/../lib/gcc/arm-none-eabi/13.3.0/../../../../arm-none-eabi/lib/thumb/v7-m/nofp\libc_nano.a(libc_a-mallocr.o)
                0x20000334                __malloc_sbrk_start
                0x20000338                __malloc_free_list
 *(.bss*)
 .bss.completed.1
                0x2000033c        0x1 D:/Application/Work/MSYS2/ucrt64/bin/../lib/gcc/arm-none-eabi/13.3.0/thumb/v7-m/nofp/crtbegin.o
 *fill*         0x2000033d        0x3 
 .bss.object.0  0x20000340       0x18 D:/Application/Work/MSYS2/ucrt64/bin/../lib/gcc/arm-none-eabi/13.3.0/thumb/v7-m/nofp/crtbegin.o
 .bss.hspi1     0x20000358       0x58 CMakeFiles/plane_remote_control.dir/Core/Src/spi.c.obj
                0x20000358                hspi1
 .bss.__sbrk_heap_end
                0x200003b0        0x4 CMakeFiles/plane_remote_control.dir/Core/Src/sysmem.c.obj
 .bss.tx_data   0x200003b4        0xc CMakeFiles/plane_remote_control.dir/App/remote/remote.c.obj
                0x200003b4                tx_data
 .bss.tx_frame  0x200003c0        0xe CMakeFiles/plane_remote_control.dir/App/remote/remote.c.obj
                0x200003c0                tx_frame
 *fill*         0x200003ce        0x2 
 .bss.led       0x200003d0       0x18 CMakeFiles/plane_remote_control.dir/Modules/led/led.c.obj
 .bss.beep      0x200003e8        0xc CMakeFiles/plane_remote_control.dir/Modules/beep/beep.c.obj
 .bss.key       0x200003f4       0xc0 CMakeFiles/plane_remote_control.dir/Modules/key/key.c.obj
 .bss.uwTick    0x200004b4        0x4 cmake/stm32cubemx/CMakeFiles/STM32_Drivers.dir/__/__/Drivers/STM32F1xx_HAL_Driver/Src/stm32f1xx_hal.c.obj
                0x200004b4                uwTick
 *(COMMON)
                0x200004b8                        . = ALIGN (0x4)
                0x200004b8                        _ebss = .
                0x200004b8                        __bss_end__ = _ebss
                [!provide]                        PROVIDE (__bss_end = .)
                [!provide]                        PROVIDE (__non_tls_bss_start = ADDR (.bss))
                [!provide]                        PROVIDE (__bss_start = __tbss_start)
                [!provide]                        PROVIDE (__bss_size = (__bss_end - __bss_start))

._user_heap_stack
                0x200004b8      0x600 load address 0x08007448
                0x200004b8                        . = ALIGN (0x8)
                [!provide]                        PROVIDE (end = .)
                0x200004b8                        PROVIDE (_end = .)
                0x200006b8                        . = (. + _Min_Heap_Size)
 *fill*         0x200004b8      0x200 
                0x20000ab8                        . = (. + _Min_Stack_Size)
 *fill*         0x200006b8      0x400 
                0x20000ab8                        . = ALIGN (0x8)

/DISCARD/
 libc.a:*(*)
 libm.a:*(*)
 libgcc.a:*(*)
OUTPUT(plane_remote_control.elf elf32-littlearm)
LOAD linker stubs

.ARM.attributes
                0x00000000       0x29
 .ARM.attributes
                0x00000000       0x1d D:/Application/Work/MSYS2/ucrt64/bin/../lib/gcc/arm-none-eabi/13.3.0/thumb/v7-m/nofp/crti.o
 .ARM.attributes
                0x0000001d       0x2d D:/Application/Work/MSYS2/ucrt64/bin/../lib/gcc/arm-none-eabi/13.3.0/thumb/v7-m/nofp/crtbegin.o
 .ARM.attributes
                0x0000004a       0x2d D:/Application/Work/MSYS2/ucrt64/bin/../lib/gcc/arm-none-eabi/13.3.0/../../../../arm-none-eabi/lib/thumb/v7-m/nofp\libc_nano.a(libc_a-nano-vfprintf_float.o)
 .ARM.attributes
                0x00000077       0x2d D:/Application/Work/MSYS2/ucrt64/bin/../lib/gcc/arm-none-eabi/13.3.0/../../../../arm-none-eabi/lib/thumb/v7-m/nofp\libc_nano.a(libc_a-nano-vfprintf_i.o)
 .ARM.attributes
                0x000000a4       0x2d D:/Application/Work/MSYS2/ucrt64/bin/../lib/gcc/arm-none-eabi/13.3.0/../../../../arm-none-eabi/lib/thumb/v7-m/nofp\libc_nano.a(libc_a-findfp.o)
 .ARM.attributes
                0x000000d1       0x2d D:/Application/Work/MSYS2/ucrt64/bin/../lib/gcc/arm-none-eabi/13.3.0/../../../../arm-none-eabi/lib/thumb/v7-m/nofp\libc_nano.a(libc_a-fwalk.o)
 .ARM.attributes
                0x000000fe       0x2d D:/Application/Work/MSYS2/ucrt64/bin/../lib/gcc/arm-none-eabi/13.3.0/../../../../arm-none-eabi/lib/thumb/v7-m/nofp\libc_nano.a(libc_a-stdio.o)
 .ARM.attributes
                0x0000012b       0x2d D:/Application/Work/MSYS2/ucrt64/bin/../lib/gcc/arm-none-eabi/13.3.0/../../../../arm-none-eabi/lib/thumb/v7-m/nofp\libc_nano.a(libc_a-memset.o)
 .ARM.attributes
                0x00000158       0x2d D:/Application/Work/MSYS2/ucrt64/bin/../lib/gcc/arm-none-eabi/13.3.0/../../../../arm-none-eabi/lib/thumb/v7-m/nofp\libc_nano.a(libc_a-localeconv.o)
 .ARM.attributes
                0x00000185       0x2d D:/Application/Work/MSYS2/ucrt64/bin/../lib/gcc/arm-none-eabi/13.3.0/../../../../arm-none-eabi/lib/thumb/v7-m/nofp\libc_nano.a(libc_a-closer.o)
 .ARM.attributes
                0x000001b2       0x2d D:/Application/Work/MSYS2/ucrt64/bin/../lib/gcc/arm-none-eabi/13.3.0/../../../../arm-none-eabi/lib/thumb/v7-m/nofp\libc_nano.a(libc_a-reent.o)
 .ARM.attributes
                0x000001df       0x2d D:/Application/Work/MSYS2/ucrt64/bin/../lib/gcc/arm-none-eabi/13.3.0/../../../../arm-none-eabi/lib/thumb/v7-m/nofp\libc_nano.a(libc_a-impure.o)
 .ARM.attributes
                0x0000020c       0x2d D:/Application/Work/MSYS2/ucrt64/bin/../lib/gcc/arm-none-eabi/13.3.0/../../../../arm-none-eabi/lib/thumb/v7-m/nofp\libc_nano.a(libc_a-lseekr.o)
 .ARM.attributes
                0x00000239       0x2d D:/Application/Work/MSYS2/ucrt64/bin/../lib/gcc/arm-none-eabi/13.3.0/../../../../arm-none-eabi/lib/thumb/v7-m/nofp\libc_nano.a(libc_a-readr.o)
 .ARM.attributes
                0x00000266       0x2d D:/Application/Work/MSYS2/ucrt64/bin/../lib/gcc/arm-none-eabi/13.3.0/../../../../arm-none-eabi/lib/thumb/v7-m/nofp\libc_nano.a(libc_a-writer.o)
 .ARM.attributes
                0x00000293       0x2d D:/Application/Work/MSYS2/ucrt64/bin/../lib/gcc/arm-none-eabi/13.3.0/../../../../arm-none-eabi/lib/thumb/v7-m/nofp\libc_nano.a(libc_a-init.o)
 .ARM.attributes
                0x000002c0       0x2d D:/Application/Work/MSYS2/ucrt64/bin/../lib/gcc/arm-none-eabi/13.3.0/../../../../arm-none-eabi/lib/thumb/v7-m/nofp\libc_nano.a(libc_a-lock.o)
 .ARM.attributes
                0x000002ed       0x2d D:/Application/Work/MSYS2/ucrt64/bin/../lib/gcc/arm-none-eabi/13.3.0/../../../../arm-none-eabi/lib/thumb/v7-m/nofp\libc_nano.a(libc_a-memchr-stub.o)
 .ARM.attributes
                0x0000031a       0x2d D:/Application/Work/MSYS2/ucrt64/bin/../lib/gcc/arm-none-eabi/13.3.0/../../../../arm-none-eabi/lib/thumb/v7-m/nofp\libc_nano.a(libc_a-strlen-stub.o)
 .ARM.attributes
                0x00000347       0x2d D:/Application/Work/MSYS2/ucrt64/bin/../lib/gcc/arm-none-eabi/13.3.0/../../../../arm-none-eabi/lib/thumb/v7-m/nofp\libc_nano.a(libc_a-dtoa.o)
 .ARM.attributes
                0x00000374       0x2d D:/Application/Work/MSYS2/ucrt64/bin/../lib/gcc/arm-none-eabi/13.3.0/../../../../arm-none-eabi/lib/thumb/v7-m/nofp\libc_nano.a(libc_a-freer.o)
 .ARM.attributes
                0x000003a1       0x2d D:/Application/Work/MSYS2/ucrt64/bin/../lib/gcc/arm-none-eabi/13.3.0/../../../../arm-none-eabi/lib/thumb/v7-m/nofp\libc_nano.a(libc_a-malloc.o)
 .ARM.attributes
                0x000003ce       0x2d D:/Application/Work/MSYS2/ucrt64/bin/../lib/gcc/arm-none-eabi/13.3.0/../../../../arm-none-eabi/lib/thumb/v7-m/nofp\libc_nano.a(libc_a-mallocr.o)
 .ARM.attributes
                0x000003fb       0x2d D:/Application/Work/MSYS2/ucrt64/bin/../lib/gcc/arm-none-eabi/13.3.0/../../../../arm-none-eabi/lib/thumb/v7-m/nofp\libc_nano.a(libc_a-mlock.o)
 .ARM.attributes
                0x00000428       0x2d D:/Application/Work/MSYS2/ucrt64/bin/../lib/gcc/arm-none-eabi/13.3.0/../../../../arm-none-eabi/lib/thumb/v7-m/nofp\libc_nano.a(libc_a-mprec.o)
 .ARM.attributes
                0x00000455       0x2d D:/Application/Work/MSYS2/ucrt64/bin/../lib/gcc/arm-none-eabi/13.3.0/../../../../arm-none-eabi/lib/thumb/v7-m/nofp\libc_nano.a(libc_a-fflush.o)
 .ARM.attributes
                0x00000482       0x2d D:/Application/Work/MSYS2/ucrt64/bin/../lib/gcc/arm-none-eabi/13.3.0/../../../../arm-none-eabi/lib/thumb/v7-m/nofp\libc_nano.a(libc_a-locale.o)
 .ARM.attributes
                0x000004af       0x2d D:/Application/Work/MSYS2/ucrt64/bin/../lib/gcc/arm-none-eabi/13.3.0/../../../../arm-none-eabi/lib/thumb/v7-m/nofp\libc_nano.a(libc_a-sbrkr.o)
 .ARM.attributes
                0x000004dc       0x1b D:/Application/Work/MSYS2/ucrt64/bin/../lib/gcc/arm-none-eabi/13.3.0/../../../../arm-none-eabi/lib/thumb/v7-m/nofp\libc_nano.a(libc_a-memcpy.o)
 .ARM.attributes
                0x000004f7       0x2d D:/Application/Work/MSYS2/ucrt64/bin/../lib/gcc/arm-none-eabi/13.3.0/../../../../arm-none-eabi/lib/thumb/v7-m/nofp\libc_nano.a(libc_a-assert.o)
 .ARM.attributes
                0x00000524       0x2d D:/Application/Work/MSYS2/ucrt64/bin/../lib/gcc/arm-none-eabi/13.3.0/../../../../arm-none-eabi/lib/thumb/v7-m/nofp\libc_nano.a(libc_a-callocr.o)
 .ARM.attributes
                0x00000551       0x2d D:/Application/Work/MSYS2/ucrt64/bin/../lib/gcc/arm-none-eabi/13.3.0/../../../../arm-none-eabi/lib/thumb/v7-m/nofp\libc_nano.a(libc_a-mbtowc_r.o)
 .ARM.attributes
                0x0000057e       0x2d D:/Application/Work/MSYS2/ucrt64/bin/../lib/gcc/arm-none-eabi/13.3.0/../../../../arm-none-eabi/lib/thumb/v7-m/nofp\libc_nano.a(libc_a-wctomb_r.o)
 .ARM.attributes
                0x000005ab       0x2d D:/Application/Work/MSYS2/ucrt64/bin/../lib/gcc/arm-none-eabi/13.3.0/../../../../arm-none-eabi/lib/thumb/v7-m/nofp\libc_nano.a(libc_a-ctype_.o)
 .ARM.attributes
                0x000005d8       0x2d D:/Application/Work/MSYS2/ucrt64/bin/../lib/gcc/arm-none-eabi/13.3.0/../../../../arm-none-eabi/lib/thumb/v7-m/nofp\libc_nano.a(libc_a-fprintf.o)
 .ARM.attributes
                0x00000605       0x2d D:/Application/Work/MSYS2/ucrt64/bin/../lib/gcc/arm-none-eabi/13.3.0/../../../../arm-none-eabi/lib/thumb/v7-m/nofp\libc_nano.a(libc_a-abort.o)
 .ARM.attributes
                0x00000632       0x2d D:/Application/Work/MSYS2/ucrt64/bin/../lib/gcc/arm-none-eabi/13.3.0/../../../../arm-none-eabi/lib/thumb/v7-m/nofp\libc_nano.a(libc_a-nano-vfprintf.o)
 .ARM.attributes
                0x0000065f       0x2d D:/Application/Work/MSYS2/ucrt64/bin/../lib/gcc/arm-none-eabi/13.3.0/../../../../arm-none-eabi/lib/thumb/v7-m/nofp\libc_nano.a(libc_a-fvwrite.o)
 .ARM.attributes
                0x0000068c       0x2d D:/Application/Work/MSYS2/ucrt64/bin/../lib/gcc/arm-none-eabi/13.3.0/../../../../arm-none-eabi/lib/thumb/v7-m/nofp\libc_nano.a(libc_a-wbuf.o)
 .ARM.attributes
                0x000006b9       0x2d D:/Application/Work/MSYS2/ucrt64/bin/../lib/gcc/arm-none-eabi/13.3.0/../../../../arm-none-eabi/lib/thumb/v7-m/nofp\libc_nano.a(libc_a-wsetup.o)
 .ARM.attributes
                0x000006e6       0x2d D:/Application/Work/MSYS2/ucrt64/bin/../lib/gcc/arm-none-eabi/13.3.0/../../../../arm-none-eabi/lib/thumb/v7-m/nofp\libc_nano.a(libc_a-memmove.o)
 .ARM.attributes
                0x00000713       0x2d D:/Application/Work/MSYS2/ucrt64/bin/../lib/gcc/arm-none-eabi/13.3.0/../../../../arm-none-eabi/lib/thumb/v7-m/nofp\libc_nano.a(libc_a-signal.o)
 .ARM.attributes
                0x00000740       0x2d D:/Application/Work/MSYS2/ucrt64/bin/../lib/gcc/arm-none-eabi/13.3.0/../../../../arm-none-eabi/lib/thumb/v7-m/nofp\libc_nano.a(libc_a-signalr.o)
 .ARM.attributes
                0x0000076d       0x2d D:/Application/Work/MSYS2/ucrt64/bin/../lib/gcc/arm-none-eabi/13.3.0/../../../../arm-none-eabi/lib/thumb/v7-m/nofp\libc_nano.a(libc_a-reallocr.o)
 .ARM.attributes
                0x0000079a       0x2d D:/Application/Work/MSYS2/ucrt64/bin/../lib/gcc/arm-none-eabi/13.3.0/../../../../arm-none-eabi/lib/thumb/v7-m/nofp\libc_nano.a(libc_a-makebuf.o)
 .ARM.attributes
                0x000007c7       0x2d D:/Application/Work/MSYS2/ucrt64/bin/../lib/gcc/arm-none-eabi/13.3.0/../../../../arm-none-eabi/lib/thumb/v7-m/nofp\libc_nano.a(libc_a-fstatr.o)
 .ARM.attributes
                0x000007f4       0x2d D:/Application/Work/MSYS2/ucrt64/bin/../lib/gcc/arm-none-eabi/13.3.0/../../../../arm-none-eabi/lib/thumb/v7-m/nofp\libc_nano.a(libc_a-isattyr.o)
 .ARM.attributes
                0x00000821       0x2d D:/Application/Work/MSYS2/ucrt64/bin/../lib/gcc/arm-none-eabi/13.3.0/../../../../arm-none-eabi/lib/thumb/v7-m/nofp\libc_nano.a(libc_a-msizer.o)
 .ARM.attributes
                0x0000084e       0x2d CMakeFiles/plane_remote_control.dir/Core/Src/main.c.obj
 .ARM.attributes
                0x0000087b       0x2d CMakeFiles/plane_remote_control.dir/Core/Src/gpio.c.obj
 .ARM.attributes
                0x000008a8       0x2d CMakeFiles/plane_remote_control.dir/Core/Src/spi.c.obj
 .ARM.attributes
                0x000008d5       0x2d CMakeFiles/plane_remote_control.dir/Core/Src/stm32f1xx_it.c.obj
 .ARM.attributes
                0x00000902       0x2d CMakeFiles/plane_remote_control.dir/Core/Src/stm32f1xx_hal_msp.c.obj
 .ARM.attributes
                0x0000092f       0x2d CMakeFiles/plane_remote_control.dir/Core/Src/sysmem.c.obj
 .ARM.attributes
                0x0000095c       0x2d CMakeFiles/plane_remote_control.dir/Core/Src/syscalls.c.obj
 .ARM.attributes
                0x00000989       0x21 CMakeFiles/plane_remote_control.dir/startup_stm32f103xb.s.obj
 .ARM.attributes
                0x000009aa       0x2d CMakeFiles/plane_remote_control.dir/App/utils/utils.c.obj
 .ARM.attributes
                0x000009d7       0x2d CMakeFiles/plane_remote_control.dir/App/remote/remote.c.obj
 .ARM.attributes
                0x00000a04       0x2d CMakeFiles/plane_remote_control.dir/Bsp/gpio/bsp_gpio.c.obj
 .ARM.attributes
                0x00000a31       0x2d CMakeFiles/plane_remote_control.dir/Modules/led/led.c.obj
 .ARM.attributes
                0x00000a5e       0x2d CMakeFiles/plane_remote_control.dir/Modules/beep/beep.c.obj
 .ARM.attributes
                0x00000a8b       0x2d CMakeFiles/plane_remote_control.dir/Modules/key/key.c.obj
 .ARM.attributes
                0x00000ab8       0x2d CMakeFiles/plane_remote_control.dir/Modules/nrf24l01/nrf24l01.c.obj
 .ARM.attributes
                0x00000ae5       0x2d cmake/stm32cubemx/CMakeFiles/STM32_Drivers.dir/__/__/Core/Src/system_stm32f1xx.c.obj
 .ARM.attributes
                0x00000b12       0x2d cmake/stm32cubemx/CMakeFiles/STM32_Drivers.dir/__/__/Drivers/STM32F1xx_HAL_Driver/Src/stm32f1xx_hal_spi.c.obj
 .ARM.attributes
                0x00000b3f       0x2d cmake/stm32cubemx/CMakeFiles/STM32_Drivers.dir/__/__/Drivers/STM32F1xx_HAL_Driver/Src/stm32f1xx_hal.c.obj
 .ARM.attributes
                0x00000b6c       0x2d cmake/stm32cubemx/CMakeFiles/STM32_Drivers.dir/__/__/Drivers/STM32F1xx_HAL_Driver/Src/stm32f1xx_hal_rcc.c.obj
 .ARM.attributes
                0x00000b99       0x2d cmake/stm32cubemx/CMakeFiles/STM32_Drivers.dir/__/__/Drivers/STM32F1xx_HAL_Driver/Src/stm32f1xx_hal_gpio.c.obj
 .ARM.attributes
                0x00000bc6       0x2d cmake/stm32cubemx/CMakeFiles/STM32_Drivers.dir/__/__/Drivers/STM32F1xx_HAL_Driver/Src/stm32f1xx_hal_cortex.c.obj
 .ARM.attributes
                0x00000bf3       0x1d D:/Application/Work/MSYS2/ucrt64/bin/../lib/gcc/arm-none-eabi/13.3.0/thumb/v7-m/nofp\libgcc.a(_arm_addsubdf3.o)
 .ARM.attributes
                0x00000c10       0x1d D:/Application/Work/MSYS2/ucrt64/bin/../lib/gcc/arm-none-eabi/13.3.0/thumb/v7-m/nofp\libgcc.a(_arm_muldivdf3.o)
 .ARM.attributes
                0x00000c2d       0x1d D:/Application/Work/MSYS2/ucrt64/bin/../lib/gcc/arm-none-eabi/13.3.0/thumb/v7-m/nofp\libgcc.a(_arm_cmpdf2.o)
 .ARM.attributes
                0x00000c4a       0x1d D:/Application/Work/MSYS2/ucrt64/bin/../lib/gcc/arm-none-eabi/13.3.0/thumb/v7-m/nofp\libgcc.a(_arm_unorddf2.o)
 .ARM.attributes
                0x00000c67       0x1d D:/Application/Work/MSYS2/ucrt64/bin/../lib/gcc/arm-none-eabi/13.3.0/thumb/v7-m/nofp\libgcc.a(_arm_fixdfsi.o)
 .ARM.attributes
                0x00000c84       0x2d D:/Application/Work/MSYS2/ucrt64/bin/../lib/gcc/arm-none-eabi/13.3.0/../../../../arm-none-eabi/lib/thumb/v7-m/nofp\libg_nano.a(libc_a-errno.o)
 .ARM.attributes
                0x00000cb1       0x1d D:/Application/Work/MSYS2/ucrt64/bin/../lib/gcc/arm-none-eabi/13.3.0/thumb/v7-m/nofp/crtn.o

.comment        0x00000000       0x12
 .comment       0x00000000       0x12 D:/Application/Work/MSYS2/ucrt64/bin/../lib/gcc/arm-none-eabi/13.3.0/../../../../arm-none-eabi/lib/thumb/v7-m/nofp\libc_nano.a(libc_a-nano-vfprintf_float.o)
                                 0x13 (size before relaxing)
 .comment       0x00000012        0x0 D:/Application/Work/MSYS2/ucrt64/bin/../lib/gcc/arm-none-eabi/13.3.0/../../../../arm-none-eabi/lib/thumb/v7-m/nofp\libc_nano.a(libc_a-nano-vfprintf_i.o)
                                 0x13 (size before relaxing)
 .comment       0x00000012        0x0 D:/Application/Work/MSYS2/ucrt64/bin/../lib/gcc/arm-none-eabi/13.3.0/../../../../arm-none-eabi/lib/thumb/v7-m/nofp\libc_nano.a(libc_a-findfp.o)
                                 0x13 (size before relaxing)
 .comment       0x00000012        0x0 D:/Application/Work/MSYS2/ucrt64/bin/../lib/gcc/arm-none-eabi/13.3.0/../../../../arm-none-eabi/lib/thumb/v7-m/nofp\libc_nano.a(libc_a-fwalk.o)
                                 0x13 (size before relaxing)
 .comment       0x00000012        0x0 D:/Application/Work/MSYS2/ucrt64/bin/../lib/gcc/arm-none-eabi/13.3.0/../../../../arm-none-eabi/lib/thumb/v7-m/nofp\libc_nano.a(libc_a-stdio.o)
                                 0x13 (size before relaxing)
 .comment       0x00000012        0x0 D:/Application/Work/MSYS2/ucrt64/bin/../lib/gcc/arm-none-eabi/13.3.0/../../../../arm-none-eabi/lib/thumb/v7-m/nofp\libc_nano.a(libc_a-memset.o)
                                 0x13 (size before relaxing)
 .comment       0x00000012        0x0 D:/Application/Work/MSYS2/ucrt64/bin/../lib/gcc/arm-none-eabi/13.3.0/../../../../arm-none-eabi/lib/thumb/v7-m/nofp\libc_nano.a(libc_a-localeconv.o)
                                 0x13 (size before relaxing)
 .comment       0x00000012        0x0 D:/Application/Work/MSYS2/ucrt64/bin/../lib/gcc/arm-none-eabi/13.3.0/../../../../arm-none-eabi/lib/thumb/v7-m/nofp\libc_nano.a(libc_a-closer.o)
                                 0x13 (size before relaxing)
 .comment       0x00000012        0x0 D:/Application/Work/MSYS2/ucrt64/bin/../lib/gcc/arm-none-eabi/13.3.0/../../../../arm-none-eabi/lib/thumb/v7-m/nofp\libc_nano.a(libc_a-reent.o)
                                 0x13 (size before relaxing)
 .comment       0x00000012        0x0 D:/Application/Work/MSYS2/ucrt64/bin/../lib/gcc/arm-none-eabi/13.3.0/../../../../arm-none-eabi/lib/thumb/v7-m/nofp\libc_nano.a(libc_a-impure.o)
                                 0x13 (size before relaxing)
 .comment       0x00000012        0x0 D:/Application/Work/MSYS2/ucrt64/bin/../lib/gcc/arm-none-eabi/13.3.0/../../../../arm-none-eabi/lib/thumb/v7-m/nofp\libc_nano.a(libc_a-lseekr.o)
                                 0x13 (size before relaxing)
 .comment       0x00000012        0x0 D:/Application/Work/MSYS2/ucrt64/bin/../lib/gcc/arm-none-eabi/13.3.0/../../../../arm-none-eabi/lib/thumb/v7-m/nofp\libc_nano.a(libc_a-readr.o)
                                 0x13 (size before relaxing)
 .comment       0x00000012        0x0 D:/Application/Work/MSYS2/ucrt64/bin/../lib/gcc/arm-none-eabi/13.3.0/../../../../arm-none-eabi/lib/thumb/v7-m/nofp\libc_nano.a(libc_a-writer.o)
                                 0x13 (size before relaxing)
 .comment       0x00000012        0x0 D:/Application/Work/MSYS2/ucrt64/bin/../lib/gcc/arm-none-eabi/13.3.0/../../../../arm-none-eabi/lib/thumb/v7-m/nofp\libc_nano.a(libc_a-init.o)
                                 0x13 (size before relaxing)
 .comment       0x00000012        0x0 D:/Application/Work/MSYS2/ucrt64/bin/../lib/gcc/arm-none-eabi/13.3.0/../../../../arm-none-eabi/lib/thumb/v7-m/nofp\libc_nano.a(libc_a-lock.o)
                                 0x13 (size before relaxing)
 .comment       0x00000012        0x0 D:/Application/Work/MSYS2/ucrt64/bin/../lib/gcc/arm-none-eabi/13.3.0/../../../../arm-none-eabi/lib/thumb/v7-m/nofp\libc_nano.a(libc_a-memchr-stub.o)
                                 0x13 (size before relaxing)
 .comment       0x00000012        0x0 D:/Application/Work/MSYS2/ucrt64/bin/../lib/gcc/arm-none-eabi/13.3.0/../../../../arm-none-eabi/lib/thumb/v7-m/nofp\libc_nano.a(libc_a-strlen-stub.o)
                                 0x13 (size before relaxing)
 .comment       0x00000012        0x0 D:/Application/Work/MSYS2/ucrt64/bin/../lib/gcc/arm-none-eabi/13.3.0/../../../../arm-none-eabi/lib/thumb/v7-m/nofp\libc_nano.a(libc_a-dtoa.o)
                                 0x13 (size before relaxing)
 .comment       0x00000012        0x0 D:/Application/Work/MSYS2/ucrt64/bin/../lib/gcc/arm-none-eabi/13.3.0/../../../../arm-none-eabi/lib/thumb/v7-m/nofp\libc_nano.a(libc_a-freer.o)
                                 0x13 (size before relaxing)
 .comment       0x00000012        0x0 D:/Application/Work/MSYS2/ucrt64/bin/../lib/gcc/arm-none-eabi/13.3.0/../../../../arm-none-eabi/lib/thumb/v7-m/nofp\libc_nano.a(libc_a-malloc.o)
                                 0x13 (size before relaxing)
 .comment       0x00000012        0x0 D:/Application/Work/MSYS2/ucrt64/bin/../lib/gcc/arm-none-eabi/13.3.0/../../../../arm-none-eabi/lib/thumb/v7-m/nofp\libc_nano.a(libc_a-mallocr.o)
                                 0x13 (size before relaxing)
 .comment       0x00000012        0x0 D:/Application/Work/MSYS2/ucrt64/bin/../lib/gcc/arm-none-eabi/13.3.0/../../../../arm-none-eabi/lib/thumb/v7-m/nofp\libc_nano.a(libc_a-mlock.o)
                                 0x13 (size before relaxing)
 .comment       0x00000012        0x0 D:/Application/Work/MSYS2/ucrt64/bin/../lib/gcc/arm-none-eabi/13.3.0/../../../../arm-none-eabi/lib/thumb/v7-m/nofp\libc_nano.a(libc_a-mprec.o)
                                 0x13 (size before relaxing)
 .comment       0x00000012        0x0 D:/Application/Work/MSYS2/ucrt64/bin/../lib/gcc/arm-none-eabi/13.3.0/../../../../arm-none-eabi/lib/thumb/v7-m/nofp\libc_nano.a(libc_a-fflush.o)
                                 0x13 (size before relaxing)
 .comment       0x00000012        0x0 D:/Application/Work/MSYS2/ucrt64/bin/../lib/gcc/arm-none-eabi/13.3.0/../../../../arm-none-eabi/lib/thumb/v7-m/nofp\libc_nano.a(libc_a-locale.o)
                                 0x13 (size before relaxing)
 .comment       0x00000012        0x0 D:/Application/Work/MSYS2/ucrt64/bin/../lib/gcc/arm-none-eabi/13.3.0/../../../../arm-none-eabi/lib/thumb/v7-m/nofp\libc_nano.a(libc_a-sbrkr.o)
                                 0x13 (size before relaxing)
 .comment       0x00000012        0x0 D:/Application/Work/MSYS2/ucrt64/bin/../lib/gcc/arm-none-eabi/13.3.0/../../../../arm-none-eabi/lib/thumb/v7-m/nofp\libc_nano.a(libc_a-assert.o)
                                 0x13 (size before relaxing)
 .comment       0x00000012        0x0 D:/Application/Work/MSYS2/ucrt64/bin/../lib/gcc/arm-none-eabi/13.3.0/../../../../arm-none-eabi/lib/thumb/v7-m/nofp\libc_nano.a(libc_a-callocr.o)
                                 0x13 (size before relaxing)
 .comment       0x00000012        0x0 D:/Application/Work/MSYS2/ucrt64/bin/../lib/gcc/arm-none-eabi/13.3.0/../../../../arm-none-eabi/lib/thumb/v7-m/nofp\libc_nano.a(libc_a-mbtowc_r.o)
                                 0x13 (size before relaxing)
 .comment       0x00000012        0x0 D:/Application/Work/MSYS2/ucrt64/bin/../lib/gcc/arm-none-eabi/13.3.0/../../../../arm-none-eabi/lib/thumb/v7-m/nofp\libc_nano.a(libc_a-wctomb_r.o)
                                 0x13 (size before relaxing)
 .comment       0x00000012        0x0 D:/Application/Work/MSYS2/ucrt64/bin/../lib/gcc/arm-none-eabi/13.3.0/../../../../arm-none-eabi/lib/thumb/v7-m/nofp\libc_nano.a(libc_a-ctype_.o)
                                 0x13 (size before relaxing)
 .comment       0x00000012        0x0 D:/Application/Work/MSYS2/ucrt64/bin/../lib/gcc/arm-none-eabi/13.3.0/../../../../arm-none-eabi/lib/thumb/v7-m/nofp\libc_nano.a(libc_a-fprintf.o)
                                 0x13 (size before relaxing)
 .comment       0x00000012        0x0 D:/Application/Work/MSYS2/ucrt64/bin/../lib/gcc/arm-none-eabi/13.3.0/../../../../arm-none-eabi/lib/thumb/v7-m/nofp\libc_nano.a(libc_a-abort.o)
                                 0x13 (size before relaxing)
 .comment       0x00000012        0x0 D:/Application/Work/MSYS2/ucrt64/bin/../lib/gcc/arm-none-eabi/13.3.0/../../../../arm-none-eabi/lib/thumb/v7-m/nofp\libc_nano.a(libc_a-nano-vfprintf.o)
                                 0x13 (size before relaxing)
 .comment       0x00000012        0x0 D:/Application/Work/MSYS2/ucrt64/bin/../lib/gcc/arm-none-eabi/13.3.0/../../../../arm-none-eabi/lib/thumb/v7-m/nofp\libc_nano.a(libc_a-fvwrite.o)
                                 0x13 (size before relaxing)
 .comment       0x00000012        0x0 D:/Application/Work/MSYS2/ucrt64/bin/../lib/gcc/arm-none-eabi/13.3.0/../../../../arm-none-eabi/lib/thumb/v7-m/nofp\libc_nano.a(libc_a-wbuf.o)
                                 0x13 (size before relaxing)
 .comment       0x00000012        0x0 D:/Application/Work/MSYS2/ucrt64/bin/../lib/gcc/arm-none-eabi/13.3.0/../../../../arm-none-eabi/lib/thumb/v7-m/nofp\libc_nano.a(libc_a-wsetup.o)
                                 0x13 (size before relaxing)
 .comment       0x00000012        0x0 D:/Application/Work/MSYS2/ucrt64/bin/../lib/gcc/arm-none-eabi/13.3.0/../../../../arm-none-eabi/lib/thumb/v7-m/nofp\libc_nano.a(libc_a-memmove.o)
                                 0x13 (size before relaxing)
 .comment       0x00000012        0x0 D:/Application/Work/MSYS2/ucrt64/bin/../lib/gcc/arm-none-eabi/13.3.0/../../../../arm-none-eabi/lib/thumb/v7-m/nofp\libc_nano.a(libc_a-signal.o)
                                 0x13 (size before relaxing)
 .comment       0x00000012        0x0 D:/Application/Work/MSYS2/ucrt64/bin/../lib/gcc/arm-none-eabi/13.3.0/../../../../arm-none-eabi/lib/thumb/v7-m/nofp\libc_nano.a(libc_a-signalr.o)
                                 0x13 (size before relaxing)
 .comment       0x00000012        0x0 D:/Application/Work/MSYS2/ucrt64/bin/../lib/gcc/arm-none-eabi/13.3.0/../../../../arm-none-eabi/lib/thumb/v7-m/nofp\libc_nano.a(libc_a-reallocr.o)
                                 0x13 (size before relaxing)
 .comment       0x00000012        0x0 D:/Application/Work/MSYS2/ucrt64/bin/../lib/gcc/arm-none-eabi/13.3.0/../../../../arm-none-eabi/lib/thumb/v7-m/nofp\libc_nano.a(libc_a-makebuf.o)
                                 0x13 (size before relaxing)
 .comment       0x00000012        0x0 D:/Application/Work/MSYS2/ucrt64/bin/../lib/gcc/arm-none-eabi/13.3.0/../../../../arm-none-eabi/lib/thumb/v7-m/nofp\libc_nano.a(libc_a-fstatr.o)
                                 0x13 (size before relaxing)
 .comment       0x00000012        0x0 D:/Application/Work/MSYS2/ucrt64/bin/../lib/gcc/arm-none-eabi/13.3.0/../../../../arm-none-eabi/lib/thumb/v7-m/nofp\libc_nano.a(libc_a-isattyr.o)
                                 0x13 (size before relaxing)
 .comment       0x00000012        0x0 D:/Application/Work/MSYS2/ucrt64/bin/../lib/gcc/arm-none-eabi/13.3.0/../../../../arm-none-eabi/lib/thumb/v7-m/nofp\libc_nano.a(libc_a-msizer.o)
                                 0x13 (size before relaxing)
 .comment       0x00000012        0x0 CMakeFiles/plane_remote_control.dir/Core/Src/main.c.obj
                                 0x13 (size before relaxing)
 .comment       0x00000012        0x0 CMakeFiles/plane_remote_control.dir/Core/Src/gpio.c.obj
                                 0x13 (size before relaxing)
 .comment       0x00000012        0x0 CMakeFiles/plane_remote_control.dir/Core/Src/spi.c.obj
                                 0x13 (size before relaxing)
 .comment       0x00000012        0x0 CMakeFiles/plane_remote_control.dir/Core/Src/stm32f1xx_it.c.obj
                                 0x13 (size before relaxing)
 .comment       0x00000012        0x0 CMakeFiles/plane_remote_control.dir/Core/Src/stm32f1xx_hal_msp.c.obj
                                 0x13 (size before relaxing)
 .comment       0x00000012        0x0 CMakeFiles/plane_remote_control.dir/Core/Src/sysmem.c.obj
                                 0x13 (size before relaxing)
 .comment       0x00000012        0x0 CMakeFiles/plane_remote_control.dir/Core/Src/syscalls.c.obj
                                 0x13 (size before relaxing)
 .comment       0x00000012        0x0 CMakeFiles/plane_remote_control.dir/App/utils/utils.c.obj
                                 0x13 (size before relaxing)
 .comment       0x00000012        0x0 CMakeFiles/plane_remote_control.dir/App/remote/remote.c.obj
                                 0x13 (size before relaxing)
 .comment       0x00000012        0x0 CMakeFiles/plane_remote_control.dir/Bsp/gpio/bsp_gpio.c.obj
                                 0x13 (size before relaxing)
 .comment       0x00000012        0x0 CMakeFiles/plane_remote_control.dir/Modules/led/led.c.obj
                                 0x13 (size before relaxing)
 .comment       0x00000012        0x0 CMakeFiles/plane_remote_control.dir/Modules/beep/beep.c.obj
                                 0x13 (size before relaxing)
 .comment       0x00000012        0x0 CMakeFiles/plane_remote_control.dir/Modules/key/key.c.obj
                                 0x13 (size before relaxing)
 .comment       0x00000012        0x0 CMakeFiles/plane_remote_control.dir/Modules/nrf24l01/nrf24l01.c.obj
                                 0x13 (size before relaxing)
 .comment       0x00000012        0x0 cmake/stm32cubemx/CMakeFiles/STM32_Drivers.dir/__/__/Core/Src/system_stm32f1xx.c.obj
                                 0x13 (size before relaxing)
 .comment       0x00000012        0x0 cmake/stm32cubemx/CMakeFiles/STM32_Drivers.dir/__/__/Drivers/STM32F1xx_HAL_Driver/Src/stm32f1xx_hal_spi.c.obj
                                 0x13 (size before relaxing)
 .comment       0x00000012        0x0 cmake/stm32cubemx/CMakeFiles/STM32_Drivers.dir/__/__/Drivers/STM32F1xx_HAL_Driver/Src/stm32f1xx_hal.c.obj
                                 0x13 (size before relaxing)
 .comment       0x00000012        0x0 cmake/stm32cubemx/CMakeFiles/STM32_Drivers.dir/__/__/Drivers/STM32F1xx_HAL_Driver/Src/stm32f1xx_hal_rcc.c.obj
                                 0x13 (size before relaxing)
 .comment       0x00000012        0x0 cmake/stm32cubemx/CMakeFiles/STM32_Drivers.dir/__/__/Drivers/STM32F1xx_HAL_Driver/Src/stm32f1xx_hal_gpio.c.obj
                                 0x13 (size before relaxing)
 .comment       0x00000012        0x0 cmake/stm32cubemx/CMakeFiles/STM32_Drivers.dir/__/__/Drivers/STM32F1xx_HAL_Driver/Src/stm32f1xx_hal_cortex.c.obj
                                 0x13 (size before relaxing)
 .comment       0x00000012        0x0 D:/Application/Work/MSYS2/ucrt64/bin/../lib/gcc/arm-none-eabi/13.3.0/../../../../arm-none-eabi/lib/thumb/v7-m/nofp\libg_nano.a(libc_a-errno.o)
                                 0x13 (size before relaxing)

.debug_info     0x00000000    0x20f97
 .debug_info    0x00000000     0x13dc D:/Application/Work/MSYS2/ucrt64/bin/../lib/gcc/arm-none-eabi/13.3.0/../../../../arm-none-eabi/lib/thumb/v7-m/nofp\libc_nano.a(libc_a-nano-vfprintf_float.o)
 .debug_info    0x000013dc      0xde1 D:/Application/Work/MSYS2/ucrt64/bin/../lib/gcc/arm-none-eabi/13.3.0/../../../../arm-none-eabi/lib/thumb/v7-m/nofp\libc_nano.a(libc_a-nano-vfprintf_i.o)
 .debug_info    0x000021bd     0x10c4 D:/Application/Work/MSYS2/ucrt64/bin/../lib/gcc/arm-none-eabi/13.3.0/../../../../arm-none-eabi/lib/thumb/v7-m/nofp\libc_nano.a(libc_a-findfp.o)
 .debug_info    0x00003281      0x7d2 D:/Application/Work/MSYS2/ucrt64/bin/../lib/gcc/arm-none-eabi/13.3.0/../../../../arm-none-eabi/lib/thumb/v7-m/nofp\libc_nano.a(libc_a-fwalk.o)
 .debug_info    0x00003a53      0xa8a D:/Application/Work/MSYS2/ucrt64/bin/../lib/gcc/arm-none-eabi/13.3.0/../../../../arm-none-eabi/lib/thumb/v7-m/nofp\libc_nano.a(libc_a-stdio.o)
 .debug_info    0x000044dd      0x135 D:/Application/Work/MSYS2/ucrt64/bin/../lib/gcc/arm-none-eabi/13.3.0/../../../../arm-none-eabi/lib/thumb/v7-m/nofp\libc_nano.a(libc_a-memset.o)
 .debug_info    0x00004612      0xa18 D:/Application/Work/MSYS2/ucrt64/bin/../lib/gcc/arm-none-eabi/13.3.0/../../../../arm-none-eabi/lib/thumb/v7-m/nofp\libc_nano.a(libc_a-localeconv.o)
 .debug_info    0x0000502a      0x75d D:/Application/Work/MSYS2/ucrt64/bin/../lib/gcc/arm-none-eabi/13.3.0/../../../../arm-none-eabi/lib/thumb/v7-m/nofp\libc_nano.a(libc_a-closer.o)
 .debug_info    0x00005787      0x8a9 D:/Application/Work/MSYS2/ucrt64/bin/../lib/gcc/arm-none-eabi/13.3.0/../../../../arm-none-eabi/lib/thumb/v7-m/nofp\libc_nano.a(libc_a-reent.o)
 .debug_info    0x00006030      0x715 D:/Application/Work/MSYS2/ucrt64/bin/../lib/gcc/arm-none-eabi/13.3.0/../../../../arm-none-eabi/lib/thumb/v7-m/nofp\libc_nano.a(libc_a-impure.o)
 .debug_info    0x00006745      0x7a8 D:/Application/Work/MSYS2/ucrt64/bin/../lib/gcc/arm-none-eabi/13.3.0/../../../../arm-none-eabi/lib/thumb/v7-m/nofp\libc_nano.a(libc_a-lseekr.o)
 .debug_info    0x00006eed      0x7bf D:/Application/Work/MSYS2/ucrt64/bin/../lib/gcc/arm-none-eabi/13.3.0/../../../../arm-none-eabi/lib/thumb/v7-m/nofp\libc_nano.a(libc_a-readr.o)
 .debug_info    0x000076ac      0x7c5 D:/Application/Work/MSYS2/ucrt64/bin/../lib/gcc/arm-none-eabi/13.3.0/../../../../arm-none-eabi/lib/thumb/v7-m/nofp\libc_nano.a(libc_a-writer.o)
 .debug_info    0x00007e71      0x10b D:/Application/Work/MSYS2/ucrt64/bin/../lib/gcc/arm-none-eabi/13.3.0/../../../../arm-none-eabi/lib/thumb/v7-m/nofp\libc_nano.a(libc_a-init.o)
 .debug_info    0x00007f7c      0x218 D:/Application/Work/MSYS2/ucrt64/bin/../lib/gcc/arm-none-eabi/13.3.0/../../../../arm-none-eabi/lib/thumb/v7-m/nofp\libc_nano.a(libc_a-lock.o)
 .debug_info    0x00008194      0x14a D:/Application/Work/MSYS2/ucrt64/bin/../lib/gcc/arm-none-eabi/13.3.0/../../../../arm-none-eabi/lib/thumb/v7-m/nofp\libc_nano.a(libc_a-memchr-stub.o)
 .debug_info    0x000082de       0xbd D:/Application/Work/MSYS2/ucrt64/bin/../lib/gcc/arm-none-eabi/13.3.0/../../../../arm-none-eabi/lib/thumb/v7-m/nofp\libc_nano.a(libc_a-strlen-stub.o)
 .debug_info    0x0000839b     0x194d D:/Application/Work/MSYS2/ucrt64/bin/../lib/gcc/arm-none-eabi/13.3.0/../../../../arm-none-eabi/lib/thumb/v7-m/nofp\libc_nano.a(libc_a-dtoa.o)
 .debug_info    0x00009ce8      0x889 D:/Application/Work/MSYS2/ucrt64/bin/../lib/gcc/arm-none-eabi/13.3.0/../../../../arm-none-eabi/lib/thumb/v7-m/nofp\libc_nano.a(libc_a-freer.o)
 .debug_info    0x0000a571      0x7a0 D:/Application/Work/MSYS2/ucrt64/bin/../lib/gcc/arm-none-eabi/13.3.0/../../../../arm-none-eabi/lib/thumb/v7-m/nofp\libc_nano.a(libc_a-malloc.o)
 .debug_info    0x0000ad11      0x9c0 D:/Application/Work/MSYS2/ucrt64/bin/../lib/gcc/arm-none-eabi/13.3.0/../../../../arm-none-eabi/lib/thumb/v7-m/nofp\libc_nano.a(libc_a-mallocr.o)
 .debug_info    0x0000b6d1      0x76b D:/Application/Work/MSYS2/ucrt64/bin/../lib/gcc/arm-none-eabi/13.3.0/../../../../arm-none-eabi/lib/thumb/v7-m/nofp\libc_nano.a(libc_a-mlock.o)
 .debug_info    0x0000be3c     0x1f1c D:/Application/Work/MSYS2/ucrt64/bin/../lib/gcc/arm-none-eabi/13.3.0/../../../../arm-none-eabi/lib/thumb/v7-m/nofp\libc_nano.a(libc_a-mprec.o)
 .debug_info    0x0000dd58      0x9f2 D:/Application/Work/MSYS2/ucrt64/bin/../lib/gcc/arm-none-eabi/13.3.0/../../../../arm-none-eabi/lib/thumb/v7-m/nofp\libc_nano.a(libc_a-fflush.o)
 .debug_info    0x0000e74a      0xbc3 D:/Application/Work/MSYS2/ucrt64/bin/../lib/gcc/arm-none-eabi/13.3.0/../../../../arm-none-eabi/lib/thumb/v7-m/nofp\libc_nano.a(libc_a-locale.o)
 .debug_info    0x0000f30d      0x782 D:/Application/Work/MSYS2/ucrt64/bin/../lib/gcc/arm-none-eabi/13.3.0/../../../../arm-none-eabi/lib/thumb/v7-m/nofp\libc_nano.a(libc_a-sbrkr.o)
 .debug_info    0x0000fa8f       0x33 D:/Application/Work/MSYS2/ucrt64/bin/../lib/gcc/arm-none-eabi/13.3.0/../../../../arm-none-eabi/lib/thumb/v7-m/nofp\libc_nano.a(libc_a-memcpy.o)
 .debug_info    0x0000fac2      0x82f D:/Application/Work/MSYS2/ucrt64/bin/../lib/gcc/arm-none-eabi/13.3.0/../../../../arm-none-eabi/lib/thumb/v7-m/nofp\libc_nano.a(libc_a-assert.o)
 .debug_info    0x000102f1      0x7d3 D:/Application/Work/MSYS2/ucrt64/bin/../lib/gcc/arm-none-eabi/13.3.0/../../../../arm-none-eabi/lib/thumb/v7-m/nofp\libc_nano.a(libc_a-callocr.o)
 .debug_info    0x00010ac4      0xaba D:/Application/Work/MSYS2/ucrt64/bin/../lib/gcc/arm-none-eabi/13.3.0/../../../../arm-none-eabi/lib/thumb/v7-m/nofp\libc_nano.a(libc_a-mbtowc_r.o)
 .debug_info    0x0001157e      0xa7a D:/Application/Work/MSYS2/ucrt64/bin/../lib/gcc/arm-none-eabi/13.3.0/../../../../arm-none-eabi/lib/thumb/v7-m/nofp\libc_nano.a(libc_a-wctomb_r.o)
 .debug_info    0x00011ff8       0xb9 D:/Application/Work/MSYS2/ucrt64/bin/../lib/gcc/arm-none-eabi/13.3.0/../../../../arm-none-eabi/lib/thumb/v7-m/nofp\libc_nano.a(libc_a-ctype_.o)
 .debug_info    0x000120b1      0x867 D:/Application/Work/MSYS2/ucrt64/bin/../lib/gcc/arm-none-eabi/13.3.0/../../../../arm-none-eabi/lib/thumb/v7-m/nofp\libc_nano.a(libc_a-fprintf.o)
 .debug_info    0x00012918       0xd8 D:/Application/Work/MSYS2/ucrt64/bin/../lib/gcc/arm-none-eabi/13.3.0/../../../../arm-none-eabi/lib/thumb/v7-m/nofp\libc_nano.a(libc_a-abort.o)
 .debug_info    0x000129f0     0x10d7 D:/Application/Work/MSYS2/ucrt64/bin/../lib/gcc/arm-none-eabi/13.3.0/../../../../arm-none-eabi/lib/thumb/v7-m/nofp\libc_nano.a(libc_a-nano-vfprintf.o)
 .debug_info    0x00013ac7      0xb28 D:/Application/Work/MSYS2/ucrt64/bin/../lib/gcc/arm-none-eabi/13.3.0/../../../../arm-none-eabi/lib/thumb/v7-m/nofp\libc_nano.a(libc_a-fvwrite.o)
 .debug_info    0x000145ef      0x86d D:/Application/Work/MSYS2/ucrt64/bin/../lib/gcc/arm-none-eabi/13.3.0/../../../../arm-none-eabi/lib/thumb/v7-m/nofp\libc_nano.a(libc_a-wbuf.o)
 .debug_info    0x00014e5c      0x7bb D:/Application/Work/MSYS2/ucrt64/bin/../lib/gcc/arm-none-eabi/13.3.0/../../../../arm-none-eabi/lib/thumb/v7-m/nofp\libc_nano.a(libc_a-wsetup.o)
 .debug_info    0x00015617      0x148 D:/Application/Work/MSYS2/ucrt64/bin/../lib/gcc/arm-none-eabi/13.3.0/../../../../arm-none-eabi/lib/thumb/v7-m/nofp\libc_nano.a(libc_a-memmove.o)
 .debug_info    0x0001575f      0xc43 D:/Application/Work/MSYS2/ucrt64/bin/../lib/gcc/arm-none-eabi/13.3.0/../../../../arm-none-eabi/lib/thumb/v7-m/nofp\libc_nano.a(libc_a-signal.o)
 .debug_info    0x000163a2      0x7ea D:/Application/Work/MSYS2/ucrt64/bin/../lib/gcc/arm-none-eabi/13.3.0/../../../../arm-none-eabi/lib/thumb/v7-m/nofp\libc_nano.a(libc_a-signalr.o)
 .debug_info    0x00016b8c      0x8d7 D:/Application/Work/MSYS2/ucrt64/bin/../lib/gcc/arm-none-eabi/13.3.0/../../../../arm-none-eabi/lib/thumb/v7-m/nofp\libc_nano.a(libc_a-reallocr.o)
 .debug_info    0x00017463      0xbf0 D:/Application/Work/MSYS2/ucrt64/bin/../lib/gcc/arm-none-eabi/13.3.0/../../../../arm-none-eabi/lib/thumb/v7-m/nofp\libc_nano.a(libc_a-makebuf.o)
 .debug_info    0x00018053      0x981 D:/Application/Work/MSYS2/ucrt64/bin/../lib/gcc/arm-none-eabi/13.3.0/../../../../arm-none-eabi/lib/thumb/v7-m/nofp\libc_nano.a(libc_a-fstatr.o)
 .debug_info    0x000189d4      0x75d D:/Application/Work/MSYS2/ucrt64/bin/../lib/gcc/arm-none-eabi/13.3.0/../../../../arm-none-eabi/lib/thumb/v7-m/nofp\libc_nano.a(libc_a-isattyr.o)
 .debug_info    0x00019131      0x794 D:/Application/Work/MSYS2/ucrt64/bin/../lib/gcc/arm-none-eabi/13.3.0/../../../../arm-none-eabi/lib/thumb/v7-m/nofp\libc_nano.a(libc_a-msizer.o)
 .debug_info    0x000198c5      0x2b8 CMakeFiles/plane_remote_control.dir/Core/Src/main.c.obj
 .debug_info    0x00019b7d      0x2d3 CMakeFiles/plane_remote_control.dir/Core/Src/gpio.c.obj
 .debug_info    0x00019e50      0x7bc CMakeFiles/plane_remote_control.dir/Core/Src/spi.c.obj
 .debug_info    0x0001a60c      0x113 CMakeFiles/plane_remote_control.dir/Core/Src/stm32f1xx_it.c.obj
 .debug_info    0x0001a71f      0x1f1 CMakeFiles/plane_remote_control.dir/Core/Src/stm32f1xx_hal_msp.c.obj
 .debug_info    0x0001a910      0x168 CMakeFiles/plane_remote_control.dir/Core/Src/sysmem.c.obj
 .debug_info    0x0001aa78      0x6b4 CMakeFiles/plane_remote_control.dir/Core/Src/syscalls.c.obj
 .debug_info    0x0001b12c       0x30 CMakeFiles/plane_remote_control.dir/startup_stm32f103xb.s.obj
 .debug_info    0x0001b15c      0x282 CMakeFiles/plane_remote_control.dir/App/utils/utils.c.obj