Archive member included to satisfy reference by file (symbol)

c:/users/fascinating_sea/.eide/tools/gcc_arm/bin/../lib/gcc/arm-none-eabi/10.2.1/../../../../arm-none-eabi/lib/thumb/v7-m/nofp\libc_nano.a(lib_a-exit.o)
                              c:/users/fascinating_sea/.eide/tools/gcc_arm/bin/../lib/gcc/arm-none-eabi/10.2.1/../../../../arm-none-eabi/lib/thumb/v7-m/nofp/crt0.o (exit)
c:/users/fascinating_sea/.eide/tools/gcc_arm/bin/../lib/gcc/arm-none-eabi/10.2.1/../../../../arm-none-eabi/lib/thumb/v7-m/nofp\libc_nano.a(lib_a-impure.o)
                              c:/users/fascinating_sea/.eide/tools/gcc_arm/bin/../lib/gcc/arm-none-eabi/10.2.1/../../../../arm-none-eabi/lib/thumb/v7-m/nofp\libc_nano.a(lib_a-exit.o) (_global_impure_ptr)
c:/users/fascinating_sea/.eide/tools/gcc_arm/bin/../lib/gcc/arm-none-eabi/10.2.1/../../../../arm-none-eabi/lib/thumb/v7-m/nofp\libc_nano.a(lib_a-init.o)
                              c:/users/fascinating_sea/.eide/tools/gcc_arm/bin/../lib/gcc/arm-none-eabi/10.2.1/../../../../arm-none-eabi/lib/thumb/v7-m/nofp/crt0.o (__libc_init_array)
c:/users/fascinating_sea/.eide/tools/gcc_arm/bin/../lib/gcc/arm-none-eabi/10.2.1/../../../../arm-none-eabi/lib/thumb/v7-m/nofp\libc_nano.a(lib_a-memset.o)
                              c:/users/fascinating_sea/.eide/tools/gcc_arm/bin/../lib/gcc/arm-none-eabi/10.2.1/../../../../arm-none-eabi/lib/thumb/v7-m/nofp/crt0.o (memset)
c:/users/fascinating_sea/.eide/tools/gcc_arm/bin/../lib/gcc/arm-none-eabi/10.2.1/../../../../arm-none-eabi/lib/thumb/v7-m/nofp\libc_nano.a(lib_a-nano-vfprintf_float.o)
                              (_printf_float)
c:/users/fascinating_sea/.eide/tools/gcc_arm/bin/../lib/gcc/arm-none-eabi/10.2.1/../../../../arm-none-eabi/lib/thumb/v7-m/nofp\libc_nano.a(lib_a-nano-vfprintf_i.o)
                              c:/users/fascinating_sea/.eide/tools/gcc_arm/bin/../lib/gcc/arm-none-eabi/10.2.1/../../../../arm-none-eabi/lib/thumb/v7-m/nofp\libc_nano.a(lib_a-nano-vfprintf_float.o) (_printf_common)
c:/users/fascinating_sea/.eide/tools/gcc_arm/bin/../lib/gcc/arm-none-eabi/10.2.1/../../../../arm-none-eabi/lib/thumb/v7-m/nofp\libc_nano.a(lib_a-strlen.o)
                              c:/users/fascinating_sea/.eide/tools/gcc_arm/bin/../lib/gcc/arm-none-eabi/10.2.1/../../../../arm-none-eabi/lib/thumb/v7-m/nofp\libc_nano.a(lib_a-nano-vfprintf_float.o) (strlen)
c:/users/fascinating_sea/.eide/tools/gcc_arm/bin/../lib/gcc/arm-none-eabi/10.2.1/../../../../arm-none-eabi/lib/thumb/v7-m/nofp\libc_nano.a(lib_a-dtoa.o)
                              c:/users/fascinating_sea/.eide/tools/gcc_arm/bin/../lib/gcc/arm-none-eabi/10.2.1/../../../../arm-none-eabi/lib/thumb/v7-m/nofp\libc_nano.a(lib_a-nano-vfprintf_float.o) (_dtoa_r)
c:/users/fascinating_sea/.eide/tools/gcc_arm/bin/../lib/gcc/arm-none-eabi/10.2.1/../../../../arm-none-eabi/lib/thumb/v7-m/nofp\libc_nano.a(lib_a-localeconv.o)
                              c:/users/fascinating_sea/.eide/tools/gcc_arm/bin/../lib/gcc/arm-none-eabi/10.2.1/../../../../arm-none-eabi/lib/thumb/v7-m/nofp\libc_nano.a(lib_a-nano-vfprintf_float.o) (_localeconv_r)
c:/users/fascinating_sea/.eide/tools/gcc_arm/bin/../lib/gcc/arm-none-eabi/10.2.1/../../../../arm-none-eabi/lib/thumb/v7-m/nofp\libc_nano.a(lib_a-malloc.o)
                              c:/users/fascinating_sea/.eide/tools/gcc_arm/bin/../lib/gcc/arm-none-eabi/10.2.1/../../../../arm-none-eabi/lib/thumb/v7-m/nofp\libc_nano.a(lib_a-dtoa.o) (malloc)
c:/users/fascinating_sea/.eide/tools/gcc_arm/bin/../lib/gcc/arm-none-eabi/10.2.1/../../../../arm-none-eabi/lib/thumb/v7-m/nofp\libc_nano.a(lib_a-memchr-stub.o)
                              c:/users/fascinating_sea/.eide/tools/gcc_arm/bin/../lib/gcc/arm-none-eabi/10.2.1/../../../../arm-none-eabi/lib/thumb/v7-m/nofp\libc_nano.a(lib_a-nano-vfprintf_i.o) (memchr)
c:/users/fascinating_sea/.eide/tools/gcc_arm/bin/../lib/gcc/arm-none-eabi/10.2.1/../../../../arm-none-eabi/lib/thumb/v7-m/nofp\libc_nano.a(lib_a-memcpy-stub.o)
                              c:/users/fascinating_sea/.eide/tools/gcc_arm/bin/../lib/gcc/arm-none-eabi/10.2.1/../../../../arm-none-eabi/lib/thumb/v7-m/nofp\libc_nano.a(lib_a-dtoa.o) (memcpy)
c:/users/fascinating_sea/.eide/tools/gcc_arm/bin/../lib/gcc/arm-none-eabi/10.2.1/../../../../arm-none-eabi/lib/thumb/v7-m/nofp\libc_nano.a(lib_a-mprec.o)
                              c:/users/fascinating_sea/.eide/tools/gcc_arm/bin/../lib/gcc/arm-none-eabi/10.2.1/../../../../arm-none-eabi/lib/thumb/v7-m/nofp\libc_nano.a(lib_a-dtoa.o) (_Balloc)
c:/users/fascinating_sea/.eide/tools/gcc_arm/bin/../lib/gcc/arm-none-eabi/10.2.1/../../../../arm-none-eabi/lib/thumb/v7-m/nofp\libc_nano.a(lib_a-nano-callocr.o)
                              c:/users/fascinating_sea/.eide/tools/gcc_arm/bin/../lib/gcc/arm-none-eabi/10.2.1/../../../../arm-none-eabi/lib/thumb/v7-m/nofp\libc_nano.a(lib_a-mprec.o) (_calloc_r)
[...]
Memory Configuration

Name             Origin             Length             Attributes
RAM              0x20000000         0x00005000         xrw
FLASH            0x08000000         0x00010000         xr
*default*        0x00000000         0xffffffff

Linker script and memory map

LOAD c:/users/fascinating_sea/.eide/tools/gcc_arm/bin/../lib/gcc/arm-none-eabi/10.2.1/thumb/v7-m/nofp/crti.o
LOAD c:/users/fascinating_sea/.eide/tools/gcc_arm/bin/../lib/gcc/arm-none-eabi/10.2.1/thumb/v7-m/nofp/crtbegin.o
LOAD c:/users/fascinating_sea/.eide/tools/gcc_arm/bin/../lib/gcc/arm-none-eabi/10.2.1/../../../../arm-none-eabi/lib/thumb/v7-m/nofp/crt0.o
LOAD c:/users/fascinating_sea/.eide/tools/gcc_arm/bin/../lib/gcc/arm-none-eabi/10.2.1/../../../../arm-none-eabi/lib/thumb/v7-m/nofp\libc_nano.a
LOAD CMakeFiles/plane_remote_control.dir/Core/Src/main.c.obj
LOAD CMakeFiles/plane_remote_control.dir/Core/Src/gpio.c.obj
LOAD CMakeFiles/plane_remote_control.dir/Core/Src/spi.c.obj
LOAD CMakeFiles/plane_remote_control.dir/Core/Src/stm32f1xx_it.c.obj
LOAD CMakeFiles/plane_remote_control.dir/Core/Src/stm32f1xx_hal_msp.c.obj
LOAD CMakeFiles/plane_remote_control.dir/Core/Src/sysmem.c.obj
LOAD CMakeFiles/plane_remote_control.dir/Core/Src/syscalls.c.obj
LOAD CMakeFiles/plane_remote_control.dir/startup_stm32f103xb.s.obj
LOAD CMakeFiles/plane_remote_control.dir/App/utils/utils.c.obj
LOAD CMakeFiles/plane_remote_control.dir/Bsp/delay/bsp_delay.c.obj
LOAD CMakeFiles/plane_remote_control.dir/Bsp/gpio/bsp_gpio.c.obj
LOAD CMakeFiles/plane_remote_control.dir/Bsp/iic/bsp_iic.c.obj
LOAD CMakeFiles/plane_remote_control.dir/Modules/led/led.c.obj
LOAD CMakeFiles/plane_remote_control.dir/Modules/beep/beep.c.obj
LOAD CMakeFiles/plane_remote_control.dir/Modules/key/key.c.obj
LOAD CMakeFiles/plane_remote_control.dir/Modules/nrf24l01/nrf24l01.c.obj
LOAD cmake/stm32cubemx/CMakeFiles/STM32_Drivers.dir/__/__/Core/Src/system_stm32f1xx.c.obj
LOAD cmake/stm32cubemx/CMakeFiles/STM32_Drivers.dir/__/__/Drivers/STM32F1xx_HAL_Driver/Src/stm32f1xx_hal_gpio_ex.c.obj
LOAD cmake/stm32cubemx/CMakeFiles/STM32_Drivers.dir/__/__/Drivers/STM32F1xx_HAL_Driver/Src/stm32f1xx_hal_spi.c.obj
LOAD cmake/stm32cubemx/CMakeFiles/STM32_Drivers.dir/__/__/Drivers/STM32F1xx_HAL_Driver/Src/stm32f1xx_hal.c.obj
LOAD cmake/stm32cubemx/CMakeFiles/STM32_Drivers.dir/__/__/Drivers/STM32F1xx_HAL_Driver/Src/stm32f1xx_hal_rcc.c.obj
LOAD cmake/stm32cubemx/CMakeFiles/STM32_Drivers.dir/__/__/Drivers/STM32F1xx_HAL_Driver/Src/stm32f1xx_hal_rcc_ex.c.obj
LOAD cmake/stm32cubemx/CMakeFiles/STM32_Drivers.dir/__/__/Drivers/STM32F1xx_HAL_Driver/Src/stm32f1xx_hal_gpio.c.obj
LOAD cmake/stm32cubemx/CMakeFiles/STM32_Drivers.dir/__/__/Drivers/STM32F1xx_HAL_Driver/Src/stm32f1xx_hal_dma.c.obj
LOAD cmake/stm32cubemx/CMakeFiles/STM32_Drivers.dir/__/__/Drivers/STM32F1xx_HAL_Driver/Src/stm32f1xx_hal_cortex.c.obj
LOAD cmake/stm32cubemx/CMakeFiles/STM32_Drivers.dir/__/__/Drivers/STM32F1xx_HAL_Driver/Src/stm32f1xx_hal_pwr.c.obj
LOAD cmake/stm32cubemx/CMakeFiles/STM32_Drivers.dir/__/__/Drivers/STM32F1xx_HAL_Driver/Src/stm32f1xx_hal_flash.c.obj
LOAD cmake/stm32cubemx/CMakeFiles/STM32_Drivers.dir/__/__/Drivers/STM32F1xx_HAL_Driver/Src/stm32f1xx_hal_flash_ex.c.obj
LOAD cmake/stm32cubemx/CMakeFiles/STM32_Drivers.dir/__/__/Drivers/STM32F1xx_HAL_Driver/Src/stm32f1xx_hal_exti.c.obj
LOAD c:/users/fascinating_sea/.eide/tools/gcc_arm/bin/../lib/gcc/arm-none-eabi/10.2.1/../../../../arm-none-eabi/lib/thumb/v7-m/nofp\libm.a
LOAD c:/users/fascinating_sea/.eide/tools/gcc_arm/bin/../lib/gcc/arm-none-eabi/10.2.1/../../../../arm-none-eabi/lib/thumb/v7-m/nofp\libm.a
START GROUP
LOAD c:/users/fascinating_sea/.eide/tools/gcc_arm/bin/../lib/gcc/arm-none-eabi/10.2.1/thumb/v7-m/nofp\libgcc.a
LOAD c:/users/fascinating_sea/.eide/tools/gcc_arm/bin/../lib/gcc/arm-none-eabi/10.2.1/../../../../arm-none-eabi/lib/thumb/v7-m/nofp\libg_nano.a
LOAD c:/users/fascinating_sea/.eide/tools/gcc_arm/bin/../lib/gcc/arm-none-eabi/10.2.1/../../../../arm-none-eabi/lib/thumb/v7-m/nofp\libc_nano.a
END GROUP
START GROUP
LOAD c:/users/fascinating_sea/.eide/tools/gcc_arm/bin/../lib/gcc/arm-none-eabi/10.2.1/thumb/v7-m/nofp\libgcc.a
LOAD c:/users/fascinating_sea/.eide/tools/gcc_arm/bin/../lib/gcc/arm-none-eabi/10.2.1/../../../../arm-none-eabi/lib/thumb/v7-m/nofp\libc_nano.a
END GROUP
LOAD c:/users/fascinating_sea/.eide/tools/gcc_arm/bin/../lib/gcc/arm-none-eabi/10.2.1/thumb/v7-m/nofp/crtend.o
LOAD c:/users/fascinating_sea/.eide/tools/gcc_arm/bin/../lib/gcc/arm-none-eabi/10.2.1/thumb/v7-m/nofp/crtn.o
                0x20005000                _estack = (ORIGIN (RAM) + LENGTH (RAM))
                0x00000200                _Min_Heap_Size = 0x200
                0x00000400                _Min_Stack_Size = 0x400

.isr_vector     0x08000000      0x10c
                0x08000000                . = ALIGN (0x4)
 *(.isr_vector)
 .isr_vector    0x08000000      0x10c CMakeFiles/plane_remote_control.dir/startup_stm32f103xb.s.obj
                0x08000000                g_pfnVectors
                0x0800010c                . = ALIGN (0x4)

.text           0x08000110     0x560c
                0x08000110                . = ALIGN (0x4)
 *(.text)
 .text          0x08000110       0x40 c:/users/fascinating_sea/.eide/tools/gcc_arm/bin/../lib/gcc/arm-none-eabi/10.2.1/thumb/v7-m/nofp/crtbegin.o
 .text          0x08000150       0x10 c:/users/fascinating_sea/.eide/tools/gcc_arm/bin/../lib/gcc/arm-none-eabi/10.2.1/../../../../arm-none-eabi/lib/thumb/v7-m/nofp\libc_nano.a(lib_a-strlen.o)
                0x08000150                strlen
 .text          0x08000160      0x378 c:/users/fascinating_sea/.eide/tools/gcc_arm/bin/../lib/gcc/arm-none-eabi/10.2.1/thumb/v7-m/nofp\libgcc.a(_arm_addsubdf3.o)
                0x08000160                __aeabi_drsub
                0x08000168                __aeabi_dsub
                0x08000168                __subdf3
                0x0800016c                __aeabi_dadd
                0x0800016c                __adddf3
                0x080003e4                __floatunsidf
                0x080003e4                __aeabi_ui2d
                0x08000404                __floatsidf
                0x08000404                __aeabi_i2d
                0x08000428                __aeabi_f2d
                0x08000428                __extendsfdf2
                0x0800046c                __floatundidf
                0x0800046c                __aeabi_ul2d
                0x0800047c                __floatdidf
                0x0800047c                __aeabi_l2d
 .text          0x080004d8      0x424 c:/users/fascinating_sea/.eide/tools/gcc_arm/bin/../lib/gcc/arm-none-eabi/10.2.1/thumb/v7-m/nofp\libgcc.a(_arm_muldivdf3.o)
                0x080004d8                __aeabi_dmul
                0x080004d8                __muldf3
                0x0800072c                __divdf3
                0x0800072c                __aeabi_ddiv
 .text          0x080008fc      0x110 c:/users/fascinating_sea/.eide/tools/gcc_arm/bin/../lib/gcc/arm-none-eabi/10.2.1/thumb/v7-m/nofp\libgcc.a(_arm_cmpdf2.o)
                0x080008fc                __gtdf2
                0x080008fc                __gedf2
                0x08000904                __ltdf2
                0x08000904                __ledf2
                0x0800090c                __nedf2
                0x0800090c                __eqdf2
                0x0800090c                __cmpdf2
                0x08000988                __aeabi_cdrcmple
                0x08000998                __aeabi_cdcmpeq
                0x08000998                __aeabi_cdcmple
                0x080009a8                __aeabi_dcmpeq
                0x080009bc                __aeabi_dcmplt
                0x080009d0                __aeabi_dcmple
                0x080009e4                __aeabi_dcmpge
                0x080009f8                __aeabi_dcmpgt
 .text          0x08000a0c       0x2c c:/users/fascinating_sea/.eide/tools/gcc_arm/bin/../lib/gcc/arm-none-eabi/10.2.1/thumb/v7-m/nofp\libgcc.a(_arm_unorddf2.o)
                0x08000a0c                __unorddf2
                0x08000a0c                __aeabi_dcmpun
 .text          0x08000a38       0x50 c:/users/fascinating_sea/.eide/tools/gcc_arm/bin/../lib/gcc/arm-none-eabi/10.2.1/thumb/v7-m/nofp\libgcc.a(_arm_fixdfsi.o)
                0x08000a38                __aeabi_d2iz
                0x08000a38                __fixdfsi
 *(.text*)
 .text.__libc_init_array
                0x08000a88       0x48 c:/users/fascinating_sea/.eide/tools/gcc_arm/bin/../lib/gcc/arm-none-eabi/10.2.1/../../../../arm-none-eabi/lib/thumb/v7-m/nofp\libc_nano.a(lib_a-init.o)
                0x08000a88                __libc_init_array
 .text.memset   0x08000ad0       0x10 c:/users/fascinating_sea/.eide/tools/gcc_arm/bin/../lib/gcc/arm-none-eabi/10.2.1/../../../../arm-none-eabi/lib/thumb/v7-m/nofp\libc_nano.a(lib_a-memset.o)
                0x08000ad0                memset
 .text.__cvt    0x08000ae0       0xbe c:/users/fascinating_sea/.eide/tools/gcc_arm/bin/../lib/gcc/arm-none-eabi/10.2.1/../../../../arm-none-eabi/lib/thumb/v7-m/nofp\libc_nano.a(lib_a-nano-vfprintf_float.o)
                0x08000ae0                __cvt
 .text.__exponent
                0x08000b9e       0x7c c:/users/fascinating_sea/.eide/tools/gcc_arm/bin/../lib/gcc/arm-none-eabi/10.2.1/../../../../arm-none-eabi/lib/thumb/v7-m/nofp\libc_nano.a(lib_a-nano-vfprintf_float.o)
                0x08000b9e                __exponent
 *fill*         0x08000c1a        0x2 
 .text._printf_float
                0x08000c1c      0x458 c:/users/fascinating_sea/.eide/tools/gcc_arm/bin/../lib/gcc/arm-none-eabi/10.2.1/../../../../arm-none-eabi/lib/thumb/v7-m/nofp\libc_nano.a(lib_a-nano-vfprintf_float.o)
                0x08000c1c                _printf_float
 .text._printf_common
                0x08001074       0xde c:/users/fascinating_sea/.eide/tools/gcc_arm/bin/../lib/gcc/arm-none-eabi/10.2.1/../../../../arm-none-eabi/lib/thumb/v7-m/nofp\libc_nano.a(lib_a-nano-vfprintf_i.o)
                0x08001074                _printf_common
 *fill*         0x08001152        0x2 
 .text._printf_i
                0x08001154      0x24c c:/users/fascinating_sea/.eide/tools/gcc_arm/bin/../lib/gcc/arm-none-eabi/10.2.1/../../../../arm-none-eabi/lib/thumb/v7-m/nofp\libc_nano.a(lib_a-nano-vfprintf_i.o)
                0x08001154                _printf_i
 .text.quorem   0x080013a0      0x118 c:/users/fascinating_sea/.eide/tools/gcc_arm/bin/../lib/gcc/arm-none-eabi/10.2.1/../../../../arm-none-eabi/lib/thumb/v7-m/nofp\libc_nano.a(lib_a-dtoa.o)
 .text._dtoa_r  0x080014b8      0xbdc c:/users/fascinating_sea/.eide/tools/gcc_arm/bin/../lib/gcc/arm-none-eabi/10.2.1/../../../../arm-none-eabi/lib/thumb/v7-m/nofp\libc_nano.a(lib_a-dtoa.o)
                0x080014b8                _dtoa_r
 .text._localeconv_r
                0x08002094        0x8 c:/users/fascinating_sea/.eide/tools/gcc_arm/bin/../lib/gcc/arm-none-eabi/10.2.1/../../../../arm-none-eabi/lib/thumb/v7-m/nofp\libc_nano.a(lib_a-localeconv.o)
                0x08002094                _localeconv_r
 .text.malloc   0x0800209c       0x10 c:/users/fascinating_sea/.eide/tools/gcc_arm/bin/../lib/gcc/arm-none-eabi/10.2.1/../../../../arm-none-eabi/lib/thumb/v7-m/nofp\libc_nano.a(lib_a-malloc.o)
                0x0800209c                malloc
 .text.memchr   0x080020ac       0x1c c:/users/fascinating_sea/.eide/tools/gcc_arm/bin/../lib/gcc/arm-none-eabi/10.2.1/../../../../arm-none-eabi/lib/thumb/v7-m/nofp\libc_nano.a(lib_a-memchr-stub.o)
                0x080020ac                memchr
 .text.memcpy   0x080020c8       0x1c c:/users/fascinating_sea/.eide/tools/gcc_arm/bin/../lib/gcc/arm-none-eabi/10.2.1/../../../../arm-none-eabi/lib/thumb/v7-m/nofp\libc_nano.a(lib_a-memcpy-stub.o)
                0x080020c8                memcpy
 .text._Balloc  0x080020e4       0x80 c:/users/fascinating_sea/.eide/tools/gcc_arm/bin/../lib/gcc/arm-none-eabi/10.2.1/../../../../arm-none-eabi/lib/thumb/v7-m/nofp\libc_nano.a(lib_a-mprec.o)
                0x080020e4                _Balloc
 .text._Bfree   0x08002164       0x44 c:/users/fascinating_sea/.eide/tools/gcc_arm/bin/../lib/gcc/arm-none-eabi/10.2.1/../../../../arm-none-eabi/lib/thumb/v7-m/nofp\libc_nano.a(lib_a-mprec.o)
                0x08002164                _Bfree
 .text.__multadd
                0x080021a8       0x8c c:/users/fascinating_sea/.eide/tools/gcc_arm/bin/../lib/gcc/arm-none-eabi/10.2.1/../../../../arm-none-eabi/lib/thumb/v7-m/nofp\libc_nano.a(lib_a-mprec.o)
                0x080021a8                __multadd
 .text.__hi0bits
                0x08002234       0x40 c:/users/fascinating_sea/.eide/tools/gcc_arm/bin/../lib/gcc/arm-none-eabi/10.2.1/../../../../arm-none-eabi/lib/thumb/v7-m/nofp\libc_nano.a(lib_a-mprec.o)
                0x08002234                __hi0bits
 .text.__lo0bits
                0x08002274       0x5a c:/users/fascinating_sea/.eide/tools/gcc_arm/bin/../lib/gcc/arm-none-eabi/10.2.1/../../../../arm-none-eabi/lib/thumb/v7-m/nofp\libc_nano.a(lib_a-mprec.o)
                0x08002274                __lo0bits
 *fill*         0x080022ce        0x2 
 .text.__i2b    0x080022d0       0x2c c:/users/fascinating_sea/.eide/tools/gcc_arm/bin/../lib/gcc/arm-none-eabi/10.2.1/../../../../arm-none-eabi/lib/thumb/v7-m/nofp\libc_nano.a(lib_a-mprec.o)
                0x080022d0                __i2b
 .text.__multiply
                0x080022fc      0x150 c:/users/fascinating_sea/.eide/tools/gcc_arm/bin/../lib/gcc/arm-none-eabi/10.2.1/../../../../arm-none-eabi/lib/thumb/v7-m/nofp\libc_nano.a(lib_a-mprec.o)
                0x080022fc                __multiply
 .text.__pow5mult
                0x0800244c       0xb4 c:/users/fascinating_sea/.eide/tools/gcc_arm/bin/../lib/gcc/arm-none-eabi/10.2.1/../../../../arm-none-eabi/lib/thumb/v7-m/nofp\libc_nano.a(lib_a-mprec.o)
                0x0800244c                __pow5mult
 .text.__lshift
                0x08002500       0xe0 c:/users/fascinating_sea/.eide/tools/gcc_arm/bin/../lib/gcc/arm-none-eabi/10.2.1/../../../../arm-none-eabi/lib/thumb/v7-m/nofp\libc_nano.a(lib_a-mprec.o)
                0x08002500                __lshift
 .text.__mcmp   0x080025e0       0x36 c:/users/fascinating_sea/.eide/tools/gcc_arm/bin/../lib/gcc/arm-none-eabi/10.2.1/../../../../arm-none-eabi/lib/thumb/v7-m/nofp\libc_nano.a(lib_a-mprec.o)
                0x080025e0                __mcmp
 *fill*         0x08002616        0x2 
 .text.__mdiff  0x08002618      0x118 c:/users/fascinating_sea/.eide/tools/gcc_arm/bin/../lib/gcc/arm-none-eabi/10.2.1/../../../../arm-none-eabi/lib/thumb/v7-m/nofp\libc_nano.a(lib_a-mprec.o)
                0x08002618                __mdiff
 .text.__d2b    0x08002730       0xb8 c:/users/fascinating_sea/.eide/tools/gcc_arm/bin/../lib/gcc/arm-none-eabi/10.2.1/../../../../arm-none-eabi/lib/thumb/v7-m/nofp\libc_nano.a(lib_a-mprec.o)
                0x08002730                __d2b
 .text._calloc_r
                0x080027e8       0x1c c:/users/fascinating_sea/.eide/tools/gcc_arm/bin/../lib/gcc/arm-none-eabi/10.2.1/../../../../arm-none-eabi/lib/thumb/v7-m/nofp\libc_nano.a(lib_a-nano-callocr.o)
                0x080027e8                _calloc_r
 .text._free_r  0x08002804       0x90 c:/users/fascinating_sea/.eide/tools/gcc_arm/bin/../lib/gcc/arm-none-eabi/10.2.1/../../../../arm-none-eabi/lib/thumb/v7-m/nofp\libc_nano.a(lib_a-nano-freer.o)
                0x08002804                _free_r
 .text._malloc_r
                0x08002894       0xb4 c:/users/fascinating_sea/.eide/tools/gcc_arm/bin/../lib/gcc/arm-none-eabi/10.2.1/../../../../arm-none-eabi/lib/thumb/v7-m/nofp\libc_nano.a(lib_a-nano-mallocr.o)
                0x08002894                _malloc_r
 .text._sbrk_r  0x08002948       0x20 c:/users/fascinating_sea/.eide/tools/gcc_arm/bin/../lib/gcc/arm-none-eabi/10.2.1/../../../../arm-none-eabi/lib/thumb/v7-m/nofp\libc_nano.a(lib_a-sbrkr.o)
                0x08002948                _sbrk_r
 .text.__assert_func
                0x08002968       0x3c c:/users/fascinating_sea/.eide/tools/gcc_arm/bin/../lib/gcc/arm-none-eabi/10.2.1/../../../../arm-none-eabi/lib/thumb/v7-m/nofp\libc_nano.a(lib_a-assert.o)
                0x08002968                __assert_func
 .text.fprintf  0x080029a4       0x24 c:/users/fascinating_sea/.eide/tools/gcc_arm/bin/../lib/gcc/arm-none-eabi/10.2.1/../../../../arm-none-eabi/lib/thumb/v7-m/nofp\libc_nano.a(lib_a-fprintf.o)
                0x080029a4                fiprintf
                0x080029a4                fprintf
 .text.__ascii_mbtowc
                0x080029c8       0x24 c:/users/fascinating_sea/.eide/tools/gcc_arm/bin/../lib/gcc/arm-none-eabi/10.2.1/../../../../arm-none-eabi/lib/thumb/v7-m/nofp\libc_nano.a(lib_a-mbtowc_r.o)
                0x080029c8                __ascii_mbtowc
 .text.__malloc_lock
                0x080029ec        0xc c:/users/fascinating_sea/.eide/tools/gcc_arm/bin/../lib/gcc/arm-none-eabi/10.2.1/../../../../arm-none-eabi/lib/thumb/v7-m/nofp\libc_nano.a(lib_a-mlock.o)
                0x080029ec                __malloc_lock
 .text.__malloc_unlock
                0x080029f8        0xc c:/users/fascinating_sea/.eide/tools/gcc_arm/bin/../lib/gcc/arm-none-eabi/10.2.1/../../../../arm-none-eabi/lib/thumb/v7-m/nofp\libc_nano.a(lib_a-mlock.o)
                0x080029f8                __malloc_unlock
 .text.__sfputc_r
                0x08002a04       0x2a c:/users/fascinating_sea/.eide/tools/gcc_arm/bin/../lib/gcc/arm-none-eabi/10.2.1/../../../../arm-none-eabi/lib/thumb/v7-m/nofp\libc_nano.a(lib_a-nano-vfprintf.o)
 .text.__sfputs_r
                0x08002a2e       0x24 c:/users/fascinating_sea/.eide/tools/gcc_arm/bin/../lib/gcc/arm-none-eabi/10.2.1/../../../../arm-none-eabi/lib/thumb/v7-m/nofp\libc_nano.a(lib_a-nano-vfprintf.o)
                0x08002a2e                __sfputs_r
 *fill*         0x08002a52        0x2 
 .text._vfprintf_r
                0x08002a54      0x260 c:/users/fascinating_sea/.eide/tools/gcc_arm/bin/../lib/gcc/arm-none-eabi/10.2.1/../../../../arm-none-eabi/lib/thumb/v7-m/nofp\libc_nano.a(lib_a-nano-vfprintf.o)
                0x08002a54                _vfprintf_r
                0x08002a54                _vfiprintf_r
 .text.__swbuf_r
                0x08002cb4       0xa4 c:/users/fascinating_sea/.eide/tools/gcc_arm/bin/../lib/gcc/arm-none-eabi/10.2.1/../../../../arm-none-eabi/lib/thumb/v7-m/nofp\libc_nano.a(lib_a-wbuf.o)
                0x08002cb4                __swbuf_r
 .text.__ascii_wctomb
                0x08002d58       0x1a c:/users/fascinating_sea/.eide/tools/gcc_arm/bin/../lib/gcc/arm-none-eabi/10.2.1/../../../../arm-none-eabi/lib/thumb/v7-m/nofp\libc_nano.a(lib_a-wctomb_r.o)
                0x08002d58                __ascii_wctomb
 *fill*         0x08002d72        0x2 
 .text.__swsetup_r
                0x08002d74       0xdc c:/users/fascinating_sea/.eide/tools/gcc_arm/bin/../lib/gcc/arm-none-eabi/10.2.1/../../../../arm-none-eabi/lib/thumb/v7-m/nofp\libc_nano.a(lib_a-wsetup.o)
                0x08002d74                __swsetup_r
 .text.abort    0x08002e50        0xe c:/users/fascinating_sea/.eide/tools/gcc_arm/bin/../lib/gcc/arm-none-eabi/10.2.1/../../../../arm-none-eabi/lib/thumb/v7-m/nofp\libc_nano.a(lib_a-abort.o)
                0x08002e50                abort
 *fill*         0x08002e5e        0x2 
 .text.__sflush_r
                0x08002e60      0x104 c:/users/fascinating_sea/.eide/tools/gcc_arm/bin/../lib/gcc/arm-none-eabi/10.2.1/../../../../arm-none-eabi/lib/thumb/v7-m/nofp\libc_nano.a(lib_a-fflush.o)
                0x08002e60                __sflush_r
 .text._fflush_r
                0x08002f64       0x78 c:/users/fascinating_sea/.eide/tools/gcc_arm/bin/../lib/gcc/arm-none-eabi/10.2.1/../../../../arm-none-eabi/lib/thumb/v7-m/nofp\libc_nano.a(lib_a-fflush.o)
                0x08002f64                _fflush_r
 .text.std      0x08002fdc       0x48 c:/users/fascinating_sea/.eide/tools/gcc_arm/bin/../lib/gcc/arm-none-eabi/10.2.1/../../../../arm-none-eabi/lib/thumb/v7-m/nofp\libc_nano.a(lib_a-findfp.o)
 .text._cleanup_r
                0x08003024        0xc c:/users/fascinating_sea/.eide/tools/gcc_arm/bin/../lib/gcc/arm-none-eabi/10.2.1/../../../../arm-none-eabi/lib/thumb/v7-m/nofp\libc_nano.a(lib_a-findfp.o)
                0x08003024                _cleanup_r
 .text.__sfmoreglue
                0x08003030       0x2c c:/users/fascinating_sea/.eide/tools/gcc_arm/bin/../lib/gcc/arm-none-eabi/10.2.1/../../../../arm-none-eabi/lib/thumb/v7-m/nofp\libc_nano.a(lib_a-findfp.o)
                0x08003030                __sfmoreglue
 .text.__sfp_lock_acquire
                0x0800305c        0xc c:/users/fascinating_sea/.eide/tools/gcc_arm/bin/../lib/gcc/arm-none-eabi/10.2.1/../../../../arm-none-eabi/lib/thumb/v7-m/nofp\libc_nano.a(lib_a-findfp.o)
                0x0800305c                __sfp_lock_acquire
 .text.__sfp_lock_release
                0x08003068        0xc c:/users/fascinating_sea/.eide/tools/gcc_arm/bin/../lib/gcc/arm-none-eabi/10.2.1/../../../../arm-none-eabi/lib/thumb/v7-m/nofp\libc_nano.a(lib_a-findfp.o)
                0x08003068                __sfp_lock_release
 .text.__sinit_lock_acquire
                0x08003074        0xc c:/users/fascinating_sea/.eide/tools/gcc_arm/bin/../lib/gcc/arm-none-eabi/10.2.1/../../../../arm-none-eabi/lib/thumb/v7-m/nofp\libc_nano.a(lib_a-findfp.o)
                0x08003074                __sinit_lock_acquire
 .text.__sinit_lock_release
                0x08003080        0xc c:/users/fascinating_sea/.eide/tools/gcc_arm/bin/../lib/gcc/arm-none-eabi/10.2.1/../../../../arm-none-eabi/lib/thumb/v7-m/nofp\libc_nano.a(lib_a-findfp.o)
                0x08003080                __sinit_lock_release
 .text.__sinit  0x0800308c       0x70 c:/users/fascinating_sea/.eide/tools/gcc_arm/bin/../lib/gcc/arm-none-eabi/10.2.1/../../../../arm-none-eabi/lib/thumb/v7-m/nofp\libc_nano.a(lib_a-findfp.o)
                0x0800308c                __sinit
 .text.__sfp    0x080030fc       0x8c c:/users/fascinating_sea/.eide/tools/gcc_arm/bin/../lib/gcc/arm-none-eabi/10.2.1/../../../../arm-none-eabi/lib/thumb/v7-m/nofp\libc_nano.a(lib_a-findfp.o)
                0x080030fc                __sfp
 .text._fwalk_reent
                0x08003188       0x3e c:/users/fascinating_sea/.eide/tools/gcc_arm/bin/../lib/gcc/arm-none-eabi/10.2.1/../../../../arm-none-eabi/lib/thumb/v7-m/nofp\libc_nano.a(lib_a-fwalk.o)
                0x08003188                _fwalk_reent
 .text.__retarget_lock_init_recursive
                0x080031c6        0x2 c:/users/fascinating_sea/.eide/tools/gcc_arm/bin/../lib/gcc/arm-none-eabi/10.2.1/../../../../arm-none-eabi/lib/thumb/v7-m/nofp\libc_nano.a(lib_a-lock.o)
                0x080031c6                __retarget_lock_init_recursive
 .text.__retarget_lock_acquire_recursive
                0x080031c8        0x2 c:/users/fascinating_sea/.eide/tools/gcc_arm/bin/../lib/gcc/arm-none-eabi/10.2.1/../../../../arm-none-eabi/lib/thumb/v7-m/nofp\libc_nano.a(lib_a-lock.o)
                0x080031c8                __retarget_lock_acquire_recursive
 .text.__retarget_lock_release_recursive
                0x080031ca        0x2 c:/users/fascinating_sea/.eide/tools/gcc_arm/bin/../lib/gcc/arm-none-eabi/10.2.1/../../../../arm-none-eabi/lib/thumb/v7-m/nofp\libc_nano.a(lib_a-lock.o)
                0x080031ca                __retarget_lock_release_recursive
 .text.__swhatbuf_r
                0x080031cc       0x4a c:/users/fascinating_sea/.eide/tools/gcc_arm/bin/../lib/gcc/arm-none-eabi/10.2.1/../../../../arm-none-eabi/lib/thumb/v7-m/nofp\libc_nano.a(lib_a-makebuf.o)
                0x080031cc                __swhatbuf_r
 *fill*         0x08003216        0x2 
 .text.__smakebuf_r
                0x08003218       0x80 c:/users/fascinating_sea/.eide/tools/gcc_arm/bin/../lib/gcc/arm-none-eabi/10.2.1/../../../../arm-none-eabi/lib/thumb/v7-m/nofp\libc_nano.a(lib_a-makebuf.o)
                0x08003218                __smakebuf_r
 .text._raise_r
                0x08003298       0x50 c:/users/fascinating_sea/.eide/tools/gcc_arm/bin/../lib/gcc/arm-none-eabi/10.2.1/../../../../arm-none-eabi/lib/thumb/v7-m/nofp\libc_nano.a(lib_a-signal.o)
                0x08003298                _raise_r
 .text.raise    0x080032e8       0x10 c:/users/fascinating_sea/.eide/tools/gcc_arm/bin/../lib/gcc/arm-none-eabi/10.2.1/../../../../arm-none-eabi/lib/thumb/v7-m/nofp\libc_nano.a(lib_a-signal.o)
                0x080032e8                raise
 .text._kill_r  0x080032f8       0x24 c:/users/fascinating_sea/.eide/tools/gcc_arm/bin/../lib/gcc/arm-none-eabi/10.2.1/../../../../arm-none-eabi/lib/thumb/v7-m/nofp\libc_nano.a(lib_a-signalr.o)
                0x080032f8                _kill_r
 .text._getpid_r
                0x0800331c        0x4 c:/users/fascinating_sea/.eide/tools/gcc_arm/bin/../lib/gcc/arm-none-eabi/10.2.1/../../../../arm-none-eabi/lib/thumb/v7-m/nofp\libc_nano.a(lib_a-signalr.o)
                0x0800331c                _getpid_r
 .text.__sread  0x08003320       0x22 c:/users/fascinating_sea/.eide/tools/gcc_arm/bin/../lib/gcc/arm-none-eabi/10.2.1/../../../../arm-none-eabi/lib/thumb/v7-m/nofp\libc_nano.a(lib_a-stdio.o)
                0x08003320                __sread
 .text.__swrite
                0x08003342       0x38 c:/users/fascinating_sea/.eide/tools/gcc_arm/bin/../lib/gcc/arm-none-eabi/10.2.1/../../../../arm-none-eabi/lib/thumb/v7-m/nofp\libc_nano.a(lib_a-stdio.o)
                0x08003342                __swrite
 .text.__sseek  0x0800337a       0x24 c:/users/fascinating_sea/.eide/tools/gcc_arm/bin/../lib/gcc/arm-none-eabi/10.2.1/../../../../arm-none-eabi/lib/thumb/v7-m/nofp\libc_nano.a(lib_a-stdio.o)
                0x0800337a                __sseek
 .text.__sclose
                0x0800339e        0x8 c:/users/fascinating_sea/.eide/tools/gcc_arm/bin/../lib/gcc/arm-none-eabi/10.2.1/../../../../arm-none-eabi/lib/thumb/v7-m/nofp\libc_nano.a(lib_a-stdio.o)
                0x0800339e                __sclose
 *fill*         0x080033a6        0x2 
 .text._write_r
                0x080033a8       0x24 c:/users/fascinating_sea/.eide/tools/gcc_arm/bin/../lib/gcc/arm-none-eabi/10.2.1/../../../../arm-none-eabi/lib/thumb/v7-m/nofp\libc_nano.a(lib_a-writer.o)
                0x080033a8                _write_r
 .text._close_r
                0x080033cc       0x20 c:/users/fascinating_sea/.eide/tools/gcc_arm/bin/../lib/gcc/arm-none-eabi/10.2.1/../../../../arm-none-eabi/lib/thumb/v7-m/nofp\libc_nano.a(lib_a-closer.o)
                0x080033cc                _close_r
 .text._fstat_r
                0x080033ec       0x24 c:/users/fascinating_sea/.eide/tools/gcc_arm/bin/../lib/gcc/arm-none-eabi/10.2.1/../../../../arm-none-eabi/lib/thumb/v7-m/nofp\libc_nano.a(lib_a-fstatr.o)
                0x080033ec                _fstat_r
 .text._isatty_r
                0x08003410       0x20 c:/users/fascinating_sea/.eide/tools/gcc_arm/bin/../lib/gcc/arm-none-eabi/10.2.1/../../../../arm-none-eabi/lib/thumb/v7-m/nofp\libc_nano.a(lib_a-isattyr.o)
                0x08003410                _isatty_r
 .text._lseek_r
                0x08003430       0x24 c:/users/fascinating_sea/.eide/tools/gcc_arm/bin/../lib/gcc/arm-none-eabi/10.2.1/../../../../arm-none-eabi/lib/thumb/v7-m/nofp\libc_nano.a(lib_a-lseekr.o)
                0x08003430                _lseek_r
 .text._read_r  0x08003454       0x24 c:/users/fascinating_sea/.eide/tools/gcc_arm/bin/../lib/gcc/arm-none-eabi/10.2.1/../../../../arm-none-eabi/lib/thumb/v7-m/nofp\libc_nano.a(lib_a-readr.o)
                0x08003454                _read_r
 .text.main     0x08003478       0x1a CMakeFiles/plane_remote_control.dir/Core/Src/main.c.obj
                0x08003478                main
 .text.SystemClock_Config
                0x08003492       0x8a CMakeFiles/plane_remote_control.dir/Core/Src/main.c.obj
                0x08003492                SystemClock_Config
 .text.Error_Handler
                0x0800351c        0xa CMakeFiles/plane_remote_control.dir/Core/Src/main.c.obj
                0x0800351c                Error_Handler
 *fill*         0x08003526        0x2 
 .text.MX_GPIO_Init
                0x08003528      0x114 CMakeFiles/plane_remote_control.dir/Core/Src/gpio.c.obj
                0x08003528                MX_GPIO_Init
 .text.MX_SPI1_Init
                0x0800363c       0x6c CMakeFiles/plane_remote_control.dir/Core/Src/spi.c.obj
                0x0800363c                MX_SPI1_Init
 .text.HAL_SPI_MspInit
                0x080036a8       0x94 CMakeFiles/plane_remote_control.dir/Core/Src/spi.c.obj
                0x080036a8                HAL_SPI_MspInit
 .text.NMI_Handler
                0x0800373c        0x6 CMakeFiles/plane_remote_control.dir/Core/Src/stm32f1xx_it.c.obj
                0x0800373c                NMI_Handler
 .text.HardFault_Handler
                0x08003742        0x6 CMakeFiles/plane_remote_control.dir/Core/Src/stm32f1xx_it.c.obj
                0x08003742                HardFault_Handler
 .text.MemManage_Handler
                0x08003748        0x6 CMakeFiles/plane_remote_control.dir/Core/Src/stm32f1xx_it.c.obj
                0x08003748                MemManage_Handler
 .text.BusFault_Handler
                0x0800374e        0x6 CMakeFiles/plane_remote_control.dir/Core/Src/stm32f1xx_it.c.obj
                0x0800374e                BusFault_Handler
 .text.UsageFault_Handler
                0x08003754        0x6 CMakeFiles/plane_remote_control.dir/Core/Src/stm32f1xx_it.c.obj
                0x08003754                UsageFault_Handler
 .text.SVC_Handler
                0x0800375a        0xc CMakeFiles/plane_remote_control.dir/Core/Src/stm32f1xx_it.c.obj
                0x0800375a                SVC_Handler
 .text.DebugMon_Handler
                0x08003766        0xc CMakeFiles/plane_remote_control.dir/Core/Src/stm32f1xx_it.c.obj
                0x08003766                DebugMon_Handler
 .text.PendSV_Handler
                0x08003772        0xc CMakeFiles/plane_remote_control.dir/Core/Src/stm32f1xx_it.c.obj
                0x08003772                PendSV_Handler
 .text.SysTick_Handler
                0x0800377e        0xc CMakeFiles/plane_remote_control.dir/Core/Src/stm32f1xx_it.c.obj
                0x0800377e                SysTick_Handler
 *fill*         0x0800378a        0x2 
 .text.HAL_MspInit
                0x0800378c       0x64 CMakeFiles/plane_remote_control.dir/Core/Src/stm32f1xx_hal_msp.c.obj
                0x0800378c                HAL_MspInit
 .text._sbrk    0x080037f0       0x6c CMakeFiles/plane_remote_control.dir/Core/Src/sysmem.c.obj
                0x080037f0                _sbrk
 .text._getpid  0x0800385c        0xe CMakeFiles/plane_remote_control.dir/Core/Src/syscalls.c.obj
                0x0800385c                _getpid
 .text._kill    0x0800386a       0x20 CMakeFiles/plane_remote_control.dir/Core/Src/syscalls.c.obj
                0x0800386a                _kill
 .text._exit    0x0800388a       0x14 CMakeFiles/plane_remote_control.dir/Core/Src/syscalls.c.obj
                0x0800388a                _exit
 .text._read    0x0800389e       0x3a CMakeFiles/plane_remote_control.dir/Core/Src/syscalls.c.obj
                0x0800389e                _read
 .text._write   0x080038d8       0x38 CMakeFiles/plane_remote_control.dir/Core/Src/syscalls.c.obj
                0x080038d8                _write
 .text._close   0x08003910       0x16 CMakeFiles/plane_remote_control.dir/Core/Src/syscalls.c.obj
                0x08003910                _close
 .text._fstat   0x08003926       0x1e CMakeFiles/plane_remote_control.dir/Core/Src/syscalls.c.obj
                0x08003926                _fstat
 .text._isatty  0x08003944       0x14 CMakeFiles/plane_remote_control.dir/Core/Src/syscalls.c.obj
                0x08003944                _isatty
 .text._lseek   0x08003958       0x18 CMakeFiles/plane_remote_control.dir/Core/Src/syscalls.c.obj
                0x08003958                _lseek
 .text.Reset_Handler
                0x08003970       0x48 CMakeFiles/plane_remote_control.dir/startup_stm32f103xb.s.obj
                0x08003970                Reset_Handler
 .text.Default_Handler
                0x080039b8        0x2 CMakeFiles/plane_remote_control.dir/startup_stm32f103xb.s.obj
                0x080039b8                RTC_Alarm_IRQHandler
                0x080039b8                EXTI2_IRQHandler
                0x080039b8                TIM1_CC_IRQHandler
                0x080039b8                PVD_IRQHandler
                0x080039b8                EXTI3_IRQHandler
                0x080039b8                EXTI0_IRQHandler
                0x080039b8                I2C2_EV_IRQHandler
                0x080039b8                ADC1_2_IRQHandler
                0x080039b8                SPI1_IRQHandler
                0x080039b8                TAMPER_IRQHandler
                0x080039b8                DMA1_Channel4_IRQHandler
                0x080039b8                USART3_IRQHandler
                0x080039b8                RTC_IRQHandler
                0x080039b8                DMA1_Channel7_IRQHandler
                0x080039b8                CAN1_RX1_IRQHandler
                0x080039b8                TIM4_IRQHandler
                0x080039b8                I2C1_EV_IRQHandler
                0x080039b8                DMA1_Channel6_IRQHandler
                0x080039b8                TIM3_IRQHandler
                0x080039b8                RCC_IRQHandler
                0x080039b8                TIM1_TRG_COM_IRQHandler
                0x080039b8                DMA1_Channel1_IRQHandler
                0x080039b8                Default_Handler
                0x080039b8                EXTI15_10_IRQHandler
                0x080039b8                EXTI9_5_IRQHandler
                0x080039b8                SPI2_IRQHandler
                0x080039b8                DMA1_Channel5_IRQHandler
                0x080039b8                EXTI4_IRQHandler
                0x080039b8                USB_LP_CAN1_RX0_IRQHandler
                0x080039b8                USB_HP_CAN1_TX_IRQHandler
                0x080039b8                DMA1_Channel3_IRQHandler
                0x080039b8                TIM1_UP_IRQHandler
                0x080039b8                WWDG_IRQHandler
                0x080039b8                TIM2_IRQHandler
                0x080039b8                TIM1_BRK_IRQHandler
                0x080039b8                EXTI1_IRQHandler
                0x080039b8                USART2_IRQHandler
                0x080039b8                I2C2_ER_IRQHandler
                0x080039b8                DMA1_Channel2_IRQHandler
                0x080039b8                CAN1_SCE_IRQHandler
                0x080039b8                FLASH_IRQHandler
                0x080039b8                USART1_IRQHandler
                0x080039b8                I2C1_ER_IRQHandler
                0x080039b8                USBWakeUp_IRQHandler
 .text.System_Init
                0x080039ba       0x1e CMakeFiles/plane_remote_control.dir/App/utils/utils.c.obj
                0x080039ba                System_Init
 .text.GPIO_SetClock
                0x080039d8       0xe0 CMakeFiles/plane_remote_control.dir/Bsp/gpio/bsp_gpio.c.obj
                0x080039d8                GPIO_SetClock
 .text.GPIO_Output
                0x08003ab8       0x4a CMakeFiles/plane_remote_control.dir/Bsp/gpio/bsp_gpio.c.obj
                0x08003ab8                GPIO_Output
 .text.GPIO_Input
                0x08003b02       0x4a CMakeFiles/plane_remote_control.dir/Bsp/gpio/bsp_gpio.c.obj
                0x08003b02                GPIO_Input
 .text.UpdatePinLevel
                0x08003b4c       0x4c CMakeFiles/plane_remote_control.dir/Modules/led/led.c.obj
 .text.SetLedMode
                0x08003b98       0xa4 CMakeFiles/plane_remote_control.dir/Modules/led/led.c.obj
                0x08003b98                SetLedMode
 .text.Led_Init
                0x08003c3c       0x54 CMakeFiles/plane_remote_control.dir/Modules/led/led.c.obj
 .text.LedDevice_Init
                0x08003c90       0x40 CMakeFiles/plane_remote_control.dir/Modules/led/led.c.obj
                0x08003c90                LedDevice_Init
 .text.UpdateBeepPinLevel
                0x08003cd0       0x60 CMakeFiles/plane_remote_control.dir/Modules/beep/beep.c.obj
 .text.SetBeepMode
                0x08003d30       0xa4 CMakeFiles/plane_remote_control.dir/Modules/beep/beep.c.obj
                0x08003d30                SetBeepMode
 .text.Beep_Init
                0x08003dd4       0x54 CMakeFiles/plane_remote_control.dir/Modules/beep/beep.c.obj
 .text.BeepDeviceInit
                0x08003e28       0x2c CMakeFiles/plane_remote_control.dir/Modules/beep/beep.c.obj
                0x08003e28                BeepDeviceInit
 .text.Key_Init
                0x08003e54       0x60 CMakeFiles/plane_remote_control.dir/Modules/key/key.c.obj
 .text.KeyDeviceInit
                0x08003eb4      0x160 CMakeFiles/plane_remote_control.dir/Modules/key/key.c.obj
                0x08003eb4                KeyDeviceInit
 .text.SPI_Transmit_One_Byte
                0x08004014       0x38 CMakeFiles/plane_remote_control.dir/Modules/nrf24l01/nrf24l01.c.obj
 .text.NRF24L01_Write_Reg
                0x0800404c       0x48 CMakeFiles/plane_remote_control.dir/Modules/nrf24l01/nrf24l01.c.obj
 .text.NRF24L01_Read_Buf
                0x08004094       0x64 CMakeFiles/plane_remote_control.dir/Modules/nrf24l01/nrf24l01.c.obj
 .text.NRF24L01_Write_Buf
                0x080040f8       0x60 CMakeFiles/plane_remote_control.dir/Modules/nrf24l01/nrf24l01.c.obj
 .text.NRF24L01_Check
                0x08004158       0x6c CMakeFiles/plane_remote_control.dir/Modules/nrf24l01/nrf24l01.c.obj
                0x08004158                NRF24L01_Check
 .text.ANO_NRF_Init
                0x080041c4      0x11c CMakeFiles/plane_remote_control.dir/Modules/nrf24l01/nrf24l01.c.obj
                0x080041c4                ANO_NRF_Init
 .text.NRF24L01_init
                0x080042e0       0x42 CMakeFiles/plane_remote_control.dir/Modules/nrf24l01/nrf24l01.c.obj
                0x080042e0                NRF24L01_init
 .text.SystemInit
                0x08004322        0xc cmake/stm32cubemx/CMakeFiles/STM32_Drivers.dir/__/__/Core/Src/system_stm32f1xx.c.obj
                0x08004322                SystemInit
 .text.HAL_SPI_Init
                0x0800432e      0x108 cmake/stm32cubemx/CMakeFiles/STM32_Drivers.dir/__/__/Drivers/STM32F1xx_HAL_Driver/Src/stm32f1xx_hal_spi.c.obj
                0x0800432e                HAL_SPI_Init
 .text.HAL_SPI_TransmitReceive
                0x08004436      0x352 cmake/stm32cubemx/CMakeFiles/STM32_Drivers.dir/__/__/Drivers/STM32F1xx_HAL_Driver/Src/stm32f1xx_hal_spi.c.obj
                0x08004436                HAL_SPI_TransmitReceive
 .text.SPI_WaitFlagStateUntilTimeout
                0x08004788      0x110 cmake/stm32cubemx/CMakeFiles/STM32_Drivers.dir/__/__/Drivers/STM32F1xx_HAL_Driver/Src/stm32f1xx_hal_spi.c.obj
 .text.SPI_EndRxTxTransaction
                0x08004898       0x62 cmake/stm32cubemx/CMakeFiles/STM32_Drivers.dir/__/__/Drivers/STM32F1xx_HAL_Driver/Src/stm32f1xx_hal_spi.c.obj
 *fill*         0x080048fa        0x2 
 .text.HAL_Init
                0x080048fc       0x2c cmake/stm32cubemx/CMakeFiles/STM32_Drivers.dir/__/__/Drivers/STM32F1xx_HAL_Driver/Src/stm32f1xx_hal.c.obj
                0x080048fc                HAL_Init
 .text.HAL_InitTick
                0x08004928       0x60 cmake/stm32cubemx/CMakeFiles/STM32_Drivers.dir/__/__/Drivers/STM32F1xx_HAL_Driver/Src/stm32f1xx_hal.c.obj
                0x08004928                HAL_InitTick
 .text.HAL_IncTick
                0x08004988       0x24 cmake/stm32cubemx/CMakeFiles/STM32_Drivers.dir/__/__/Drivers/STM32F1xx_HAL_Driver/Src/stm32f1xx_hal.c.obj
                0x08004988                HAL_IncTick
 .text.HAL_GetTick
                0x080049ac       0x14 cmake/stm32cubemx/CMakeFiles/STM32_Drivers.dir/__/__/Drivers/STM32F1xx_HAL_Driver/Src/stm32f1xx_hal.c.obj
                0x080049ac                HAL_GetTick
 .text.HAL_Delay
                0x080049c0       0x48 cmake/stm32cubemx/CMakeFiles/STM32_Drivers.dir/__/__/Drivers/STM32F1xx_HAL_Driver/Src/stm32f1xx_hal.c.obj
                0x080049c0                HAL_Delay
 .text.HAL_RCC_OscConfig
                0x08004a08      0x504 cmake/stm32cubemx/CMakeFiles/STM32_Drivers.dir/__/__/Drivers/STM32F1xx_HAL_Driver/Src/stm32f1xx_hal_rcc.c.obj
                0x08004a08                HAL_RCC_OscConfig
 .text.HAL_RCC_ClockConfig
                0x08004f0c      0x1d4 cmake/stm32cubemx/CMakeFiles/STM32_Drivers.dir/__/__/Drivers/STM32F1xx_HAL_Driver/Src/stm32f1xx_hal_rcc.c.obj
                0x08004f0c                HAL_RCC_ClockConfig
 .text.HAL_RCC_GetSysClockFreq
                0x080050e0       0xa8 cmake/stm32cubemx/CMakeFiles/STM32_Drivers.dir/__/__/Drivers/STM32F1xx_HAL_Driver/Src/stm32f1xx_hal_rcc.c.obj
                0x080050e0                HAL_RCC_GetSysClockFreq
 .text.RCC_Delay
                0x08005188       0x3c cmake/stm32cubemx/CMakeFiles/STM32_Drivers.dir/__/__/Drivers/STM32F1xx_HAL_Driver/Src/stm32f1xx_hal_rcc.c.obj
 .text.HAL_GPIO_Init
                0x080051c4      0x308 cmake/stm32cubemx/CMakeFiles/STM32_Drivers.dir/__/__/Drivers/STM32F1xx_HAL_Driver/Src/stm32f1xx_hal_gpio.c.obj
                0x080051c4                HAL_GPIO_Init
 .text.HAL_GPIO_WritePin
                0x080054cc       0x30 cmake/stm32cubemx/CMakeFiles/STM32_Drivers.dir/__/__/Drivers/STM32F1xx_HAL_Driver/Src/stm32f1xx_hal_gpio.c.obj
                0x080054cc                HAL_GPIO_WritePin
 .text.HAL_GPIO_TogglePin
                0x080054fc       0x32 cmake/stm32cubemx/CMakeFiles/STM32_Drivers.dir/__/__/Drivers/STM32F1xx_HAL_Driver/Src/stm32f1xx_hal_gpio.c.obj
                0x080054fc                HAL_GPIO_TogglePin
 *fill*         0x0800552e        0x2 
 .text.__NVIC_SetPriorityGrouping
                0x08005530       0x48 cmake/stm32cubemx/CMakeFiles/STM32_Drivers.dir/__/__/Drivers/STM32F1xx_HAL_Driver/Src/stm32f1xx_hal_cortex.c.obj
 .text.__NVIC_GetPriorityGrouping
                0x08005578       0x1c cmake/stm32cubemx/CMakeFiles/STM32_Drivers.dir/__/__/Drivers/STM32F1xx_HAL_Driver/Src/stm32f1xx_hal_cortex.c.obj
 .text.__NVIC_SetPriority
                0x08005594       0x54 cmake/stm32cubemx/CMakeFiles/STM32_Drivers.dir/__/__/Drivers/STM32F1xx_HAL_Driver/Src/stm32f1xx_hal_cortex.c.obj
 .text.NVIC_EncodePriority
                0x080055e8       0x64 cmake/stm32cubemx/CMakeFiles/STM32_Drivers.dir/__/__/Drivers/STM32F1xx_HAL_Driver/Src/stm32f1xx_hal_cortex.c.obj
 .text.SysTick_Config
                0x0800564c       0x44 cmake/stm32cubemx/CMakeFiles/STM32_Drivers.dir/__/__/Drivers/STM32F1xx_HAL_Driver/Src/stm32f1xx_hal_cortex.c.obj
 .text.HAL_NVIC_SetPriorityGrouping
                0x08005690       0x16 cmake/stm32cubemx/CMakeFiles/STM32_Drivers.dir/__/__/Drivers/STM32F1xx_HAL_Driver/Src/stm32f1xx_hal_cortex.c.obj
                0x08005690                HAL_NVIC_SetPriorityGrouping
 .text.HAL_NVIC_SetPriority
                0x080056a6       0x38 cmake/stm32cubemx/CMakeFiles/STM32_Drivers.dir/__/__/Drivers/STM32F1xx_HAL_Driver/Src/stm32f1xx_hal_cortex.c.obj
                0x080056a6                HAL_NVIC_SetPriority
 .text.HAL_SYSTICK_Config
                0x080056de       0x18 cmake/stm32cubemx/CMakeFiles/STM32_Drivers.dir/__/__/Drivers/STM32F1xx_HAL_Driver/Src/stm32f1xx_hal_cortex.c.obj
                0x080056de                HAL_SYSTICK_Config
 *fill*         0x080056f6        0x2 
 .text.__errno  0x080056f8        0xc c:/users/fascinating_sea/.eide/tools/gcc_arm/bin/../lib/gcc/arm-none-eabi/10.2.1/../../../../arm-none-eabi/lib/thumb/v7-m/nofp\libg_nano.a(lib_a-errno.o)
                0x080056f8                __errno
 *(.glue_7)
 .glue_7        0x08005704        0x0 linker stubs
 *(.glue_7t)
 .glue_7t       0x08005704        0x0 linker stubs
 *(.eh_frame)
 .eh_frame      0x08005704        0x0 c:/users/fascinating_sea/.eide/tools/gcc_arm/bin/../lib/gcc/arm-none-eabi/10.2.1/thumb/v7-m/nofp/crtbegin.o
 *(.init)
 .init          0x08005704        0x4 c:/users/fascinating_sea/.eide/tools/gcc_arm/bin/../lib/gcc/arm-none-eabi/10.2.1/thumb/v7-m/nofp/crti.o
                0x08005704                _init
 .init          0x08005708        0x8 c:/users/fascinating_sea/.eide/tools/gcc_arm/bin/../lib/gcc/arm-none-eabi/10.2.1/thumb/v7-m/nofp/crtn.o
 *(.fini)
 .fini          0x08005710        0x4 c:/users/fascinating_sea/.eide/tools/gcc_arm/bin/../lib/gcc/arm-none-eabi/10.2.1/thumb/v7-m/nofp/crti.o
                0x08005710                _fini
 .fini          0x08005714        0x8 c:/users/fascinating_sea/.eide/tools/gcc_arm/bin/../lib/gcc/arm-none-eabi/10.2.1/thumb/v7-m/nofp/crtn.o
                0x0800571c                . = ALIGN (0x4)
                0x0800571c                _etext = .

.vfp11_veneer   0x0800571c        0x0
 .vfp11_veneer  0x0800571c        0x0 linker stubs

.v4_bx          0x0800571c        0x0
 .v4_bx         0x0800571c        0x0 linker stubs

.iplt           0x0800571c        0x0
 .iplt          0x0800571c        0x0 c:/users/fascinating_sea/.eide/tools/gcc_arm/bin/../lib/gcc/arm-none-eabi/10.2.1/thumb/v7-m/nofp/crtbegin.o

.rodata         0x08005720      0x458
                0x08005720                . = ALIGN (0x4)
 *(.rodata)
 .rodata        0x08005720        0x5 CMakeFiles/plane_remote_control.dir/Modules/nrf24l01/nrf24l01.c.obj
 *(.rodata*)
 *fill*         0x08005725        0x3 
 .rodata._global_impure_ptr
                0x08005728        0x4 c:/users/fascinating_sea/.eide/tools/gcc_arm/bin/../lib/gcc/arm-none-eabi/10.2.1/../../../../arm-none-eabi/lib/thumb/v7-m/nofp\libc_nano.a(lib_a-impure.o)
                0x08005728                _global_impure_ptr
 .rodata._printf_float.str1.1
                0x0800572c       0x12 c:/users/fascinating_sea/.eide/tools/gcc_arm/bin/../lib/gcc/arm-none-eabi/10.2.1/../../../../arm-none-eabi/lib/thumb/v7-m/nofp\libc_nano.a(lib_a-nano-vfprintf_float.o)
 .rodata._printf_i.str1.1
                0x0800573e       0x22 c:/users/fascinating_sea/.eide/tools/gcc_arm/bin/../lib/gcc/arm-none-eabi/10.2.1/../../../../arm-none-eabi/lib/thumb/v7-m/nofp\libc_nano.a(lib_a-nano-vfprintf_i.o)
 .rodata._dtoa_r.str1.1
                0x08005760       0xb2 c:/users/fascinating_sea/.eide/tools/gcc_arm/bin/../lib/gcc/arm-none-eabi/10.2.1/../../../../arm-none-eabi/lib/thumb/v7-m/nofp\libc_nano.a(lib_a-dtoa.o)
                                 0xb4 (size before relaxing)
 .rodata._Balloc.str1.1
                0x08005812       0x7e c:/users/fascinating_sea/.eide/tools/gcc_arm/bin/../lib/gcc/arm-none-eabi/10.2.1/../../../../arm-none-eabi/lib/thumb/v7-m/nofp\libc_nano.a(lib_a-mprec.o)
                                 0x95 (size before relaxing)
 .rodata.__multadd.str1.1
                0x08005890       0x11 c:/users/fascinating_sea/.eide/tools/gcc_arm/bin/../lib/gcc/arm-none-eabi/10.2.1/../../../../arm-none-eabi/lib/thumb/v7-m/nofp\libc_nano.a(lib_a-mprec.o)
 .rodata.__mprec_bigtens
                0x08005890       0x28 c:/users/fascinating_sea/.eide/tools/gcc_arm/bin/../lib/gcc/arm-none-eabi/10.2.1/../../../../arm-none-eabi/lib/thumb/v7-m/nofp\libc_nano.a(lib_a-mprec.o)
                0x08005890                __mprec_bigtens
 .rodata.__mprec_tens
                0x080058b8       0xc8 c:/users/fascinating_sea/.eide/tools/gcc_arm/bin/../lib/gcc/arm-none-eabi/10.2.1/../../../../arm-none-eabi/lib/thumb/v7-m/nofp\libc_nano.a(lib_a-mprec.o)
                0x080058b8                __mprec_tens
 .rodata.p05.0  0x08005980        0xc c:/users/fascinating_sea/.eide/tools/gcc_arm/bin/../lib/gcc/arm-none-eabi/10.2.1/../../../../arm-none-eabi/lib/thumb/v7-m/nofp\libc_nano.a(lib_a-mprec.o)
 .rodata.__assert_func.str1.1
                0x0800598c       0x3c c:/users/fascinating_sea/.eide/tools/gcc_arm/bin/../lib/gcc/arm-none-eabi/10.2.1/../../../../arm-none-eabi/lib/thumb/v7-m/nofp\libc_nano.a(lib_a-assert.o)
                                 0x3d (size before relaxing)
 .rodata._setlocale_r.str1.1
                0x080059c8        0x8 c:/users/fascinating_sea/.eide/tools/gcc_arm/bin/../lib/gcc/arm-none-eabi/10.2.1/../../../../arm-none-eabi/lib/thumb/v7-m/nofp\libc_nano.a(lib_a-locale.o)
                                  0x9 (size before relaxing)
 .rodata.str1.1
                0x080059d0        0x2 c:/users/fascinating_sea/.eide/tools/gcc_arm/bin/../lib/gcc/arm-none-eabi/10.2.1/../../../../arm-none-eabi/lib/thumb/v7-m/nofp\libc_nano.a(lib_a-locale.o)
 .rodata._vfprintf_r.str1.1
                0x080059d2       0x11 c:/users/fascinating_sea/.eide/tools/gcc_arm/bin/../lib/gcc/arm-none-eabi/10.2.1/../../../../arm-none-eabi/lib/thumb/v7-m/nofp\libc_nano.a(lib_a-nano-vfprintf.o)
 .rodata._ctype_
                0x080059e3      0x101 c:/users/fascinating_sea/.eide/tools/gcc_arm/bin/../lib/gcc/arm-none-eabi/10.2.1/../../../../arm-none-eabi/lib/thumb/v7-m/nofp\libc_nano.a(lib_a-ctype_.o)
                0x080059e3                _ctype_
 .rodata.__sf_fake_stderr
                0x08005ae4       0x20 c:/users/fascinating_sea/.eide/tools/gcc_arm/bin/../lib/gcc/arm-none-eabi/10.2.1/../../../../arm-none-eabi/lib/thumb/v7-m/nofp\libc_nano.a(lib_a-findfp.o)
                0x08005ae4                __sf_fake_stderr
 .rodata.__sf_fake_stdin
                0x08005b04       0x20 c:/users/fascinating_sea/.eide/tools/gcc_arm/bin/../lib/gcc/arm-none-eabi/10.2.1/../../../../arm-none-eabi/lib/thumb/v7-m/nofp\libc_nano.a(lib_a-findfp.o)
                0x08005b04                __sf_fake_stdin
 .rodata.__sf_fake_stdout
                0x08005b24       0x20 c:/users/fascinating_sea/.eide/tools/gcc_arm/bin/../lib/gcc/arm-none-eabi/10.2.1/../../../../arm-none-eabi/lib/thumb/v7-m/nofp\libc_nano.a(lib_a-findfp.o)
                0x08005b24                __sf_fake_stdout
 .rodata.TX_ADDRESS
                0x08005b44        0x5 CMakeFiles/plane_remote_control.dir/Modules/nrf24l01/nrf24l01.c.obj
                0x08005b44                TX_ADDRESS
 *fill*         0x08005b49        0x3 
 .rodata.RX_ADDRESS
                0x08005b4c        0x5 CMakeFiles/plane_remote_control.dir/Modules/nrf24l01/nrf24l01.c.obj
                0x08005b4c                RX_ADDRESS
 *fill*         0x08005b51        0x3 
 .rodata.AHBPrescTable
                0x08005b54       0x10 cmake/stm32cubemx/CMakeFiles/STM32_Drivers.dir/__/__/Core/Src/system_stm32f1xx.c.obj
                0x08005b54                AHBPrescTable
 .rodata.aPLLMULFactorTable.1
                0x08005b64       0x10 cmake/stm32cubemx/CMakeFiles/STM32_Drivers.dir/__/__/Drivers/STM32F1xx_HAL_Driver/Src/stm32f1xx_hal_rcc.c.obj
 .rodata.aPredivFactorTable.0
                0x08005b74        0x2 cmake/stm32cubemx/CMakeFiles/STM32_Drivers.dir/__/__/Drivers/STM32F1xx_HAL_Driver/Src/stm32f1xx_hal_rcc.c.obj
                0x08005b78                . = ALIGN (0x4)
 *fill*         0x08005b76        0x2 

.rel.dyn        0x08005b78        0x0
 .rel.iplt      0x08005b78        0x0 c:/users/fascinating_sea/.eide/tools/gcc_arm/bin/../lib/gcc/arm-none-eabi/10.2.1/thumb/v7-m/nofp/crtbegin.o

.ARM.extab      0x08005b78        0x0
                0x08005b78                . = ALIGN (0x4)
 *(.ARM.extab* .gnu.linkonce.armextab.*)
                0x08005b78                . = ALIGN (0x4)

.ARM            0x08005b78        0x0
                0x08005b78                . = ALIGN (0x4)
                0x08005b78                __exidx_start = .
 *(.ARM.exidx*)
                0x08005b78                __exidx_end = .
                0x08005b78                . = ALIGN (0x4)

.preinit_array  0x08005b78        0x0
                0x08005b78                . = ALIGN (0x4)
                0x08005b78                PROVIDE (__preinit_array_start = .)
 *(.preinit_array*)
                0x08005b78                PROVIDE (__preinit_array_end = .)
                0x08005b78                . = ALIGN (0x4)

.init_array     0x08005b78        0x4
                0x08005b78                . = ALIGN (0x4)
                0x08005b78                PROVIDE (__init_array_start = .)
 *(SORT_BY_NAME(.init_array.*))
 *(.init_array*)
 .init_array    0x08005b78        0x4 c:/users/fascinating_sea/.eide/tools/gcc_arm/bin/../lib/gcc/arm-none-eabi/10.2.1/thumb/v7-m/nofp/crtbegin.o
                0x08005b7c                PROVIDE (__init_array_end = .)
                0x08005b7c                . = ALIGN (0x4)

.fini_array     0x08005b7c        0x4
                0x08005b7c                . = ALIGN (0x4)
                [!provide]                PROVIDE (__fini_array_start = .)
 *(SORT_BY_NAME(.fini_array.*))
 *(.fini_array*)
 .fini_array    0x08005b7c        0x4 c:/users/fascinating_sea/.eide/tools/gcc_arm/bin/../lib/gcc/arm-none-eabi/10.2.1/thumb/v7-m/nofp/crtbegin.o
                [!provide]                PROVIDE (__fini_array_end = .)
                0x08005b80                . = ALIGN (0x4)
                0x08005b80                _sidata = LOADADDR (.data)

.data           0x20000000      0x1dc load address 0x08005b80
                0x20000000                . = ALIGN (0x4)
                0x20000000                _sdata = .
 *(.data)
 *(.data*)
 .data._impure_ptr
                0x20000000        0x4 c:/users/fascinating_sea/.eide/tools/gcc_arm/bin/../lib/gcc/arm-none-eabi/10.2.1/../../../../arm-none-eabi/lib/thumb/v7-m/nofp\libc_nano.a(lib_a-impure.o)
                0x20000000                _impure_ptr
 .data.impure_data
                0x20000004       0x60 c:/users/fascinating_sea/.eide/tools/gcc_arm/bin/../lib/gcc/arm-none-eabi/10.2.1/../../../../arm-none-eabi/lib/thumb/v7-m/nofp\libc_nano.a(lib_a-impure.o)
 .data.__global_locale
                0x20000064      0x16c c:/users/fascinating_sea/.eide/tools/gcc_arm/bin/../lib/gcc/arm-none-eabi/10.2.1/../../../../arm-none-eabi/lib/thumb/v7-m/nofp\libc_nano.a(lib_a-locale.o)
                0x20000064                __global_locale
 .data.SystemCoreClock
                0x200001d0        0x4 cmake/stm32cubemx/CMakeFiles/STM32_Drivers.dir/__/__/Core/Src/system_stm32f1xx.c.obj
                0x200001d0                SystemCoreClock
 .data.uwTickPrio
                0x200001d4        0x4 cmake/stm32cubemx/CMakeFiles/STM32_Drivers.dir/__/__/Drivers/STM32F1xx_HAL_Driver/Src/stm32f1xx_hal.c.obj
                0x200001d4                uwTickPrio
 .data.uwTickFreq
                0x200001d8        0x1 cmake/stm32cubemx/CMakeFiles/STM32_Drivers.dir/__/__/Drivers/STM32F1xx_HAL_Driver/Src/stm32f1xx_hal.c.obj
                0x200001d8                uwTickFreq
 *(.RamFunc)
 *(.RamFunc*)
                0x200001dc                . = ALIGN (0x4)
 *fill*         0x200001d9        0x3 

.igot.plt       0x200001dc        0x0 load address 0x08005d5c
 .igot.plt      0x200001dc        0x0 c:/users/fascinating_sea/.eide/tools/gcc_arm/bin/../lib/gcc/arm-none-eabi/10.2.1/thumb/v7-m/nofp/crtbegin.o

.tdata          0x200001dc        0x0 load address 0x08005d5c
 *(.tdata .tdata.* .gnu.linkonce.td.*)
                0x200001dc                . = ALIGN (0x4)
                0x200001dc                _edata = .
                [!provide]                PROVIDE (__data_end = .)
                [!provide]                PROVIDE (__tdata_end = .)
                [!provide]                PROVIDE (__tdata_start = ADDR (.tdata))
                [!provide]                PROVIDE (__tdata_size = (__tdata_end - __tdata_start))
                [!provide]                PROVIDE (__data_start = ADDR (.data))
                [!provide]                PROVIDE (__data_size = (__data_end - __data_start))
                [!provide]                PROVIDE (__tdata_source = LOADADDR (.tdata))
                [!provide]                PROVIDE (__tdata_source_end = (LOADADDR (.tdata) + SIZEOF (.tdata)))
                [!provide]                PROVIDE (__tdata_source_size = (__tdata_source_end - __tdata_source))
                [!provide]                PROVIDE (__data_source = LOADADDR (.data))
                [!provide]                PROVIDE (__data_source_end = __tdata_source_end)
                [!provide]                PROVIDE (__data_source_size = (__data_source_end - __data_source))

.tbss           0x200001dc        0x0 load address 0x08005d5c
                0x200001dc                _sbss = .
                0x200001dc                __bss_start__ = _sbss
 *(.tbss .tbss.*)
                0x200001dc                . = ALIGN (0x4)
                [!provide]                PROVIDE (__tbss_end = .)
                [!provide]                PROVIDE (__tbss_start = ADDR (.tbss))
                [!provide]                PROVIDE (__tbss_size = (__tbss_end - __tbss_start))
                [!provide]                PROVIDE (__tbss_offset = (ADDR (.tbss) - ADDR (.tdata)))
                [!provide]                PROVIDE (__tls_base = __tdata_start)
                [!provide]                PROVIDE (__tls_end = __tbss_end)
                [!provide]                PROVIDE (__tls_size = (__tls_end - __tls_base))
                [!provide]                PROVIDE (__tls_align = MAX (ALIGNOF (.tdata), ALIGNOF (.tbss)))
                [!provide]                PROVIDE (__tls_size_align = (((__tls_size + __tls_align) - 0x1) & ~ ((__tls_align - 0x1))))
                [!provide]                PROVIDE (__arm32_tls_tcb_offset = MAX (0x8, __tls_align))
                [!provide]                PROVIDE (__arm64_tls_tcb_offset = MAX (0x10, __tls_align))

.bss            0x200001dc      0x170 load address 0x08005d5c
 *(.bss)
 .bss           0x200001dc       0x1c c:/users/fascinating_sea/.eide/tools/gcc_arm/bin/../lib/gcc/arm-none-eabi/10.2.1/thumb/v7-m/nofp/crtbegin.o
 *(.bss*)
 .bss.__malloc_free_list
                0x200001f8        0x4 c:/users/fascinating_sea/.eide/tools/gcc_arm/bin/../lib/gcc/arm-none-eabi/10.2.1/../../../../arm-none-eabi/lib/thumb/v7-m/nofp\libc_nano.a(lib_a-nano-mallocr.o)
                0x200001f8                __malloc_free_list
 .bss.__malloc_sbrk_start
                0x200001fc        0x4 c:/users/fascinating_sea/.eide/tools/gcc_arm/bin/../lib/gcc/arm-none-eabi/10.2.1/../../../../arm-none-eabi/lib/thumb/v7-m/nofp\libc_nano.a(lib_a-nano-mallocr.o)
                0x200001fc                __malloc_sbrk_start
 .bss.errno     0x20000200        0x4 c:/users/fascinating_sea/.eide/tools/gcc_arm/bin/../lib/gcc/arm-none-eabi/10.2.1/../../../../arm-none-eabi/lib/thumb/v7-m/nofp\libc_nano.a(lib_a-reent.o)
                0x20000200                errno
 .bss.__lock___malloc_recursive_mutex
                0x20000204        0x1 c:/users/fascinating_sea/.eide/tools/gcc_arm/bin/../lib/gcc/arm-none-eabi/10.2.1/../../../../arm-none-eabi/lib/thumb/v7-m/nofp\libc_nano.a(lib_a-lock.o)
                0x20000204                __lock___malloc_recursive_mutex
 .bss.__lock___sfp_recursive_mutex
                0x20000205        0x1 c:/users/fascinating_sea/.eide/tools/gcc_arm/bin/../lib/gcc/arm-none-eabi/10.2.1/../../../../arm-none-eabi/lib/thumb/v7-m/nofp\libc_nano.a(lib_a-lock.o)
                0x20000205                __lock___sfp_recursive_mutex
 .bss.__lock___sinit_recursive_mutex
                0x20000206        0x1 c:/users/fascinating_sea/.eide/tools/gcc_arm/bin/../lib/gcc/arm-none-eabi/10.2.1/../../../../arm-none-eabi/lib/thumb/v7-m/nofp\libc_nano.a(lib_a-lock.o)
                0x20000206                __lock___sinit_recursive_mutex
 *fill*         0x20000207        0x1 
 .bss.hspi1     0x20000208       0x58 CMakeFiles/plane_remote_control.dir/Core/Src/spi.c.obj
                0x20000208                hspi1
 .bss.__sbrk_heap_end
                0x20000260        0x4 CMakeFiles/plane_remote_control.dir/Core/Src/sysmem.c.obj
 .bss.led       0x20000264       0x18 CMakeFiles/plane_remote_control.dir/Modules/led/led.c.obj
 .bss.beep      0x2000027c        0xc CMakeFiles/plane_remote_control.dir/Modules/beep/beep.c.obj
 .bss.key       0x20000288       0xc0 CMakeFiles/plane_remote_control.dir/Modules/key/key.c.obj
 .bss.uwTick    0x20000348        0x4 cmake/stm32cubemx/CMakeFiles/STM32_Drivers.dir/__/__/Drivers/STM32F1xx_HAL_Driver/Src/stm32f1xx_hal.c.obj
                0x20000348                uwTick
 *(COMMON)
                0x2000034c                . = ALIGN (0x4)
                0x2000034c                _ebss = .
                0x2000034c                __bss_end__ = _ebss
                [!provide]                PROVIDE (__bss_end = .)
                [!provide]                PROVIDE (__non_tls_bss_start = ADDR (.bss))
                [!provide]                PROVIDE (__bss_start = __tbss_start)
                [!provide]                PROVIDE (__bss_size = (__bss_end - __bss_start))

._user_heap_stack
                0x2000034c      0x604 load address 0x08005d5c
                0x20000350                . = ALIGN (0x8)
 *fill*         0x2000034c        0x4 
                [!provide]                PROVIDE (end = .)
                0x20000350                PROVIDE (_end = .)
                0x20000550                . = (. + _Min_Heap_Size)
 *fill*         0x20000350      0x200 
                0x20000950                . = (. + _Min_Stack_Size)
 *fill*         0x20000550      0x400 
                0x20000950                . = ALIGN (0x8)

/DISCARD/
 libc.a:*(*)
 libm.a:*(*)
 libgcc.a:*(*)
OUTPUT(plane_remote_control.elf elf32-littlearm)
LOAD linker stubs

.ARM.attributes
                0x00000000       0x29
 .ARM.attributes
                0x00000000       0x1d c:/users/fascinating_sea/.eide/tools/gcc_arm/bin/../lib/gcc/arm-none-eabi/10.2.1/thumb/v7-m/nofp/crti.o
 .ARM.attributes
                0x0000001d       0x2d c:/users/fascinating_sea/.eide/tools/gcc_arm/bin/../lib/gcc/arm-none-eabi/10.2.1/thumb/v7-m/nofp/crtbegin.o
 .ARM.attributes
                0x0000004a       0x2d c:/users/fascinating_sea/.eide/tools/gcc_arm/bin/../lib/gcc/arm-none-eabi/10.2.1/../../../../arm-none-eabi/lib/thumb/v7-m/nofp\libc_nano.a(lib_a-impure.o)
 .ARM.attributes
                0x00000077       0x2d c:/users/fascinating_sea/.eide/tools/gcc_arm/bin/../lib/gcc/arm-none-eabi/10.2.1/../../../../arm-none-eabi/lib/thumb/v7-m/nofp\libc_nano.a(lib_a-init.o)
 .ARM.attributes
                0x000000a4       0x2d c:/users/fascinating_sea/.eide/tools/gcc_arm/bin/../lib/gcc/arm-none-eabi/10.2.1/../../../../arm-none-eabi/lib/thumb/v7-m/nofp\libc_nano.a(lib_a-memset.o)
 .ARM.attributes
                0x000000d1       0x2d c:/users/fascinating_sea/.eide/tools/gcc_arm/bin/../lib/gcc/arm-none-eabi/10.2.1/../../../../arm-none-eabi/lib/thumb/v7-m/nofp\libc_nano.a(lib_a-nano-vfprintf_float.o)
 .ARM.attributes
                0x000000fe       0x2d c:/users/fascinating_sea/.eide/tools/gcc_arm/bin/../lib/gcc/arm-none-eabi/10.2.1/../../../../arm-none-eabi/lib/thumb/v7-m/nofp\libc_nano.a(lib_a-nano-vfprintf_i.o)
 .ARM.attributes
                0x0000012b       0x17 c:/users/fascinating_sea/.eide/tools/gcc_arm/bin/../lib/gcc/arm-none-eabi/10.2.1/../../../../arm-none-eabi/lib/thumb/v7-m/nofp\libc_nano.a(lib_a-strlen.o)
 .ARM.attributes
                0x00000142       0x2d c:/users/fascinating_sea/.eide/tools/gcc_arm/bin/../lib/gcc/arm-none-eabi/10.2.1/../../../../arm-none-eabi/lib/thumb/v7-m/nofp\libc_nano.a(lib_a-dtoa.o)
 .ARM.attributes
                0x0000016f       0x2d c:/users/fascinating_sea/.eide/tools/gcc_arm/bin/../lib/gcc/arm-none-eabi/10.2.1/../../../../arm-none-eabi/lib/thumb/v7-m/nofp\libc_nano.a(lib_a-localeconv.o)
 .ARM.attributes
                0x0000019c       0x2d c:/users/fascinating_sea/.eide/tools/gcc_arm/bin/../lib/gcc/arm-none-eabi/10.2.1/../../../../arm-none-eabi/lib/thumb/v7-m/nofp\libc_nano.a(lib_a-malloc.o)
 .ARM.attributes
                0x000001c9       0x2d c:/users/fascinating_sea/.eide/tools/gcc_arm/bin/../lib/gcc/arm-none-eabi/10.2.1/../../../../arm-none-eabi/lib/thumb/v7-m/nofp\libc_nano.a(lib_a-memchr-stub.o)
 .ARM.attributes
                0x000001f6       0x2d c:/users/fascinating_sea/.eide/tools/gcc_arm/bin/../lib/gcc/arm-none-eabi/10.2.1/../../../../arm-none-eabi/lib/thumb/v7-m/nofp\libc_nano.a(lib_a-memcpy-stub.o)
 .ARM.attributes
                0x00000223       0x2d c:/users/fascinating_sea/.eide/tools/gcc_arm/bin/../lib/gcc/arm-none-eabi/10.2.1/../../../../arm-none-eabi/lib/thumb/v7-m/nofp\libc_nano.a(lib_a-mprec.o)
 .ARM.attributes
                0x00000250       0x2d c:/users/fascinating_sea/.eide/tools/gcc_arm/bin/../lib/gcc/arm-none-eabi/10.2.1/../../../../arm-none-eabi/lib/thumb/v7-m/nofp\libc_nano.a(lib_a-nano-callocr.o)
 .ARM.attributes
                0x0000027d       0x2d c:/users/fascinating_sea/.eide/tools/gcc_arm/bin/../lib/gcc/arm-none-eabi/10.2.1/../../../../arm-none-eabi/lib/thumb/v7-m/nofp\libc_nano.a(lib_a-nano-freer.o)
 .ARM.attributes
                0x000002aa       0x2d c:/users/fascinating_sea/.eide/tools/gcc_arm/bin/../lib/gcc/arm-none-eabi/10.2.1/../../../../arm-none-eabi/lib/thumb/v7-m/nofp\libc_nano.a(lib_a-nano-mallocr.o)
 .ARM.attributes
                0x000002d7       0x2d c:/users/fascinating_sea/.eide/tools/gcc_arm/bin/../lib/gcc/arm-none-eabi/10.2.1/../../../../arm-none-eabi/lib/thumb/v7-m/nofp\libc_nano.a(lib_a-sbrkr.o)
 .ARM.attributes
                0x00000304       0x2d c:/users/fascinating_sea/.eide/tools/gcc_arm/bin/../lib/gcc/arm-none-eabi/10.2.1/../../../../arm-none-eabi/lib/thumb/v7-m/nofp\libc_nano.a(lib_a-assert.o)
 .ARM.attributes
                0x00000331       0x2d c:/users/fascinating_sea/.eide/tools/gcc_arm/bin/../lib/gcc/arm-none-eabi/10.2.1/../../../../arm-none-eabi/lib/thumb/v7-m/nofp\libc_nano.a(lib_a-fprintf.o)
 .ARM.attributes
                0x0000035e       0x2d c:/users/fascinating_sea/.eide/tools/gcc_arm/bin/../lib/gcc/arm-none-eabi/10.2.1/../../../../arm-none-eabi/lib/thumb/v7-m/nofp\libc_nano.a(lib_a-locale.o)
 .ARM.attributes
                0x0000038b       0x2d c:/users/fascinating_sea/.eide/tools/gcc_arm/bin/../lib/gcc/arm-none-eabi/10.2.1/../../../../arm-none-eabi/lib/thumb/v7-m/nofp\libc_nano.a(lib_a-mbtowc_r.o)
 .ARM.attributes
                0x000003b8       0x2d c:/users/fascinating_sea/.eide/tools/gcc_arm/bin/../lib/gcc/arm-none-eabi/10.2.1/../../../../arm-none-eabi/lib/thumb/v7-m/nofp\libc_nano.a(lib_a-mlock.o)
 .ARM.attributes
                0x000003e5       0x2d c:/users/fascinating_sea/.eide/tools/gcc_arm/bin/../lib/gcc/arm-none-eabi/10.2.1/../../../../arm-none-eabi/lib/thumb/v7-m/nofp\libc_nano.a(lib_a-nano-vfprintf.o)
 .ARM.attributes
                0x00000412       0x2d c:/users/fascinating_sea/.eide/tools/gcc_arm/bin/../lib/gcc/arm-none-eabi/10.2.1/../../../../arm-none-eabi/lib/thumb/v7-m/nofp\libc_nano.a(lib_a-reent.o)
 .ARM.attributes
                0x0000043f       0x2d c:/users/fascinating_sea/.eide/tools/gcc_arm/bin/../lib/gcc/arm-none-eabi/10.2.1/../../../../arm-none-eabi/lib/thumb/v7-m/nofp\libc_nano.a(lib_a-wbuf.o)
 .ARM.attributes
                0x0000046c       0x2d c:/users/fascinating_sea/.eide/tools/gcc_arm/bin/../lib/gcc/arm-none-eabi/10.2.1/../../../../arm-none-eabi/lib/thumb/v7-m/nofp\libc_nano.a(lib_a-wctomb_r.o)
 .ARM.attributes
                0x00000499       0x2d c:/users/fascinating_sea/.eide/tools/gcc_arm/bin/../lib/gcc/arm-none-eabi/10.2.1/../../../../arm-none-eabi/lib/thumb/v7-m/nofp\libc_nano.a(lib_a-wsetup.o)
 .ARM.attributes
                0x000004c6       0x2d c:/users/fascinating_sea/.eide/tools/gcc_arm/bin/../lib/gcc/arm-none-eabi/10.2.1/../../../../arm-none-eabi/lib/thumb/v7-m/nofp\libc_nano.a(lib_a-abort.o)
 .ARM.attributes
                0x000004f3       0x2d c:/users/fascinating_sea/.eide/tools/gcc_arm/bin/../lib/gcc/arm-none-eabi/10.2.1/../../../../arm-none-eabi/lib/thumb/v7-m/nofp\libc_nano.a(lib_a-ctype_.o)
 .ARM.attributes
                0x00000520       0x2d c:/users/fascinating_sea/.eide/tools/gcc_arm/bin/../lib/gcc/arm-none-eabi/10.2.1/../../../../arm-none-eabi/lib/thumb/v7-m/nofp\libc_nano.a(lib_a-fflush.o)
 .ARM.attributes
                0x0000054d       0x2d c:/users/fascinating_sea/.eide/tools/gcc_arm/bin/../lib/gcc/arm-none-eabi/10.2.1/../../../../arm-none-eabi/lib/thumb/v7-m/nofp\libc_nano.a(lib_a-findfp.o)
 .ARM.attributes
                0x0000057a       0x2d c:/users/fascinating_sea/.eide/tools/gcc_arm/bin/../lib/gcc/arm-none-eabi/10.2.1/../../../../arm-none-eabi/lib/thumb/v7-m/nofp\libc_nano.a(lib_a-fwalk.o)
 .ARM.attributes
                0x000005a7       0x2d c:/users/fascinating_sea/.eide/tools/gcc_arm/bin/../lib/gcc/arm-none-eabi/10.2.1/../../../../arm-none-eabi/lib/thumb/v7-m/nofp\libc_nano.a(lib_a-lock.o)
 .ARM.attributes
                0x000005d4       0x2d c:/users/fascinating_sea/.eide/tools/gcc_arm/bin/../lib/gcc/arm-none-eabi/10.2.1/../../../../arm-none-eabi/lib/thumb/v7-m/nofp\libc_nano.a(lib_a-makebuf.o)
 .ARM.attributes
                0x00000601       0x2d c:/users/fascinating_sea/.eide/tools/gcc_arm/bin/../lib/gcc/arm-none-eabi/10.2.1/../../../../arm-none-eabi/lib/thumb/v7-m/nofp\libc_nano.a(lib_a-signal.o)
 .ARM.attributes
                0x0000062e       0x2d c:/users/fascinating_sea/.eide/tools/gcc_arm/bin/../lib/gcc/arm-none-eabi/10.2.1/../../../../arm-none-eabi/lib/thumb/v7-m/nofp\libc_nano.a(lib_a-signalr.o)
 .ARM.attributes
                0x0000065b       0x2d c:/users/fascinating_sea/.eide/tools/gcc_arm/bin/../lib/gcc/arm-none-eabi/10.2.1/../../../../arm-none-eabi/lib/thumb/v7-m/nofp\libc_nano.a(lib_a-stdio.o)
 .ARM.attributes
                0x00000688       0x2d c:/users/fascinating_sea/.eide/tools/gcc_arm/bin/../lib/gcc/arm-none-eabi/10.2.1/../../../../arm-none-eabi/lib/thumb/v7-m/nofp\libc_nano.a(lib_a-writer.o)
 .ARM.attributes
                0x000006b5       0x2d c:/users/fascinating_sea/.eide/tools/gcc_arm/bin/../lib/gcc/arm-none-eabi/10.2.1/../../../../arm-none-eabi/lib/thumb/v7-m/nofp\libc_nano.a(lib_a-closer.o)
 .ARM.attributes
                0x000006e2       0x2d c:/users/fascinating_sea/.eide/tools/gcc_arm/bin/../lib/gcc/arm-none-eabi/10.2.1/../../../../arm-none-eabi/lib/thumb/v7-m/nofp\libc_nano.a(lib_a-fstatr.o)
 .ARM.attributes
                0x0000070f       0x2d c:/users/fascinating_sea/.eide/tools/gcc_arm/bin/../lib/gcc/arm-none-eabi/10.2.1/../../../../arm-none-eabi/lib/thumb/v7-m/nofp\libc_nano.a(lib_a-isattyr.o)
 .ARM.attributes
                0x0000073c       0x2d c:/users/fascinating_sea/.eide/tools/gcc_arm/bin/../lib/gcc/arm-none-eabi/10.2.1/../../../../arm-none-eabi/lib/thumb/v7-m/nofp\libc_nano.a(lib_a-lseekr.o)
 .ARM.attributes
                0x00000769       0x2d c:/users/fascinating_sea/.eide/tools/gcc_arm/bin/../lib/gcc/arm-none-eabi/10.2.1/../../../../arm-none-eabi/lib/thumb/v7-m/nofp\libc_nano.a(lib_a-readr.o)
 .ARM.attributes
                0x00000796       0x2d CMakeFiles/plane_remote_control.dir/Core/Src/main.c.obj
 .ARM.attributes
                0x000007c3       0x2d CMakeFiles/plane_remote_control.dir/Core/Src/gpio.c.obj
 .ARM.attributes
                0x000007f0       0x2d CMakeFiles/plane_remote_control.dir/Core/Src/spi.c.obj
 .ARM.attributes
                0x0000081d       0x2d CMakeFiles/plane_remote_control.dir/Core/Src/stm32f1xx_it.c.obj
 .ARM.attributes
                0x0000084a       0x2d CMakeFiles/plane_remote_control.dir/Core/Src/stm32f1xx_hal_msp.c.obj
 .ARM.attributes
                0x00000877       0x2d CMakeFiles/plane_remote_control.dir/Core/Src/sysmem.c.obj
 .ARM.attributes
                0x000008a4       0x2d CMakeFiles/plane_remote_control.dir/Core/Src/syscalls.c.obj
 .ARM.attributes
                0x000008d1       0x21 CMakeFiles/plane_remote_control.dir/startup_stm32f103xb.s.obj
 .ARM.attributes
                0x000008f2       0x2d CMakeFiles/plane_remote_control.dir/App/utils/utils.c.obj
 .ARM.attributes
                0x0000091f       0x2d CMakeFiles/plane_remote_control.dir/Bsp/gpio/bsp_gpio.c.obj
 .ARM.attributes
                0x0000094c       0x2d CMakeFiles/plane_remote_control.dir/Modules/led/led.c.obj
 .ARM.attributes
                0x00000979       0x2d CMakeFiles/plane_remote_control.dir/Modules/beep/beep.c.obj
 .ARM.attributes
                0x000009a6       0x2d CMakeFiles/plane_remote_control.dir/Modules/key/key.c.obj
 .ARM.attributes
                0x000009d3       0x2d CMakeFiles/plane_remote_control.dir/Modules/nrf24l01/nrf24l01.c.obj
 .ARM.attributes
                0x00000a00       0x2d cmake/stm32cubemx/CMakeFiles/STM32_Drivers.dir/__/__/Core/Src/system_stm32f1xx.c.obj
 .ARM.attributes
                0x00000a2d       0x2d cmake/stm32cubemx/CMakeFiles/STM32_Drivers.dir/__/__/Drivers/STM32F1xx_HAL_Driver/Src/stm32f1xx_hal_spi.c.obj
 .ARM.attributes
                0x00000a5a       0x2d cmake/stm32cubemx/CMakeFiles/STM32_Drivers.dir/__/__/Drivers/STM32F1xx_HAL_Driver/Src/stm32f1xx_hal.c.obj
 .ARM.attributes
                0x00000a87       0x2d cmake/stm32cubemx/CMakeFiles/STM32_Drivers.dir/__/__/Drivers/STM32F1xx_HAL_Driver/Src/stm32f1xx_hal_rcc.c.obj
 .ARM.attributes
                0x00000ab4       0x2d cmake/stm32cubemx/CMakeFiles/STM32_Drivers.dir/__/__/Drivers/STM32F1xx_HAL_Driver/Src/stm32f1xx_hal_gpio.c.obj
 .ARM.attributes
                0x00000ae1       0x2d cmake/stm32cubemx/CMakeFiles/STM32_Drivers.dir/__/__/Drivers/STM32F1xx_HAL_Driver/Src/stm32f1xx_hal_cortex.c.obj
 .ARM.attributes
                0x00000b0e       0x1d c:/users/fascinating_sea/.eide/tools/gcc_arm/bin/../lib/gcc/arm-none-eabi/10.2.1/thumb/v7-m/nofp\libgcc.a(_arm_addsubdf3.o)
 .ARM.attributes
                0x00000b2b       0x1d c:/users/fascinating_sea/.eide/tools/gcc_arm/bin/../lib/gcc/arm-none-eabi/10.2.1/thumb/v7-m/nofp\libgcc.a(_arm_muldivdf3.o)
 .ARM.attributes
                0x00000b48       0x1d c:/users/fascinating_sea/.eide/tools/gcc_arm/bin/../lib/gcc/arm-none-eabi/10.2.1/thumb/v7-m/nofp\libgcc.a(_arm_cmpdf2.o)
 .ARM.attributes
                0x00000b65       0x1d c:/users/fascinating_sea/.eide/tools/gcc_arm/bin/../lib/gcc/arm-none-eabi/10.2.1/thumb/v7-m/nofp\libgcc.a(_arm_unorddf2.o)
 .ARM.attributes
                0x00000b82       0x1d c:/users/fascinating_sea/.eide/tools/gcc_arm/bin/../lib/gcc/arm-none-eabi/10.2.1/thumb/v7-m/nofp\libgcc.a(_arm_fixdfsi.o)
 .ARM.attributes
                0x00000b9f       0x2d c:/users/fascinating_sea/.eide/tools/gcc_arm/bin/../lib/gcc/arm-none-eabi/10.2.1/../../../../arm-none-eabi/lib/thumb/v7-m/nofp\libg_nano.a(lib_a-errno.o)
 .ARM.attributes
                0x00000bcc       0x1d c:/users/fascinating_sea/.eide/tools/gcc_arm/bin/../lib/gcc/arm-none-eabi/10.2.1/thumb/v7-m/nofp/crtn.o

.comment        0x00000000       0x4d
 .comment       0x00000000       0x4d CMakeFiles/plane_remote_control.dir/Core/Src/main.c.obj
                                 0x4e (size before relaxing)
 .comment       0x0000004d       0x4e CMakeFiles/plane_remote_control.dir/Core/Src/gpio.c.obj
 .comment       0x0000004d       0x4e CMakeFiles/plane_remote_control.dir/Core/Src/spi.c.obj
 .comment       0x0000004d       0x4e CMakeFiles/plane_remote_control.dir/Core/Src/stm32f1xx_it.c.obj
 .comment       0x0000004d       0x4e CMakeFiles/plane_remote_control.dir/Core/Src/stm32f1xx_hal_msp.c.obj
 .comment       0x0000004d       0x4e CMakeFiles/plane_remote_control.dir/Core/Src/sysmem.c.obj
 .comment       0x0000004d       0x4e CMakeFiles/plane_remote_control.dir/Core/Src/syscalls.c.obj
 .comment       0x0000004d       0x4e CMakeFiles/plane_remote_control.dir/App/utils/utils.c.obj
 .comment       0x0000004d       0x4e CMakeFiles/plane_remote_control.dir/Bsp/gpio/bsp_gpio.c.obj
 .comment       0x0000004d       0x4e CMakeFiles/plane_remote_control.dir/Modules/led/led.c.obj
 .comment       0x0000004d       0x4e CMakeFiles/plane_remote_control.dir/Modules/beep/beep.c.obj
 .comment       0x0000004d       0x4e CMakeFiles/plane_remote_control.dir/Modules/key/key.c.obj
 .comment       0x0000004d       0x4e CMakeFiles/plane_remote_control.dir/Modules/nrf24l01/nrf24l01.c.obj
 .comment       0x0000004d       0x4e cmake/stm32cubemx/CMakeFiles/STM32_Drivers.dir/__/__/Core/Src/system_stm32f1xx.c.obj
 .comment       0x0000004d       0x4e cmake/stm32cubemx/CMakeFiles/STM32_Drivers.dir/__/__/Drivers/STM32F1xx_HAL_Driver/Src/stm32f1xx_hal_spi.c.obj
 .comment       0x0000004d       0x4e cmake/stm32cubemx/CMakeFiles/STM32_Drivers.dir/__/__/Drivers/STM32F1xx_HAL_Driver/Src/stm32f1xx_hal.c.obj
 .comment       0x0000004d       0x4e cmake/stm32cubemx/CMakeFiles/STM32_Drivers.dir/__/__/Drivers/STM32F1xx_HAL_Driver/Src/stm32f1xx_hal_rcc.c.obj
 .comment       0x0000004d       0x4e cmake/stm32cubemx/CMakeFiles/STM32_Drivers.dir/__/__/Drivers/STM32F1xx_HAL_Driver/Src/stm32f1xx_hal_gpio.c.obj
 .comment       0x0000004d       0x4e cmake/stm32cubemx/CMakeFiles/STM32_Drivers.dir/__/__/Drivers/STM32F1xx_HAL_Driver/Src/stm32f1xx_hal_cortex.c.obj

.debug_frame    0x00000000     0x2d9c
 .debug_frame   0x00000000       0x2c c:/users/fascinating_sea/.eide/tools/gcc_arm/bin/../lib/gcc/arm-none-eabi/10.2.1/../../../../arm-none-eabi/lib/thumb/v7-m/nofp\libc_nano.a(lib_a-init.o)
 .debug_frame   0x0000002c       0x20 c:/users/fascinating_sea/.eide/tools/gcc_arm/bin/../lib/gcc/arm-none-eabi/10.2.1/../../../../arm-none-eabi/lib/thumb/v7-m/nofp\libc_nano.a(lib_a-memset.o)
 .debug_frame   0x0000004c       0x94 c:/users/fascinating_sea/.eide/tools/gcc_arm/bin/../lib/gcc/arm-none-eabi/10.2.1/../../../../arm-none-eabi/lib/thumb/v7-m/nofp\libc_nano.a(lib_a-nano-vfprintf_float.o)
 .debug_frame   0x000000e0       0x60 c:/users/fascinating_sea/.eide/tools/gcc_arm/bin/../lib/gcc/arm-none-eabi/10.2.1/../../../../arm-none-eabi/lib/thumb/v7-m/nofp\libc_nano.a(lib_a-nano-vfprintf_i.o)
 .debug_frame   0x00000140       0x6c c:/users/fascinating_sea/.eide/tools/gcc_arm/bin/../lib/gcc/arm-none-eabi/10.2.1/../../../../arm-none-eabi/lib/thumb/v7-m/nofp\libc_nano.a(lib_a-dtoa.o)
 .debug_frame   0x000001ac       0x40 c:/users/fascinating_sea/.eide/tools/gcc_arm/bin/../lib/gcc/arm-none-eabi/10.2.1/../../../../arm-none-eabi/lib/thumb/v7-m/nofp\libc_nano.a(lib_a-localeconv.o)
 .debug_frame   0x000001ec       0x30 c:/users/fascinating_sea/.eide/tools/gcc_arm/bin/../lib/gcc/arm-none-eabi/10.2.1/../../../../arm-none-eabi/lib/thumb/v7-m/nofp\libc_nano.a(lib_a-malloc.o)
 .debug_frame   0x0000021c       0x28 c:/users/fascinating_sea/.eide/tools/gcc_arm/bin/../lib/gcc/arm-none-eabi/10.2.1/../../../../arm-none-eabi/lib/thumb/v7-m/nofp\libc_nano.a(lib_a-memchr-stub.o)
 .debug_frame   0x00000244       0x28 c:/users/fascinating_sea/.eide/tools/gcc_arm/bin/../lib/gcc/arm-none-eabi/10.2.1/../../../../arm-none-eabi/lib/thumb/v7-m/nofp\libc_nano.a(lib_a-memcpy-stub.o)
 .debug_frame   0x0000026c      0x254 c:/users/fascinating_sea/.eide/tools/gcc_arm/bin/../lib/gcc/arm-none-eabi/10.2.1/../../../../arm-none-eabi/lib/thumb/v7-m/nofp\libc_nano.a(lib_a-mprec.o)
 .debug_frame   0x000004c0       0x2c c:/users/fascinating_sea/.eide/tools/gcc_arm/bin/../lib/gcc/arm-none-eabi/10.2.1/../../../../arm-none-eabi/lib/thumb/v7-m/nofp\libc_nano.a(lib_a-nano-callocr.o)
 .debug_frame   0x000004ec       0x38 c:/users/fascinating_sea/.eide/tools/gcc_arm/bin/../lib/gcc/arm-none-eabi/10.2.1/../../../../arm-none-eabi/lib/thumb/v7-m/nofp\libc_nano.a(lib_a-nano-freer.o)
 .debug_frame   0x00000524       0x30 c:/users/fascinating_sea/.eide/tools/gcc_arm/bin/../lib/gcc/arm-none-eabi/10.2.1/../../../../arm-none-eabi/lib/thumb/v7-m/nofp\libc_nano.a(lib_a-nano-mallocr.o)
 .debug_frame   0x00000554       0x2c c:/users/fascinating_sea/.eide/tools/gcc_arm/bin/../lib/gcc/arm-none-eabi/10.2.1/../../../../arm-none-eabi/lib/thumb/v7-m/nofp\libc_nano.a(lib_a-sbrkr.o)
 .debug_frame   0x00000580       0x40 c:/users/fascinating_sea/.eide/tools/gcc_arm/bin/../lib/gcc/arm-none-eabi/10.2.1/../../../../arm-none-eabi/lib/thumb/v7-m/nofp\libc_nano.a(lib_a-assert.o)
 .debug_frame   0x000005c0       0x64 c:/users/fascinating_sea/.eide/tools/gcc_arm/bin/../lib/gcc/arm-none-eabi/10.2.1/../../../../arm-none-eabi/lib/thumb/v7-m/nofp\libc_nano.a(lib_a-fprintf.o)
 .debug_frame   0x00000624       0x48 c:/users/fascinating_sea/.eide/tools/gcc_arm/bin/../lib/gcc/arm-none-eabi/10.2.1/../../../../arm-none-eabi/lib/thumb/v7-m/nofp\libc_nano.a(lib_a-locale.o)
 .debug_frame   0x0000066c       0x48 c:/users/fascinating_sea/.eide/tools/gcc_arm/bin/../lib/gcc/arm-none-eabi/10.2.1/../../../../arm-none-eabi/lib/thumb/v7-m/nofp\libc_nano.a(lib_a-mbtowc_r.o)
 .debug_frame   0x000006b4       0x30 c:/users/fascinating_sea/.eide/tools/gcc_arm/bin/../lib/gcc/arm-none-eabi/10.2.1/../../../../arm-none-eabi/lib/thumb/v7-m/nofp\libc_nano.a(lib_a-mlock.o)
 .debug_frame   0x000006e4       0xac c:/users/fascinating_sea/.eide/tools/gcc_arm/bin/../lib/gcc/arm-none-eabi/10.2.1/../../../../arm-none-eabi/lib/thumb/v7-m/nofp\libc_nano.a(lib_a-nano-vfprintf.o)
 .debug_frame   0x00000790       0x5c c:/users/fascinating_sea/.eide/tools/gcc_arm/bin/../lib/gcc/arm-none-eabi/10.2.1/../../../../arm-none-eabi/lib/thumb/v7-m/nofp\libc_nano.a(lib_a-reent.o)
 .debug_frame   0x000007ec       0x40 c:/users/fascinating_sea/.eide/tools/gcc_arm/bin/../lib/gcc/arm-none-eabi/10.2.1/../../../../arm-none-eabi/lib/thumb/v7-m/nofp\libc_nano.a(lib_a-wbuf.o)
 .debug_frame   0x0000082c       0x3c c:/users/fascinating_sea/.eide/tools/gcc_arm/bin/../lib/gcc/arm-none-eabi/10.2.1/../../../../arm-none-eabi/lib/thumb/v7-m/nofp\libc_nano.a(lib_a-wctomb_r.o)
 .debug_frame   0x00000868       0x2c c:/users/fascinating_sea/.eide/tools/gcc_arm/bin/../lib/gcc/arm-none-eabi/10.2.1/../../../../arm-none-eabi/lib/thumb/v7-m/nofp\libc_nano.a(lib_a-wsetup.o)
 .debug_frame   0x00000894       0x28 c:/users/fascinating_sea/.eide/tools/gcc_arm/bin/../lib/gcc/arm-none-eabi/10.2.1/../../../../arm-none-eabi/lib/thumb/v7-m/nofp\libc_nano.a(lib_a-abort.o)
 .debug_frame   0x000008bc       0x5c c:/users/fascinating_sea/.eide/tools/gcc_arm/bin/../lib/gcc/arm-none-eabi/10.2.1/../../../../arm-none-eabi/lib/thumb/v7-m/nofp\libc_nano.a(lib_a-fflush.o)
 .debug_frame   0x00000918      0x14c c:/users/fascinating_sea/.eide/tools/gcc_arm/bin/../lib/gcc/arm-none-eabi/10.2.1/../../../../arm-none-eabi/lib/thumb/v7-m/nofp\libc_nano.a(lib_a-findfp.o)
 .debug_frame   0x00000a64       0x54 c:/users/fascinating_sea/.eide/tools/gcc_arm/bin/../lib/gcc/arm-none-eabi/10.2.1/../../../../arm-none-eabi/lib/thumb/v7-m/nofp\libc_nano.a(lib_a-fwalk.o)
 .debug_frame   0x00000ab8       0xb0 c:/users/fascinating_sea/.eide/tools/gcc_arm/bin/../lib/gcc/arm-none-eabi/10.2.1/../../../../arm-none-eabi/lib/thumb/v7-m/nofp\libc_nano.a(lib_a-lock.o)
 .debug_frame   0x00000b68       0x58 c:/users/fascinating_sea/.eide/tools/gcc_arm/bin/../lib/gcc/arm-none-eabi/10.2.1/../../../../arm-none-eabi/lib/thumb/v7-m/nofp\libc_nano.a(lib_a-makebuf.o)
 .debug_frame   0x00000bc0       0xcc c:/users/fascinating_sea/.eide/tools/gcc_arm/bin/../lib/gcc/arm-none-eabi/10.2.1/../../../../arm-none-eabi/lib/thumb/v7-m/nofp\libc_nano.a(lib_a-signal.o)
 .debug_frame   0x00000c8c       0x3c c:/users/fascinating_sea/.eide/tools/gcc_arm/bin/../lib/gcc/arm-none-eabi/10.2.1/../../../../arm-none-eabi/lib/thumb/v7-m/nofp\libc_nano.a(lib_a-signalr.o)
 .debug_frame   0x00000cc8       0x88 c:/users/fascinating_sea/.eide/tools/gcc_arm/bin/../lib/gcc/arm-none-eabi/10.2.1/../../../../arm-none-eabi/lib/thumb/v7-m/nofp\libc_nano.a(lib_a-stdio.o)
 .debug_frame   0x00000d50       0x2c c:/users/fascinating_sea/.eide/tools/gcc_arm/bin/../lib/gcc/arm-none-eabi/10.2.1/../../../../arm-none-eabi/lib/thumb/v7-m/nofp\libc_nano.a(lib_a-writer.o)
 .debug_frame   0x00000d7c       0x2c c:/users/fascinating_sea/.eide/tools/gcc_arm/bin/../lib/gcc/arm-none-eabi/10.2.1/../../../../arm-none-eabi/lib/thumb/v7-m/nofp\libc_nano.a(lib_a-closer.o)
 .debug_frame   0x00000da8       0x2c c:/users/fascinating_sea/.eide/tools/gcc_arm/bin/../lib/gcc/arm-none-eabi/10.2.1/../../../../arm-none-eabi/lib/thumb/v7-m/nofp\libc_nano.a(lib_a-fstatr.o)
 .debug_frame   0x00000dd4       0x2c c:/users/fascinating_sea/.eide/tools/gcc_arm/bin/../lib/gcc/arm-none-eabi/10.2.1/../../../../arm-none-eabi/lib/thumb/v7-m/nofp\libc_nano.a(lib_a-isattyr.o)
 .debug_frame   0x00000e00       0x2c c:/users/fascinating_sea/.eide/tools/gcc_arm/bin/../lib/gcc/arm-none-eabi/10.2.1/../../../../arm-none-eabi/lib/thumb/v7-m/nofp\libc_nano.a(lib_a-lseekr.o)
 .debug_frame   0x00000e2c       0x2c c:/users/fascinating_sea/.eide/tools/gcc_arm/bin/../lib/gcc/arm-none-eabi/10.2.1/../../../../arm-none-eabi/lib/thumb/v7-m/nofp\libc_nano.a(lib_a-readr.o)
 .debug_frame   0x00000e58       0x68 CMakeFiles/plane_remote_control.dir/Core/Src/main.c.obj
 .debug_frame   0x00000ec0       0x34 CMakeFiles/plane_remote_control.dir/Core/Src/gpio.c.obj
 .debug_frame   0x00000ef4       0x74 CMakeFiles/plane_remote_control.dir/Core/Src/spi.c.obj
 .debug_frame   0x00000f68      0x104 CMakeFiles/plane_remote_control.dir/Core/Src/stm32f1xx_it.c.obj
 .debug_frame   0x0000106c       0x38 CMakeFiles/plane_remote_control.dir/Core/Src/stm32f1xx_hal_msp.c.obj
 .debug_frame   0x000010a4       0x34 CMakeFiles/plane_remote_control.dir/Core/Src/sysmem.c.obj
 .debug_frame   0x000010d8      0x2ac CMakeFiles/plane_remote_control.dir/Core/Src/syscalls.c.obj
 .debug_frame   0x00001384       0x74 CMakeFiles/plane_remote_control.dir/App/utils/utils.c.obj
 .debug_frame   0x000013f8       0x80 CMakeFiles/plane_remote_control.dir/Bsp/gpio/bsp_gpio.c.obj
 .debug_frame   0x00001478      0x108 CMakeFiles/plane_remote_control.dir/Modules/led/led.c.obj
 .debug_frame   0x00001580       0xa0 CMakeFiles/plane_remote_control.dir/Modules/beep/beep.c.obj
 .debug_frame   0x00001620       0xa0 CMakeFiles/plane_remote_control.dir/Modules/key/key.c.obj
 .debug_frame   0x000016c0      0x17c CMakeFiles/plane_remote_control.dir/Modules/nrf24l01/nrf24l01.c.obj
 .debug_frame   0x0000183c       0x58 cmake/stm32cubemx/CMakeFiles/STM32_Drivers.dir/__/__/Core/Src/system_stm32f1xx.c.obj
 .debug_frame   0x00001894      0x824 cmake/stm32cubemx/CMakeFiles/STM32_Drivers.dir/__/__/Drivers/STM32F1xx_HAL_Driver/Src/stm32f1xx_hal_spi.c.obj
 .debug_frame   0x000020b8      0x334 cmake/stm32cubemx/CMakeFiles/STM32_Drivers.dir/__/__/Drivers/STM32F1xx_HAL_Driver/Src/stm32f1xx_hal.c.obj
 .debug_frame   0x000023ec      0x218 cmake/stm32cubemx/CMakeFiles/STM32_Drivers.dir/__/__/Drivers/STM32F1xx_HAL_Driver/Src/stm32f1xx_hal_rcc.c.obj
 .debug_frame   0x00002604      0x14c cmake/stm32cubemx/CMakeFiles/STM32_Drivers.dir/__/__/Drivers/STM32F1xx_HAL_Driver/Src/stm32f1xx_hal_gpio.c.obj
 .debug_frame   0x00002750      0x428 cmake/stm32cubemx/CMakeFiles/STM32_Drivers.dir/__/__/Drivers/STM32F1xx_HAL_Driver/Src/stm32f1xx_hal_cortex.c.obj
 .debug_frame   0x00002b78       0xac c:/users/fascinating_sea/.eide/tools/gcc_arm/bin/../lib/gcc/arm-none-eabi/10.2.1/thumb/v7-m/nofp\libgcc.a(_arm_addsubdf3.o)
 .debug_frame   0x00002c24       0x50 c:/users/fascinating_sea/.eide/tools/gcc_arm/bin/../lib/gcc/arm-none-eabi/10.2.1/thumb/v7-m/nofp\libgcc.a(_arm_muldivdf3.o)
 .debug_frame   0x00002c74       0xc4 c:/users/fascinating_sea/.eide/tools/gcc_arm/bin/../lib/gcc/arm-none-eabi/10.2.1/thumb/v7-m/nofp\libgcc.a(_arm_cmpdf2.o)
 .debug_frame   0x00002d38       0x20 c:/users/fascinating_sea/.eide/tools/gcc_arm/bin/../lib/gcc/arm-none-eabi/10.2.1/thumb/v7-m/nofp\libgcc.a(_arm_unorddf2.o)
 .debug_frame   0x00002d58       0x24 c:/users/fascinating_sea/.eide/tools/gcc_arm/bin/../lib/gcc/arm-none-eabi/10.2.1/thumb/v7-m/nofp\libgcc.a(_arm_fixdfsi.o)
 .debug_frame   0x00002d7c       0x20 c:/users/fascinating_sea/.eide/tools/gcc_arm/bin/../lib/gcc/arm-none-eabi/10.2.1/../../../../arm-none-eabi/lib/thumb/v7-m/nofp\libg_nano.a(lib_a-errno.o)

.debug_info     0x00000000     0x6aaf
 .debug_info    0x00000000      0x245 CMakeFiles/plane_remote_control.dir/Core/Src/main.c.obj
 .debug_info    0x00000245      0x2c0 CMakeFiles/plane_remote_control.dir/Core/Src/gpio.c.obj
 .debug_info    0x00000505      0x7d5 CMakeFiles/plane_remote_control.dir/Core/Src/spi.c.obj
 .debug_info    0x00000cda      0x119 CMakeFiles/plane_remote_control.dir/Core/Src/stm32f1xx_it.c.obj
 .debug_info    0x00000df3      0x210 CMakeFiles/plane_remote_control.dir/Core/Src/stm32f1xx_hal_msp.c.obj
 .debug_info    0x00001003      0x15f CMakeFiles/plane_remote_control.dir/Core/Src/sysmem.c.obj
 .debug_info    0x00001162      0x6bd CMakeFiles/plane_remote_control.dir/Core/Src/syscalls.c.obj
 .debug_info    0x0000181f       0x22 CMakeFiles/plane_remote_control.dir/startup_stm32f103xb.s.obj
 .debug_info    0x00001841      0x1ca CMakeFiles/plane_remote_control.dir/App/utils/utils.c.obj
 .debug_info    0x00001a0b      0x3d1 CMakeFiles/plane_remote_control.dir/Bsp/gpio/bsp_gpio.c.obj
 .debug_info    0x00001ddc      0x41f CMakeFiles/plane_remote_control.dir/Modules/led/led.c.obj
 .debug_info    0x000021fb      0x37b CMakeFiles/plane_remote_control.dir/Modules/beep/beep.c.obj
 .debug_info    0x00002576      0x40f CMakeFiles/plane_remote_control.dir/Modules/key/key.c.obj
 .debug_info    0x00002985      0x9ac CMakeFiles/plane_remote_control.dir/Modules/nrf24l01/nrf24l01.c.obj
 .debug_info    0x00003331      0x23d cmake/stm32cubemx/CMakeFiles/STM32_Drivers.dir/__/__/Core/Src/system_stm32f1xx.c.obj
 .debug_info    0x0000356e     0x150d cmake/stm32cubemx/CMakeFiles/STM32_Drivers.dir/__/__/Drivers/STM32F1xx_HAL_Driver/Src/stm32f1xx_hal_spi.c.obj
 .debug_info    0x00004a7b      0x6e1 cmake/stm32cubemx/CMakeFiles/STM32_Drivers.dir/__/__/Drivers/STM32F1xx_HAL_Driver/Src/stm32f1xx_hal.c.obj
 .debug_info    0x0000515c      0x81e cmake/stm32cubemx/CMakeFiles/STM32_Drivers.dir/__/__/Drivers/STM32F1xx_HAL_Driver/Src/stm32f1xx_hal_rcc.c.obj
 .debug_info    0x0000597a      0x615 cmake/stm32cubemx/CMakeFiles/STM32_Drivers.dir/__/__/Drivers/STM32F1xx_HAL_Driver/Src/stm32f1xx_hal_gpio.c.obj
 .debug_info    0x00005f8f      0xb20 cmake/stm32cubemx/CMakeFiles/STM32_Drivers.dir/__/__/Drivers/STM32F1xx_HAL_Driver/Src/stm32f1xx_hal_cortex.c.obj

.debug_abbrev   0x00000000     0x1ba6
 .debug_abbrev  0x00000000      0x11f CMakeFiles/plane_remote_control.dir/Core/Src/main.c.obj
 .debug_abbrev  0x0000011f      0x10f CMakeFiles/plane_remote_control.dir/Core/Src/gpio.c.obj
 .debug_abbrev  0x0000022e      0x196 CMakeFiles/plane_remote_control.dir/Core/Src/spi.c.obj
 .debug_abbrev  0x000003c4       0x61 CMakeFiles/plane_remote_control.dir/Core/Src/stm32f1xx_it.c.obj
 .debug_abbrev  0x00000425       0xd4 CMakeFiles/plane_remote_control.dir/Core/Src/stm32f1xx_hal_msp.c.obj
 .debug_abbrev  0x000004f9       0xa6 CMakeFiles/plane_remote_control.dir/Core/Src/sysmem.c.obj
 .debug_abbrev  0x0000059f      0x187 CMakeFiles/plane_remote_control.dir/Core/Src/syscalls.c.obj
 .debug_abbrev  0x00000726       0x12 CMakeFiles/plane_remote_control.dir/startup_stm32f103xb.s.obj
 .debug_abbrev  0x00000738       0xc2 CMakeFiles/plane_remote_control.dir/App/utils/utils.c.obj
 .debug_abbrev  0x000007fa      0x145 CMakeFiles/plane_remote_control.dir/Bsp/gpio/bsp_gpio.c.obj
 .debug_abbrev  0x0000093f      0x16f CMakeFiles/plane_remote_control.dir/Modules/led/led.c.obj
 .debug_abbrev  0x00000aae      0x132 CMakeFiles/plane_remote_control.dir/Modules/beep/beep.c.obj
 .debug_abbrev  0x00000be0      0x184 CMakeFiles/plane_remote_control.dir/Modules/key/key.c.obj
 .debug_abbrev  0x00000d64      0x1fd CMakeFiles/plane_remote_control.dir/Modules/nrf24l01/nrf24l01.c.obj
 .debug_abbrev  0x00000f61      0x13b cmake/stm32cubemx/CMakeFiles/STM32_Drivers.dir/__/__/Core/Src/system_stm32f1xx.c.obj
 .debug_abbrev  0x0000109c      0x23a cmake/stm32cubemx/CMakeFiles/STM32_Drivers.dir/__/__/Drivers/STM32F1xx_HAL_Driver/Src/stm32f1xx_hal_spi.c.obj
 .debug_abbrev  0x000012d6      0x1c8 cmake/stm32cubemx/CMakeFiles/STM32_Drivers.dir/__/__/Drivers/STM32F1xx_HAL_Driver/Src/stm32f1xx_hal.c.obj
 .debug_abbrev  0x0000149e      0x260 cmake/stm32cubemx/CMakeFiles/STM32_Drivers.dir/__/__/Drivers/STM32F1xx_HAL_Driver/Src/stm32f1xx_hal_rcc.c.obj
 .debug_abbrev  0x000016fe      0x1bb cmake/stm32cubemx/CMakeFiles/STM32_Drivers.dir/__/__/Drivers/STM32F1xx_HAL_Driver/Src/stm32f1xx_hal_gpio.c.obj
 .debug_abbrev  0x000018b9      0x2ed cmake/stm32cubemx/CMakeFiles/STM32_Drivers.dir/__/__/Drivers/STM32F1xx_HAL_Driver/Src/stm32f1xx_hal_cortex.c.obj

.debug_aranges  0x00000000      0x838
 .debug_aranges
                0x00000000       0x30 CMakeFiles/plane_remote_control.dir/Core/Src/main.c.obj
 .debug_aranges
                0x00000030       0x20 CMakeFiles/plane_remote_control.dir/Core/Src/gpio.c.obj
 .debug_aranges
                0x00000050       0x30 CMakeFiles/plane_remote_control.dir/Core/Src/spi.c.obj
 .debug_aranges
                0x00000080       0x60 CMakeFiles/plane_remote_control.dir/Core/Src/stm32f1xx_it.c.obj
 .debug_aranges
                0x000000e0       0x20 CMakeFiles/plane_remote_control.dir/Core/Src/stm32f1xx_hal_msp.c.obj
 .debug_aranges
                0x00000100       0x20 CMakeFiles/plane_remote_control.dir/Core/Src/sysmem.c.obj
 .debug_aranges
                0x00000120       0xa8 CMakeFiles/plane_remote_control.dir/Core/Src/syscalls.c.obj
 .debug_aranges
                0x000001c8       0x28 CMakeFiles/plane_remote_control.dir/startup_stm32f103xb.s.obj
 .debug_aranges
                0x000001f0       0x30 CMakeFiles/plane_remote_control.dir/App/utils/utils.c.obj
 .debug_aranges
                0x00000220       0x30 CMakeFiles/plane_remote_control.dir/Bsp/gpio/bsp_gpio.c.obj
 .debug_aranges
                0x00000250       0x50 CMakeFiles/plane_remote_control.dir/Modules/led/led.c.obj
 .debug_aranges
                0x000002a0       0x38 CMakeFiles/plane_remote_control.dir/Modules/beep/beep.c.obj
 .debug_aranges
                0x000002d8       0x38 CMakeFiles/plane_remote_control.dir/Modules/key/key.c.obj
 .debug_aranges
                0x00000310       0x68 CMakeFiles/plane_remote_control.dir/Modules/nrf24l01/nrf24l01.c.obj
 .debug_aranges
                0x00000378       0x28 cmake/stm32cubemx/CMakeFiles/STM32_Drivers.dir/__/__/Core/Src/system_stm32f1xx.c.obj
 .debug_aranges